Archive member included to satisfy reference by file (symbol)

C:/devkitPro/portlibs/3ds/lib\libmad.a(stream.o)
                              main.o (mad_stream_init)
C:/devkitPro/portlibs/3ds/lib\libmad.a(frame.o)
                              main.o (mad_frame_finish)
C:/devkitPro/portlibs/3ds/lib\libmad.a(synth.o)
                              main.o (mad_synth_init)
C:/devkitPro/portlibs/3ds/lib\libmad.a(layer12.o)
                              C:/devkitPro/portlibs/3ds/lib\libmad.a(frame.o) (mad_layer_I)
C:/devkitPro/portlibs/3ds/lib\libmad.a(layer3.o)
                              C:/devkitPro/portlibs/3ds/lib\libmad.a(frame.o) (mad_layer_III)
C:/devkitPro/portlibs/3ds/lib\libmad.a(huffman.o)
                              C:/devkitPro/portlibs/3ds/lib\libmad.a(layer3.o) (mad_huff_pair_table)
C:/devkitPro/portlibs/3ds/lib\libmad.a(imdct_l_arm.o)
                              C:/devkitPro/portlibs/3ds/lib\libmad.a(layer3.o) (III_imdct_l)
C:/devkitPro/portlibs/3ds/lib\libmad.a(bit.o)
                              C:/devkitPro/portlibs/3ds/lib\libmad.a(stream.o) (mad_bit_init)
C:/devkitPro/portlibs/3ds/lib\libmad.a(timer.o)
                              C:/devkitPro/portlibs/3ds/lib\libmad.a(frame.o) (mad_timer_set)
C:/devkitPro/libctru/lib\libctru.a(linear.o)
                              main.o (linearAlloc)
C:/devkitPro/libctru/lib\libctru.a(mem_pool.o)
                              C:/devkitPro/libctru/lib\libctru.a(linear.o) (MemPool::Allocate(MemChunk&, unsigned long, int))
C:/devkitPro/libctru/lib\libctru.a(gfx.o)
                              main.o (gfxSet3D)
C:/devkitPro/libctru/lib\libctru.a(os.o)
                              main.o (osSetSpeedupEnable)
C:/devkitPro/libctru/lib\libctru.a(romfs_dev.o)
                              main.o (romfsMountSelf)
C:/devkitPro/libctru/lib\libctru.a(thread.o)
                              main.o (threadCreate)
C:/devkitPro/libctru/lib\libctru.a(ndsp.o)
                              main.o (ndspInit)
C:/devkitPro/libctru/lib\libctru.a(ndsp-channel.o)
                              main.o (ndspChnReset)
C:/devkitPro/libctru/lib\libctru.a(apt.o)
                              main.o (aptMainLoop)
C:/devkitPro/libctru/lib\libctru.a(cam.o)
                              main.o (camInit)
C:/devkitPro/libctru/lib\libctru.a(cfgu.o)
                              C:/devkitPro/libctru/lib\libctru.a(ndsp.o) (cfguInit)
C:/devkitPro/libctru/lib\libctru.a(dsp.o)
                              C:/devkitPro/libctru/lib\libctru.a(ndsp.o) (dspInit)
C:/devkitPro/libctru/lib\libctru.a(fs.o)
                              C:/devkitPro/libctru/lib\libctru.a(romfs_dev.o) (FSUSER_OpenFileDirectly)
C:/devkitPro/libctru/lib\libctru.a(gspgpu.o)
                              C:/devkitPro/libctru/lib\libctru.a(gfx.o) (gspInit)
C:/devkitPro/libctru/lib\libctru.a(hid.o)
                              main.o (hidScanInput)
C:/devkitPro/libctru/lib\libctru.a(irrst.o)
                              C:/devkitPro/libctru/lib\libctru.a(hid.o) (irrstInit)
C:/devkitPro/libctru/lib\libctru.a(ptmsysm.o)
                              C:/devkitPro/libctru/lib\libctru.a(os.o) (ptmSysmInit)
C:/devkitPro/libctru/lib\libctru.a(rbtree_find.o)
                              C:/devkitPro/libctru/lib\libctru.a(linear.o) (rbtree_find)
C:/devkitPro/libctru/lib\libctru.a(rbtree_init.o)
                              C:/devkitPro/libctru/lib\libctru.a(linear.o) (rbtree_init)
C:/devkitPro/libctru/lib\libctru.a(rbtree_insert.o)
                              C:/devkitPro/libctru/lib\libctru.a(linear.o) (rbtree_insert)
C:/devkitPro/libctru/lib\libctru.a(rbtree_remove.o)
                              C:/devkitPro/libctru/lib\libctru.a(linear.o) (rbtree_remove)
C:/devkitPro/libctru/lib\libctru.a(rbtree_rotate.o)
                              C:/devkitPro/libctru/lib\libctru.a(rbtree_insert.o) (rbtree_rotate)
C:/devkitPro/libctru/lib\libctru.a(utf16_to_utf8.o)
                              C:/devkitPro/libctru/lib\libctru.a(romfs_dev.o) (utf16_to_utf8)
C:/devkitPro/libctru/lib\libctru.a(utf8_to_utf16.o)
                              C:/devkitPro/libctru/lib\libctru.a(romfs_dev.o) (utf8_to_utf16)
C:/devkitPro/libctru/lib\libctru.a(allocateHeaps.o)
                              C:/devkitPro/libctru/lib\libctru.a(linear.o) (__ctru_linear_heap_size)
C:/devkitPro/libctru/lib\libctru.a(ctru_init.o)
                              C:/devkitPro/libctru/lib\libctru.a(apt.o) (__system_retAddr)
C:/devkitPro/libctru/lib\libctru.a(initArgv.o)
                              C:/devkitPro/libctru/lib\libctru.a(ctru_init.o) (__system_initArgv)
C:/devkitPro/libctru/lib\libctru.a(syscalls.o)
                              C:/devkitPro/libctru/lib\libctru.a(thread.o) (initThreadVars)
C:/devkitPro/libctru/lib\libctru.a(svc.o)
                              C:/devkitPro/libctru/lib\libctru.a(allocateHeaps.o) (svcControlMemory)
C:/devkitPro/libctru/lib\libctru.a(readtp.o)
[...]
Memory Configuration

Name             Origin             Length             Attributes
*default*        0x00000000         0xffffffff

Linker script and memory map

                0x00000000                        __sync_synchronize = __sync_synchronize_dmb
                0x00100000                        PROVIDE (__start__ = 0x100000)
                0x00100000                        . = __start__

.text           0x00100000    0x2c8b4
 *(.crt0)
 .crt0          0x00100000       0x94 C:/devkitPro/devkitARM/bin/../lib/gcc/arm-none-eabi/16.1.0/../../../../arm-none-eabi/lib/armv6k/fpu/3dsx_crt0.o
                0x00100000                _start
                0x00100008                __service_ptr
                0x0010000c                __apt_appid
                0x00100010                __heap_size
                0x00100014                __linear_heap_size
                0x00100018                __system_arglist
                0x0010001c                __system_runflags
 *(.init)
 .init          0x00100094        0xc C:/devkitPro/devkitARM/bin/../lib/gcc/arm-none-eabi/16.1.0/armv6k/fpu/crti.o
                0x00100094                _init
 .init          0x001000a0        0xc C:/devkitPro/devkitARM/bin/../lib/gcc/arm-none-eabi/16.1.0/armv6k/fpu/crtn.o
                0x001000ac                        . = ALIGN (0x4)
 *(.text)
 .text          0x001000ac      0x3d8 C:/devkitPro/portlibs/3ds/lib\libmad.a(stream.o)
                0x001000ac                mad_stream_init
                0x00100104                mad_stream_finish
                0x00100128                mad_stream_buffer
                0x00100154                mad_stream_skip
                0x00100164                mad_stream_sync
                0x001001e8                mad_stream_errorstr
 .text          0x00100484      0x92c C:/devkitPro/portlibs/3ds/lib\libmad.a(frame.o)
                0x001006f8                mad_header_init
                0x0010073c                mad_frame_finish
                0x00100760                mad_header_decode
                0x00100c20                mad_frame_decode
                0x00100cf4                mad_frame_mute
                0x00100d88                mad_frame_init
 .text          0x00100db0     0x174c C:/devkitPro/portlibs/3ds/lib\libmad.a(synth.o)
                0x001023a8                mad_synth_mute
                0x00102428                mad_synth_init
                0x00102450                mad_synth_frame
 .text          0x001024fc      0xd38 C:/devkitPro/portlibs/3ds/lib\libmad.a(layer12.o)
                0x00102628                mad_layer_I
                0x001029f0                mad_layer_II
 .text          0x00103234     0x296c C:/devkitPro/portlibs/3ds/lib\libmad.a(layer3.o)
                0x00105378                mad_layer_III
 .text          0x00105ba0      0x964 C:/devkitPro/portlibs/3ds/lib\libmad.a(imdct_l_arm.o)
                0x00105ba0                III_imdct_l
                0x00105ba0                _III_imdct_l
 .text          0x00106504      0x2ec C:/devkitPro/portlibs/3ds/lib\libmad.a(bit.o)
                0x00106504                mad_bit_init
                0x0010651c                mad_bit_length
                0x00106544                mad_bit_nextbyte
                0x00106558                mad_bit_skip
                0x001065a4                mad_bit_read
                0x00106664                mad_bit_crc
 .text          0x001067f0     0x1048 C:/devkitPro/portlibs/3ds/lib\libmad.a(timer.o)
                0x00106950                mad_timer_compare
                0x001069a4                mad_timer_negate
                0x001069d4                mad_timer_abs
                0x00106a10                mad_timer_set
                0x00106c24                mad_timer_add
                0x00106c94                mad_timer_multiply
                0x00106d24                mad_timer_count
                0x001070c0                mad_timer_fraction
                0x00107130                mad_timer_string
 .text          0x00107838      0x20c C:/devkitPro/devkitARM/bin/../lib/gcc/arm-none-eabi/16.1.0/armv6k/fpu\libgcc.a(_udivsi3.o)
                0x00107838                __aeabi_uidiv
                0x00107838                __udivsi3
                0x00107a24                __aeabi_uidivmod
 .text          0x00107a44      0x240 C:/devkitPro/devkitARM/bin/../lib/gcc/arm-none-eabi/16.1.0/armv6k/fpu\libgcc.a(_divsi3.o)
                0x00107a44                __divsi3
                0x00107a44                __aeabi_idiv
                0x00107c64                __aeabi_idivmod
 .text          0x00107c84        0x4 C:/devkitPro/devkitARM/bin/../lib/gcc/arm-none-eabi/16.1.0/armv6k/fpu\libgcc.a(_dvmd_tls.o)
                0x00107c84                __aeabi_idiv0
                0x00107c84                __aeabi_ldiv0
 .text          0x00107c88      0x3c0 C:/devkitPro/devkitARM/bin/../lib/gcc/arm-none-eabi/16.1.0/armv6k/fpu\libgcc.a(_arm_addsubdf3.o)
                0x00107c88                __aeabi_drsub
                0x00107c90                __aeabi_dsub
                0x00107c90                __subdf3
                0x00107c94                __aeabi_dadd
                0x00107c94                __adddf3
                0x00107f40                __floatunsidf
                0x00107f40                __aeabi_ui2d
                0x00107f64                __floatsidf
                0x00107f64                __aeabi_i2d
                0x00107f8c                __aeabi_f2d
                0x00107f8c                __extendsfdf2
                0x00107fd4                __floatundidf
                0x00107fd4                __aeabi_ul2d
                0x00107fe8                __floatdidf
                0x00107fe8                __aeabi_l2d
 .text          0x00108048       0xd4 C:/devkitPro/devkitARM/bin/../lib/gcc/arm-none-eabi/16.1.0/armv6k/fpu\libgcc.a(_aeabi_ldivmod.o)
                0x00108048                __aeabi_ldivmod
 .text          0x0010811c       0x3c C:/devkitPro/devkitARM/bin/../lib/gcc/arm-none-eabi/16.1.0/armv6k/fpu\libgcc.a(_aeabi_uldivmod.o)
                0x0010811c                __aeabi_uldivmod
 *fill*         0x00108158        0x8 
 .text          0x00108160      0x390 C:/devkitPro/devkitARM/bin/../lib/gcc/arm-none-eabi/16.1.0/../../../../arm-none-eabi/lib/armv6k/fpu\libg.a(libc_a-strcmp.o)
                0x00108168                strcmp
 *(.text.*)
 .text.__do_global_dtors_aux
                0x001084f0       0x50 C:/devkitPro/devkitARM/bin/../lib/gcc/arm-none-eabi/16.1.0/armv6k/fpu/crtbegin.o
 .text.frame_dummy
                0x00108540       0x2c C:/devkitPro/devkitARM/bin/../lib/gcc/arm-none-eabi/16.1.0/armv6k/fpu/crtbegin.o
 .text.startAudioThread.part.0
                0x0010856c       0x50 main.o
 .text.kameraBaslat.part.0
                0x001085bc      0x108 main.o
 .text.kameraKapat.part.0
                0x001086c4       0x5c main.o
 .text.trigInit
                0x00108720       0x90 main.o
                0x00108720                trigInit
 .text.cleanTrackName
                0x001087b0       0xc0 main.o
                0x001087b0                cleanTrackName
 .text.applyEqPreset
                0x00108870      0x100 main.o
                0x00108870                applyEqPreset
 .text.audioProcessSample
                0x00108970      0x150 main.o
                0x00108970                audioProcessSample
 .text.sesKanaliniYenidenBaslat
                0x00108ac0       0xd4 main.o
                0x00108ac0                sesKanaliniYenidenBaslat
 .text.loadDirectory
                0x00108b94      0x488 main.o
                0x00108b94                loadDirectory
 .text.sarkiYukle
                0x0010901c      0x110 main.o
                0x0010901c                sarkiYukle
 .text.audioProducerThread
                0x0010912c      0x398 main.o
                0x0010912c                audioProducerThread
 .text.sarkiZamaniniDegistir
                0x001094c4       0x84 main.o
                0x001094c4                sarkiZamaniniDegistir
 .text.pixelDraw
                0x00109548       0x6c main.o
                0x00109548                pixelDraw
 .text.gfxLine  0x001095b4      0x128 main.o
                0x001095b4                gfxLine
 .text.gfxCircle
                0x001096dc       0xcc main.o
                0x001096dc                gfxCircle
 .text.gfxDisc  0x001097a8      0x11c main.o
                0x001097a8                gfxDisc
 .text.gfxGlowPixel
                0x001098c4       0x9c main.o
                0x001098c4                gfxGlowPixel
 .text.drawGear
                0x00109960      0x31c main.o
                0x00109960                drawGear
 .text.charDraw
                0x00109c7c      0x830 main.o
                0x00109c7c                charDraw
 .text.textDrawCentered
                0x0010a4ac       0xc8 main.o
                0x0010a4ac                textDrawCentered
 .text.quadMixYenile
                0x0010a574       0xb0 main.o
                0x0010a574                quadMixYenile
 .text.rastgeleAnimasyonSec
                0x0010a624      0x150 main.o
                0x0010a624                rastgeleAnimasyonSec
 .text.kameraFrameCek
                0x0010a774      0x120 main.o
                0x0010a774                kameraFrameCek
 .text.drawKenwoodShell
                0x0010a894      0x294 main.o
                0x0010a894                drawKenwoodShell
 .text.drawPerspectiveTunnel
                0x0010ab28      0x604 main.o
                0x0010ab28                drawPerspectiveTunnel
 *fill*         0x0010b12c        0x4 
 .text.drawSpectrumLayer
                0x0010b130     0x11c4 main.o
                0x0010b130                drawSpectrumLayer
 *fill*         0x0010c2f4        0x4 
 .text.drawDolphinAnim
                0x0010c2f8      0x4d0 main.o
                0x0010c2f8                drawDolphinAnim
 .text.drawStarfieldAnim
                0x0010c7c8      0x300 main.o
                0x0010c7c8                drawStarfieldAnim
 .text.drawTapeAnim
                0x0010cac8      0x6c0 main.o
                0x0010cac8                drawTapeAnim
 .text.drawRadarAnim
                0x0010d188      0x57c main.o
                0x0010d188                drawRadarAnim
 *fill*         0x0010d704        0x4 
 .text.drawOscilloscopeAnim
                0x0010d708      0x3b0 main.o
                0x0010d708                drawOscilloscopeAnim
 .text.drawGeneratedCover
                0x0010dab8      0x620 main.o
                0x0010dab8                drawGeneratedCover
 .text.drawCdTop
                0x0010e0d8      0x2e4 main.o
                0x0010e0d8                drawCdTop
 *fill*         0x0010e3bc        0x4 
 .text.drawCdBottom
                0x0010e3c0      0x2e0 main.o
                0x0010e3c0                drawCdBottom
 .text.drawCdInsertTopAnim
                0x0010e6a0       0x80 main.o
                0x0010e6a0                drawCdInsertTopAnim
 .text.vfdQuadMixCizim
                0x0010e720       0xc8 main.o
                0x0010e720                vfdQuadMixCizim
 .text.vfdProsedurelCizim
                0x0010e7e8      0x1e4 main.o
                0x0010e7e8                vfdProsedurelCizim
 .text.drawAnimatedButton
                0x0010e9cc       0xc4 main.o
                0x0010e9cc                drawAnimatedButton
 .text.drawBottomHeader
                0x0010ea90      0x1bc main.o
                0x0010ea90                drawBottomHeader
 .text.drawFileBrowser
                0x0010ec4c      0x4c4 main.o
                0x0010ec4c                drawFileBrowser
 .text.drawSettings
                0x0010f110      0x43c main.o
                0x0010f110                drawSettings
 .text.drawBottomDeck
                0x0010f54c      0x908 main.o
                0x0010f54c                drawBottomDeck
 *fill*         0x0010fe54        0x4 
 .text.renderFrame
                0x0010fe58      0x440 main.o
                0x0010fe58                renderFrame
 .text.adjustSetting
                0x00110298      0x150 main.o
                0x00110298                adjustSetting
 .text.startup.main
                0x001103e8      0xd64 main.o
                0x001103e8                main
 .text._ZL21addrMapNodeComparatorPK11rbtree_nodeS1_
                0x0011114c       0x24 C:/devkitPro/libctru/lib\libctru.a(linear.o)
 .text._ZL21addrMapNodeDestructorP11rbtree_node
                0x00111170        0x4 C:/devkitPro/libctru/lib\libctru.a(linear.o)
 .text.linearMemAlign
                0x00111174      0x12c C:/devkitPro/libctru/lib\libctru.a(linear.o)
                0x00111174                linearMemAlign
 .text.linearAlloc
                0x001112a0        0x8 C:/devkitPro/libctru/lib\libctru.a(linear.o)
                0x001112a0                linearAlloc
 .text.linearFree
                0x001112a8       0x5c C:/devkitPro/libctru/lib\libctru.a(linear.o)
                0x001112a8                linearFree
 .text._ZN7MemPool13CoalesceRightEP8MemBlock
                0x00111304       0x88 C:/devkitPro/libctru/lib\libctru.a(mem_pool.o)
                0x00111304                MemPool::CoalesceRight(MemBlock*)
 .text._ZN7MemPool8AllocateER8MemChunkmi
                0x0011138c      0x178 C:/devkitPro/libctru/lib\libctru.a(mem_pool.o)
                0x0011138c                MemPool::Allocate(MemChunk&, unsigned long, int)
 .text._ZN7MemPool10DeallocateERK8MemChunk
                0x00111504      0x118 C:/devkitPro/libctru/lib\libctru.a(mem_pool.o)
                0x00111504                MemPool::Deallocate(MemChunk const&)
 .text._ZN7MemPool12GetFreeSpaceEv
                0x0011161c       0x30 C:/devkitPro/libctru/lib\libctru.a(mem_pool.o)
                0x0011161c                MemPool::GetFreeSpace()
 .text.gfxPresentFramebuffer
                0x0011164c       0xcc C:/devkitPro/libctru/lib\libctru.a(gfx.o)
 .text.gfxSet3D
                0x00111718       0x10 C:/devkitPro/libctru/lib\libctru.a(gfx.o)
                0x00111718                gfxSet3D
 .text.gfxSetScreenFormat
                0x00111728       0xf8 C:/devkitPro/libctru/lib\libctru.a(gfx.o)
                0x00111728                gfxSetScreenFormat
 .text.gfxSetDoubleBuffering
                0x00111820       0x10 C:/devkitPro/libctru/lib\libctru.a(gfx.o)
                0x00111820                gfxSetDoubleBuffering
 .text.gfxInit  0x00111830       0xd8 C:/devkitPro/libctru/lib\libctru.a(gfx.o)
                0x00111830                gfxInit
 .text.gfxInitDefault
                0x00111908       0x10 C:/devkitPro/libctru/lib\libctru.a(gfx.o)
                0x00111908                gfxInitDefault
 .text.gfxExit  0x00111918       0xb8 C:/devkitPro/libctru/lib\libctru.a(gfx.o)
                0x00111918                gfxExit
 .text.gfxGetFramebuffer
                0x001119d0       0xa0 C:/devkitPro/libctru/lib\libctru.a(gfx.o)
                0x001119d0                gfxGetFramebuffer
 .text.gfxFlushBuffers
                0x00111a70      0x100 C:/devkitPro/libctru/lib\libctru.a(gfx.o)
                0x00111a70                gfxFlushBuffers
 .text.gfxSwapBuffers
                0x00111b70       0x50 C:/devkitPro/libctru/lib\libctru.a(gfx.o)
                0x00111b70                gfxSwapBuffers
 .text.osConvertVirtToPhys
                0x00111bc0       0x74 C:/devkitPro/libctru/lib\libctru.a(os.o)
                0x00111bc0                osConvertVirtToPhys
 .text.osGetTimeRef
                0x00111c34       0x54 C:/devkitPro/libctru/lib\libctru.a(os.o)
                0x00111c34                osGetTimeRef
 .text.osGetTime
                0x00111c88       0xec C:/devkitPro/libctru/lib\libctru.a(os.o)
                0x00111c88                osGetTime
 .text.__ctru_speedup_config
                0x00111d74       0x34 C:/devkitPro/libctru/lib\libctru.a(os.o)
                0x00111d74                __ctru_speedup_config
 .text.osSetSpeedupEnable
                0x00111da8       0x38 C:/devkitPro/libctru/lib\libctru.a(os.o)
                0x00111da8                osSetSpeedupEnable
 .text.romfs_close
                0x00111de0        0x8 C:/devkitPro/libctru/lib\libctru.a(romfs_dev.o)
 .text.romfs_seek
                0x00111de8       0xac C:/devkitPro/libctru/lib\libctru.a(romfs_dev.o)
 .text.romfs_dirreset
                0x00111e94       0x24 C:/devkitPro/libctru/lib\libctru.a(romfs_dev.o)
 .text.fill_dir
                0x00111eb8       0xc0 C:/devkitPro/libctru/lib\libctru.a(romfs_dev.o)
 .text.romfs_dirnext
                0x00111f78      0x2ac C:/devkitPro/libctru/lib\libctru.a(romfs_dev.o)
 .text.romfs_free
                0x00112224       0x74 C:/devkitPro/libctru/lib\libctru.a(romfs_dev.o)
 .text.searchForFile.constprop.0
                0x00112298       0xd0 C:/devkitPro/libctru/lib\libctru.a(romfs_dev.o)
 .text.searchForDir.constprop.0
                0x00112368       0xd4 C:/devkitPro/libctru/lib\libctru.a(romfs_dev.o)
 .text.navigateToDir.constprop.0
                0x0011243c      0x1c0 C:/devkitPro/libctru/lib\libctru.a(romfs_dev.o)
 .text.romfs_open
                0x001125fc      0x114 C:/devkitPro/libctru/lib\libctru.a(romfs_dev.o)
 .text.romfs_chdir
                0x00112710       0x4c C:/devkitPro/libctru/lib\libctru.a(romfs_dev.o)
 .text.romfs_diropen
                0x0011275c       0x68 C:/devkitPro/libctru/lib\libctru.a(romfs_dev.o)
 .text.romfs_stat
                0x001127c4      0x178 C:/devkitPro/libctru/lib\libctru.a(romfs_dev.o)
 .text.romfs_dirclose
                0x0011293c        0x8 C:/devkitPro/libctru/lib\libctru.a(romfs_dev.o)
 *fill*         0x00112944        0x4 
 .text.romfs_fstat
                0x00112948       0x7c C:/devkitPro/libctru/lib\libctru.a(romfs_dev.o)
 .text.romfs_read
                0x001129c4       0xd0 C:/devkitPro/libctru/lib\libctru.a(romfs_dev.o)
 .text.romfsMountFromFile
                0x00112a94      0x294 C:/devkitPro/libctru/lib\libctru.a(romfs_dev.o)
                0x00112a94                romfsMountFromFile
 .text.romfsMountFromCurrentProcess
                0x00112d28       0x98 C:/devkitPro/libctru/lib\libctru.a(romfs_dev.o)
                0x00112d28                romfsMountFromCurrentProcess
 .text.romfsMountSelf
                0x00112dc0      0x258 C:/devkitPro/libctru/lib\libctru.a(romfs_dev.o)
                0x00112dc0                romfsMountSelf
 .text.romfsUnmount
                0x00113018       0xa0 C:/devkitPro/libctru/lib\libctru.a(romfs_dev.o)
                0x00113018                romfsUnmount
 .text.threadCreate
                0x001130b8      0x1fc C:/devkitPro/libctru/lib\libctru.a(thread.o)
                0x001130b8                threadCreate
 .text.threadFree
                0x001132b4       0x38 C:/devkitPro/libctru/lib\libctru.a(thread.o)
                0x001132b4                threadFree
 .text.threadJoin
                0x001132ec       0x24 C:/devkitPro/libctru/lib\libctru.a(thread.o)
                0x001132ec                threadJoin
 .text.threadGetCurrent
                0x00113310       0x30 C:/devkitPro/libctru/lib\libctru.a(thread.o)
                0x00113310                threadGetCurrent
 .text.threadExit
                0x00113340       0x40 C:/devkitPro/libctru/lib\libctru.a(thread.o)
                0x00113340                threadExit
 .text._thread_begin
                0x00113380       0x20 C:/devkitPro/libctru/lib\libctru.a(thread.o)
 .text.ndspUpdateMaster
                0x001133a0      0x158 C:/devkitPro/libctru/lib\libctru.a(ndsp.o)
 .text.ndspFinalize
                0x001134f8      0x108 C:/devkitPro/libctru/lib\libctru.a(ndsp.o)
 .text.ndspInitialize.part.0
                0x00113600      0x25c C:/devkitPro/libctru/lib\libctru.a(ndsp.o)
 .text.ndspHookCallback
                0x0011385c      0x108 C:/devkitPro/libctru/lib\libctru.a(ndsp.o)
 *fill*         0x00113964        0x4 
 .text.ndspThreadMain
                0x00113968      0x318 C:/devkitPro/libctru/lib\libctru.a(ndsp.o)
 .text.ndspInit
                0x00113c80      0x3f0 C:/devkitPro/libctru/lib\libctru.a(ndsp.o)
                0x00113c80                ndspInit
 .text.ndspExit
                0x00114070       0xd8 C:/devkitPro/libctru/lib\libctru.a(ndsp.o)
                0x00114070                ndspExit
 .text.ndspChnReset
                0x00114148       0xe0 C:/devkitPro/libctru/lib\libctru.a(ndsp-channel.o)
                0x00114148                ndspChnReset
 .text.ndspChnSetFormat
                0x00114228       0x18 C:/devkitPro/libctru/lib\libctru.a(ndsp-channel.o)
                0x00114228                ndspChnSetFormat
 .text.ndspChnSetInterp
                0x00114240       0x50 C:/devkitPro/libctru/lib\libctru.a(ndsp-channel.o)
                0x00114240                ndspChnSetInterp
 .text.ndspChnSetRate
                0x00114290       0x60 C:/devkitPro/libctru/lib\libctru.a(ndsp-channel.o)
                0x00114290                ndspChnSetRate
 .text.ndspChnSetMix
                0x001142f0       0x80 C:/devkitPro/libctru/lib\libctru.a(ndsp-channel.o)
                0x001142f0                ndspChnSetMix
 .text.ndspChnWaveBufAdd
                0x00114370       0xc8 C:/devkitPro/libctru/lib\libctru.a(ndsp-channel.o)
                0x00114370                ndspChnWaveBufAdd
 .text.ndspiInitChn
                0x00114438       0x40 C:/devkitPro/libctru/lib\libctru.a(ndsp-channel.o)
                0x00114438                ndspiInitChn
 .text.ndspiDirtyChn
                0x00114478       0x2c C:/devkitPro/libctru/lib\libctru.a(ndsp-channel.o)
                0x00114478                ndspiDirtyChn
 .text.ndspiUpdateChn
                0x001144a4      0x43c C:/devkitPro/libctru/lib\libctru.a(ndsp-channel.o)
                0x001144a4                ndspiUpdateChn
 .text.ndspiReadChnState
                0x001148e0      0x180 C:/devkitPro/libctru/lib\libctru.a(ndsp-channel.o)
                0x001148e0                ndspiReadChnState
 .text.aptConvertScreenForCapture
                0x00114a60      0x180 C:/devkitPro/libctru/lib\libctru.a(apt.o)
 .text.aptSendCommand
                0x00114be0      0x138 C:/devkitPro/libctru/lib\libctru.a(apt.o)
                0x00114be0                aptSendCommand
 .text.aptExitProcess
                0x00114d18       0x44 C:/devkitPro/libctru/lib\libctru.a(apt.o)
 .text.aptExit  0x00114d5c      0x394 C:/devkitPro/libctru/lib\libctru.a(apt.o)
                0x00114d5c                aptExit
 .text.aptHandleSleep
                0x001150f0       0xd8 C:/devkitPro/libctru/lib\libctru.a(apt.o)
                0x001150f0                aptHandleSleep
 .text.APT_SleepIfShellClosed
                0x001151c8       0x84 C:/devkitPro/libctru/lib\libctru.a(apt.o)
                0x001151c8                APT_SleepIfShellClosed
 .text.aptSetSleepAllowed
                0x0011524c       0x78 C:/devkitPro/libctru/lib\libctru.a(apt.o)
                0x0011524c                aptSetSleepAllowed
 .text.APT_UnlockTransition
                0x001152c4       0x84 C:/devkitPro/libctru/lib\libctru.a(apt.o)
                0x001152c4                APT_UnlockTransition
 .text.aptEventHandler
                0x00115348      0x470 C:/devkitPro/libctru/lib\libctru.a(apt.o)
 .text.APT_ReceiveParameter
                0x001157b8       0xbc C:/devkitPro/libctru/lib\libctru.a(apt.o)
                0x001157b8                APT_ReceiveParameter
 .text.aptReceiveParameter.constprop.0
                0x00115874       0xb0 C:/devkitPro/libctru/lib\libctru.a(apt.o)
 *fill*         0x00115924        0x4 
 .text.aptScreenTransfer
                0x00115928      0x294 C:/devkitPro/libctru/lib\libctru.a(apt.o)
 .text.aptWaitForWakeUp.isra.0
                0x00115bbc      0x2d0 C:/devkitPro/libctru/lib\libctru.a(apt.o)
 .text.aptJumpToHomeMenu
                0x00115e8c       0xf4 C:/devkitPro/libctru/lib\libctru.a(apt.o)
                0x00115e8c                aptJumpToHomeMenu
 .text.aptMainLoop
                0x00115f80       0x58 C:/devkitPro/libctru/lib\libctru.a(apt.o)
                0x00115f80                aptMainLoop
 .text.aptInit  0x00115fd8      0x240 C:/devkitPro/libctru/lib\libctru.a(apt.o)
                0x00115fd8                aptInit
 .text.APT_CheckNew3DS
                0x00116218       0x90 C:/devkitPro/libctru/lib\libctru.a(apt.o)
                0x00116218                APT_CheckNew3DS
 .text.camInit  0x001162a8       0xe0 C:/devkitPro/libctru/lib\libctru.a(cam.o)
                0x001162a8                camInit
 .text.camExit  0x00116388       0x5c C:/devkitPro/libctru/lib\libctru.a(cam.o)
                0x00116388                camExit
 .text.CAMU_StartCapture
                0x001163e4       0x34 C:/devkitPro/libctru/lib\libctru.a(cam.o)
                0x001163e4                CAMU_StartCapture
 .text.CAMU_StopCapture
                0x00116418       0x34 C:/devkitPro/libctru/lib\libctru.a(cam.o)
                0x00116418                CAMU_StopCapture
 .text.CAMU_SetReceiving
                0x0011644c       0x60 C:/devkitPro/libctru/lib\libctru.a(cam.o)
                0x0011644c                CAMU_SetReceiving
 .text.CAMU_Activate
                0x001164ac       0x34 C:/devkitPro/libctru/lib\libctru.a(cam.o)
                0x001164ac                CAMU_Activate
 .text.CAMU_SetSize
                0x001164e0       0x40 C:/devkitPro/libctru/lib\libctru.a(cam.o)
                0x001164e0                CAMU_SetSize
 .text.CAMU_SetFrameRate
                0x00116520       0x38 C:/devkitPro/libctru/lib\libctru.a(cam.o)
                0x00116520                CAMU_SetFrameRate
 .text.CAMU_SetOutputFormat
                0x00116558       0x40 C:/devkitPro/libctru/lib\libctru.a(cam.o)
                0x00116558                CAMU_SetOutputFormat
 .text.cfguInit
                0x00116598       0xa8 C:/devkitPro/libctru/lib\libctru.a(cfgu.o)
                0x00116598                cfguInit
 .text.cfguExit
                0x00116640       0x3c C:/devkitPro/libctru/lib\libctru.a(cfgu.o)
                0x00116640                cfguExit
 .text.CFGU_GetConfigInfoBlk2
                0x0011667c       0x4c C:/devkitPro/libctru/lib\libctru.a(cfgu.o)
                0x0011667c                CFGU_GetConfigInfoBlk2
 .text.DSP_LoadComponent.part.0
                0x001166c8       0xa4 C:/devkitPro/libctru/lib\libctru.a(dsp.o)
 .text.dspInit  0x0011676c       0xfc C:/devkitPro/libctru/lib\libctru.a(dsp.o)
                0x0011676c                dspInit
 .text.dspExit  0x00116868       0x8c C:/devkitPro/libctru/lib\libctru.a(dsp.o)
                0x00116868                dspExit
 .text.dspHook  0x001168f4       0x24 C:/devkitPro/libctru/lib\libctru.a(dsp.o)
                0x001168f4                dspHook
 .text.dspUnhook
                0x00116918       0x30 C:/devkitPro/libctru/lib\libctru.a(dsp.o)
                0x00116918                dspUnhook
 .text.aptDspSleep
                0x00116948       0xb4 C:/devkitPro/libctru/lib\libctru.a(dsp.o)
                0x00116948                aptDspSleep
 .text.aptDspWakeup
                0x001169fc       0xb4 C:/devkitPro/libctru/lib\libctru.a(dsp.o)
                0x001169fc                aptDspWakeup
 .text.aptDspCancel
                0x00116ab0       0x44 C:/devkitPro/libctru/lib\libctru.a(dsp.o)
                0x00116ab0                aptDspCancel
 .text.DSP_FlushDataCache
                0x00116af4       0x50 C:/devkitPro/libctru/lib\libctru.a(dsp.o)
                0x00116af4                DSP_FlushDataCache
 .text.DSP_SetSemaphore
                0x00116b44       0x34 C:/devkitPro/libctru/lib\libctru.a(dsp.o)
                0x00116b44                DSP_SetSemaphore
 .text.DSP_SetSemaphoreMask
                0x00116b78       0x34 C:/devkitPro/libctru/lib\libctru.a(dsp.o)
                0x00116b78                DSP_SetSemaphoreMask
 .text.DSP_GetSemaphoreHandle
                0x00116bac       0x38 C:/devkitPro/libctru/lib\libctru.a(dsp.o)
                0x00116bac                DSP_GetSemaphoreHandle
 .text.DSP_LoadComponent
                0x00116be4       0x3c C:/devkitPro/libctru/lib\libctru.a(dsp.o)
                0x00116be4                DSP_LoadComponent
 .text.DSP_RegisterInterruptEvents
                0x00116c20       0x44 C:/devkitPro/libctru/lib\libctru.a(dsp.o)
                0x00116c20                DSP_RegisterInterruptEvents
 .text.DSP_ReadPipeIfPossible
                0x00116c64       0x78 C:/devkitPro/libctru/lib\libctru.a(dsp.o)
                0x00116c64                DSP_ReadPipeIfPossible
 .text.DSP_WriteProcessPipe
                0x00116cdc       0x4c C:/devkitPro/libctru/lib\libctru.a(dsp.o)
                0x00116cdc                DSP_WriteProcessPipe
 .text.DSP_ConvertProcessAddressFromDspDram
                0x00116d28       0x44 C:/devkitPro/libctru/lib\libctru.a(dsp.o)
                0x00116d28                DSP_ConvertProcessAddressFromDspDram
 .text.DSP_RecvData
                0x00116d6c       0x44 C:/devkitPro/libctru/lib\libctru.a(dsp.o)
                0x00116d6c                DSP_RecvData
 .text.DSP_RecvDataIsReady
                0x00116db0       0x50 C:/devkitPro/libctru/lib\libctru.a(dsp.o)
                0x00116db0                DSP_RecvDataIsReady
 .text.fsInit   0x00116e00      0x104 C:/devkitPro/libctru/lib\libctru.a(fs.o)
                0x00116e00                fsInit
 .text.fsExit   0x00116f04       0x3c C:/devkitPro/libctru/lib\libctru.a(fs.o)
                0x00116f04                fsExit
 .text.fsExemptFromSession
                0x00116f40       0x68 C:/devkitPro/libctru/lib\libctru.a(fs.o)
                0x00116f40                fsExemptFromSession
 .text.fsUnexemptFromSession
                0x00116fa8       0x50 C:/devkitPro/libctru/lib\libctru.a(fs.o)
                0x00116fa8                fsUnexemptFromSession
 .text.FSUSER_OpenFile
                0x00116ff8       0xcc C:/devkitPro/libctru/lib\libctru.a(fs.o)
                0x00116ff8                FSUSER_OpenFile
 .text.FSUSER_OpenFileDirectly
                0x001170c4       0xcc C:/devkitPro/libctru/lib\libctru.a(fs.o)
                0x001170c4                FSUSER_OpenFileDirectly
 .text.FSUSER_DeleteFile
                0x00117190       0xb8 C:/devkitPro/libctru/lib\libctru.a(fs.o)
                0x00117190                FSUSER_DeleteFile
 .text.FSUSER_RenameFile
                0x00117248       0xf4 C:/devkitPro/libctru/lib\libctru.a(fs.o)
                0x00117248                FSUSER_RenameFile
 .text.FSUSER_DeleteDirectory
                0x0011733c       0xb8 C:/devkitPro/libctru/lib\libctru.a(fs.o)
                0x0011733c                FSUSER_DeleteDirectory
 .text.FSUSER_CreateFile
                0x001173f4       0xd0 C:/devkitPro/libctru/lib\libctru.a(fs.o)
                0x001173f4                FSUSER_CreateFile
 .text.FSUSER_CreateDirectory
                0x001174c4       0xc0 C:/devkitPro/libctru/lib\libctru.a(fs.o)
                0x001174c4                FSUSER_CreateDirectory
 .text.FSUSER_RenameDirectory
                0x00117584       0xf4 C:/devkitPro/libctru/lib\libctru.a(fs.o)
                0x00117584                FSUSER_RenameDirectory
 .text.FSUSER_OpenDirectory
                0x00117678       0xb4 C:/devkitPro/libctru/lib\libctru.a(fs.o)
                0x00117678                FSUSER_OpenDirectory
 .text.FSUSER_OpenArchive
                0x0011772c       0x90 C:/devkitPro/libctru/lib\libctru.a(fs.o)
                0x0011772c                FSUSER_OpenArchive
 .text.FSUSER_CloseArchive
                0x001177bc       0x8c C:/devkitPro/libctru/lib\libctru.a(fs.o)
                0x001177bc                FSUSER_CloseArchive
 .text.FSUSER_GetSdmcArchiveResource
                0x00117848       0x74 C:/devkitPro/libctru/lib\libctru.a(fs.o)
                0x00117848                FSUSER_GetSdmcArchiveResource
 .text.FSUSER_IsSdmcWritable
                0x001178bc       0x64 C:/devkitPro/libctru/lib\libctru.a(fs.o)
                0x001178bc                FSUSER_IsSdmcWritable
 .text.FSFILE_Read
                0x00117920       0x64 C:/devkitPro/libctru/lib\libctru.a(fs.o)
                0x00117920                FSFILE_Read
 .text.FSFILE_Write
                0x00117984       0x6c C:/devkitPro/libctru/lib\libctru.a(fs.o)
                0x00117984                FSFILE_Write
 .text.FSFILE_GetSize
                0x001179f0       0x44 C:/devkitPro/libctru/lib\libctru.a(fs.o)
                0x001179f0                FSFILE_GetSize
 .text.FSFILE_SetSize
                0x00117a34       0x28 C:/devkitPro/libctru/lib\libctru.a(fs.o)
                0x00117a34                FSFILE_SetSize
 .text.FSFILE_Close
                0x00117a5c       0x3c C:/devkitPro/libctru/lib\libctru.a(fs.o)
                0x00117a5c                FSFILE_Close
 .text.FSFILE_Flush
                0x00117a98       0x24 C:/devkitPro/libctru/lib\libctru.a(fs.o)
                0x00117a98                FSFILE_Flush
 .text.FSDIR_Read
                0x00117abc       0x60 C:/devkitPro/libctru/lib\libctru.a(fs.o)
                0x00117abc                FSDIR_Read
 .text.FSDIR_Close
                0x00117b1c       0x3c C:/devkitPro/libctru/lib\libctru.a(fs.o)
                0x00117b1c                FSDIR_Close
 .text.gspHardwareInit
                0x00117b58      0xc70 C:/devkitPro/libctru/lib\libctru.a(gspgpu.o)
 .text.gspInit  0x001187c8      0x288 C:/devkitPro/libctru/lib\libctru.a(gspgpu.o)
                0x001187c8                gspInit
 .text.gspExit  0x00118a50      0x104 C:/devkitPro/libctru/lib\libctru.a(gspgpu.o)
                0x00118a50                gspExit
 .text.gspHasGpuRight
                0x00118b54       0x10 C:/devkitPro/libctru/lib\libctru.a(gspgpu.o)
                0x00118b54                gspHasGpuRight
 .text.gspPresentBuffer
                0x00118b64       0xa4 C:/devkitPro/libctru/lib\libctru.a(gspgpu.o)
                0x00118b64                gspPresentBuffer
 .text.gspWaitForEvent
                0x00118c08       0x50 C:/devkitPro/libctru/lib\libctru.a(gspgpu.o)
                0x00118c08                gspWaitForEvent
 .text.gxCmdQueueInterrupt
                0x00118c58        0x4 C:/devkitPro/libctru/lib\libctru.a(gspgpu.o)
                0x00118c58                gxCmdQueueInterrupt
 .text.gspEventThreadMain
                0x00118c5c      0x154 C:/devkitPro/libctru/lib\libctru.a(gspgpu.o)
 .text.GSPGPU_FlushDataCache
                0x00118db0       0x50 C:/devkitPro/libctru/lib\libctru.a(gspgpu.o)
                0x00118db0                GSPGPU_FlushDataCache
 .text.GSPGPU_SetLcdForceBlack
                0x00118e00       0x34 C:/devkitPro/libctru/lib\libctru.a(gspgpu.o)
                0x00118e00                GSPGPU_SetLcdForceBlack
 .text.GSPGPU_AcquireRight
                0x00118e34       0x84 C:/devkitPro/libctru/lib\libctru.a(gspgpu.o)
                0x00118e34                GSPGPU_AcquireRight
 .text.GSPGPU_ReleaseRight
                0x00118eb8       0x64 C:/devkitPro/libctru/lib\libctru.a(gspgpu.o)
                0x00118eb8                GSPGPU_ReleaseRight
 .text.GSPGPU_ImportDisplayCaptureInfo
                0x00118f1c       0x7c C:/devkitPro/libctru/lib\libctru.a(gspgpu.o)
                0x00118f1c                GSPGPU_ImportDisplayCaptureInfo
 .text.GSPGPU_SaveVramSysArea
                0x00118f98       0x2c C:/devkitPro/libctru/lib\libctru.a(gspgpu.o)
                0x00118f98                GSPGPU_SaveVramSysArea
 .text.GSPGPU_RestoreVramSysArea
                0x00118fc4       0x2c C:/devkitPro/libctru/lib\libctru.a(gspgpu.o)
                0x00118fc4                GSPGPU_RestoreVramSysArea
 .text.hidShouldUseIrrst
                0x00118ff0       0x24 C:/devkitPro/libctru/lib\libctru.a(hid.o)
                0x00118ff0                hidShouldUseIrrst
 .text.hidInit  0x00119014      0x1cc C:/devkitPro/libctru/lib\libctru.a(hid.o)
                0x00119014                hidInit
 .text.hidExit  0x001191e0       0xe8 C:/devkitPro/libctru/lib\libctru.a(hid.o)
                0x001191e0                hidExit
 .text.hidScanInput
                0x001192c8      0x2a0 C:/devkitPro/libctru/lib\libctru.a(hid.o)
                0x001192c8                hidScanInput
 .text.hidKeysHeld
                0x00119568       0x10 C:/devkitPro/libctru/lib\libctru.a(hid.o)
                0x00119568                hidKeysHeld
 .text.hidKeysDown
                0x00119578       0x10 C:/devkitPro/libctru/lib\libctru.a(hid.o)
                0x00119578                hidKeysDown
 .text.hidKeysUp
                0x00119588       0x10 C:/devkitPro/libctru/lib\libctru.a(hid.o)
                0x00119588                hidKeysUp
 .text.hidTouchRead
                0x00119598       0x18 C:/devkitPro/libctru/lib\libctru.a(hid.o)
                0x00119598                hidTouchRead
 .text.irrstInit
                0x001195b0      0x1a4 C:/devkitPro/libctru/lib\libctru.a(irrst.o)
                0x001195b0                irrstInit
 .text.irrstExit
                0x00119754       0xdc C:/devkitPro/libctru/lib\libctru.a(irrst.o)
                0x00119754                irrstExit
 .text.irrstScanInput
                0x00119830       0xb4 C:/devkitPro/libctru/lib\libctru.a(irrst.o)
                0x00119830                irrstScanInput
 .text.irrstKeysHeld
                0x001198e4       0x24 C:/devkitPro/libctru/lib\libctru.a(irrst.o)
                0x001198e4                irrstKeysHeld
 .text.ptmSysmInit
                0x00119908       0x78 C:/devkitPro/libctru/lib\libctru.a(ptmsysm.o)
                0x00119908                ptmSysmInit
 .text.ptmSysmExit
                0x00119980       0x3c C:/devkitPro/libctru/lib\libctru.a(ptmsysm.o)
                0x00119980                ptmSysmExit
 .text.PTMSYSM_ConfigureNew3DSCPU
                0x001199bc       0x34 C:/devkitPro/libctru/lib\libctru.a(ptmsysm.o)
                0x001199bc                PTMSYSM_ConfigureNew3DSCPU
 .text.rbtree_find
                0x001199f0       0x74 C:/devkitPro/libctru/lib\libctru.a(rbtree_find.o)
                0x001199f0                rbtree_find
 .text.rbtree_init
                0x00119a64       0x10 C:/devkitPro/libctru/lib\libctru.a(rbtree_init.o)
                0x00119a64                rbtree_init
 .text.do_insert
                0x00119a74      0x198 C:/devkitPro/libctru/lib\libctru.a(rbtree_insert.o)
 .text.rbtree_insert
                0x00119c0c        0x8 C:/devkitPro/libctru/lib\libctru.a(rbtree_insert.o)
                0x00119c0c                rbtree_insert
 .text.rbtree_remove
                0x00119c14      0x310 C:/devkitPro/libctru/lib\libctru.a(rbtree_remove.o)
                0x00119c14                rbtree_remove
 .text.rbtree_rotate
                0x00119f24       0x90 C:/devkitPro/libctru/lib\libctru.a(rbtree_rotate.o)
                0x00119f24                rbtree_rotate
 .text.utf16_to_utf8
                0x00119fb4       0xe8 C:/devkitPro/libctru/lib\libctru.a(utf16_to_utf8.o)
                0x00119fb4                utf16_to_utf8
 .text.utf8_to_utf16
                0x0011a09c       0xc0 C:/devkitPro/libctru/lib\libctru.a(utf8_to_utf16.o)
                0x0011a09c                utf8_to_utf16
 *fill*         0x0011a15c        0x4 
 .text.__system_allocateHeaps
                0x0011a160      0x1e8 C:/devkitPro/libctru/lib\libctru.a(allocateHeaps.o)
                0x0011a160                __system_allocateHeaps
 .text.__libctru_init
                0x0011a348       0x38 C:/devkitPro/libctru/lib\libctru.a(ctru_init.o)
                0x0011a348                __libctru_init
 .text.__system_initArgv
                0x0011a380      0x16c C:/devkitPro/libctru/lib\libctru.a(initArgv.o)
                0x0011a380                __system_initArgv
 .text.__syscall_getreent
                0x0011a4ec       0x30 C:/devkitPro/libctru/lib\libctru.a(syscalls.o)
                0x0011a4ec                __syscall_getreent
 .text.__syscall_gettod_r
                0x0011a51c       0x64 C:/devkitPro/libctru/lib\libctru.a(syscalls.o)
                0x0011a51c                __syscall_gettod_r
 .text.__syscall_lock_acquire
                0x0011a580        0x4 C:/devkitPro/libctru/lib\libctru.a(syscalls.o)
                0x0011a580                __syscall_lock_acquire
 .text.__syscall_lock_release
                0x0011a584        0x4 C:/devkitPro/libctru/lib\libctru.a(syscalls.o)
                0x0011a584                __syscall_lock_release
 .text.__syscall_lock_acquire_recursive
                0x0011a588        0x4 C:/devkitPro/libctru/lib\libctru.a(syscalls.o)
                0x0011a588                __syscall_lock_acquire_recursive
 .text.__syscall_lock_release_recursive
                0x0011a58c        0x4 C:/devkitPro/libctru/lib\libctru.a(syscalls.o)
                0x0011a58c                __syscall_lock_release_recursive
 .text.__syscall_exit
                0x0011a590        0x4 C:/devkitPro/libctru/lib\libctru.a(syscalls.o)
                0x0011a590                __syscall_exit
 .text.initThreadVars
                0x0011a594       0x54 C:/devkitPro/libctru/lib\libctru.a(syscalls.o)
                0x0011a594                initThreadVars
 .text.__system_initSyscalls
                0x0011a5e8       0x80 C:/devkitPro/libctru/lib\libctru.a(syscalls.o)
                0x0011a5e8                __system_initSyscalls
 .text.svcControlMemory
                0x0011a668       0x20 C:/devkitPro/libctru/lib\libctru.a(svc.o)
                0x0011a668                svcControlMemory
 .text.svcQueryMemory
                0x0011a688       0x30 C:/devkitPro/libctru/lib\libctru.a(svc.o)
                0x0011a688                svcQueryMemory
 .text.svcExitProcess
                0x0011a6b8        0x8 C:/devkitPro/libctru/lib\libctru.a(svc.o)
                0x0011a6b8                svcExitProcess
 .text.svcCreateThread
                0x0011a6c0       0x20 C:/devkitPro/libctru/lib\libctru.a(svc.o)
                0x0011a6c0                svcCreateThread
 .text.svcExitThread
                0x0011a6e0        0x8 C:/devkitPro/libctru/lib\libctru.a(svc.o)
                0x0011a6e0                svcExitThread
 .text.svcSleepThread
                0x0011a6e8        0x8 C:/devkitPro/libctru/lib\libctru.a(svc.o)
                0x0011a6e8                svcSleepThread
 .text.svcReleaseMutex
                0x0011a6f0        0x8 C:/devkitPro/libctru/lib\libctru.a(svc.o)
                0x0011a6f0                svcReleaseMutex
 .text.svcCreateEvent
                0x0011a6f8       0x14 C:/devkitPro/libctru/lib\libctru.a(svc.o)
                0x0011a6f8                svcCreateEvent
 .text.svcSignalEvent
                0x0011a70c        0x8 C:/devkitPro/libctru/lib\libctru.a(svc.o)
                0x0011a70c                svcSignalEvent
 .text.svcClearEvent
                0x0011a714        0x8 C:/devkitPro/libctru/lib\libctru.a(svc.o)
                0x0011a714                svcClearEvent
 .text.svcMapMemoryBlock
                0x0011a71c        0x8 C:/devkitPro/libctru/lib\libctru.a(svc.o)
                0x0011a71c                svcMapMemoryBlock
 .text.svcUnmapMemoryBlock
                0x0011a724        0x8 C:/devkitPro/libctru/lib\libctru.a(svc.o)
                0x0011a724                svcUnmapMemoryBlock
 .text.svcCreateAddressArbiter
                0x0011a72c       0x14 C:/devkitPro/libctru/lib\libctru.a(svc.o)
                0x0011a72c                svcCreateAddressArbiter
 .text.svcArbitrateAddressNoTimeout
                0x0011a740        0x8 C:/devkitPro/libctru/lib\libctru.a(svc.o)
                0x0011a740                svcArbitrateAddressNoTimeout
 .text.svcCloseHandle
                0x0011a748        0x8 C:/devkitPro/libctru/lib\libctru.a(svc.o)
                0x0011a748                svcCloseHandle
 .text.svcWaitSynchronization
                0x0011a750        0x8 C:/devkitPro/libctru/lib\libctru.a(svc.o)
                0x0011a750                svcWaitSynchronization
 .text.svcWaitSynchronizationN
                0x0011a758       0x28 C:/devkitPro/libctru/lib\libctru.a(svc.o)
                0x0011a758                svcWaitSynchronizationN
 .text.svcDuplicateHandle
                0x0011a780       0x14 C:/devkitPro/libctru/lib\libctru.a(svc.o)
                0x0011a780                svcDuplicateHandle
 .text.svcGetSystemTick
                0x0011a794        0x8 C:/devkitPro/libctru/lib\libctru.a(svc.o)
                0x0011a794                svcGetSystemTick
 .text.svcConnectToPort
                0x0011a79c       0x14 C:/devkitPro/libctru/lib\libctru.a(svc.o)
                0x0011a79c                svcConnectToPort
 .text.svcSendSyncRequest
                0x0011a7b0        0x8 C:/devkitPro/libctru/lib\libctru.a(svc.o)
                0x0011a7b0                svcSendSyncRequest
 .text.svcGetResourceLimit
                0x0011a7b8       0x14 C:/devkitPro/libctru/lib\libctru.a(svc.o)
                0x0011a7b8                svcGetResourceLimit
 .text.svcGetResourceLimitLimitValues
                0x0011a7cc        0x8 C:/devkitPro/libctru/lib\libctru.a(svc.o)
                0x0011a7cc                svcGetResourceLimitLimitValues
 .text.svcGetResourceLimitCurrentValues
                0x0011a7d4        0x8 C:/devkitPro/libctru/lib\libctru.a(svc.o)
                0x0011a7d4                svcGetResourceLimitCurrentValues
 .text.svcBreak
                0x0011a7dc        0x8 C:/devkitPro/libctru/lib\libctru.a(svc.o)
                0x0011a7dc                svcBreak
 .text.__aeabi_read_tp
                0x0011a7e4        0xc C:/devkitPro/libctru/lib\libctru.a(readtp.o)
                0x0011a7e4                __aeabi_read_tp
 .text.initSystem
                0x0011a7f0       0x50 C:/devkitPro/libctru/lib\libctru.a(stack_adjust.o)
                0x0011a7f0                initSystem
 .text.__ctru_exit
                0x0011a840       0x14 C:/devkitPro/libctru/lib\libctru.a(stack_adjust.o)
                0x0011a840                __ctru_exit
 .text._ZL21addrMapNodeComparatorPK11rbtree_nodeS1_
                0x0011a854       0x24 C:/devkitPro/libctru/lib\libctru.a(vram.o)
 .text._ZL21addrMapNodeDestructorP11rbtree_node
                0x0011a878        0x4 C:/devkitPro/libctru/lib\libctru.a(vram.o)
 .text.vramMemAlignAt
                0x0011a87c      0x248 C:/devkitPro/libctru/lib\libctru.a(vram.o)
                0x0011a87c                vramMemAlignAt
 .text.vramAlloc
                0x0011aac4        0xc C:/devkitPro/libctru/lib\libctru.a(vram.o)
                0x0011aac4                vramAlloc
 .text.vramFree
                0x0011aad0       0x94 C:/devkitPro/libctru/lib\libctru.a(vram.o)
                0x0011aad0                vramFree
 .text.envGetHandle
                0x0011ab64       0x8c C:/devkitPro/libctru/lib\libctru.a(env.o)
                0x0011ab64                envGetHandle
 .text.envDestroyHandles
                0x0011abf0       0x50 C:/devkitPro/libctru/lib\libctru.a(env.o)
                0x0011abf0                envDestroyHandles
 .text.srvInit  0x0011ac40      0x164 C:/devkitPro/libctru/lib\libctru.a(srv.o)
                0x0011ac40                srvInit
 .text.srvExit  0x0011ada4       0x64 C:/devkitPro/libctru/lib\libctru.a(srv.o)
                0x0011ada4                srvExit
 .text.srvEnableNotification
                0x0011ae08       0x60 C:/devkitPro/libctru/lib\libctru.a(srv.o)
                0x0011ae08                srvEnableNotification
 .text.srvGetServiceHandleDirect
                0x0011ae68       0xa0 C:/devkitPro/libctru/lib\libctru.a(srv.o)
                0x0011ae68                srvGetServiceHandleDirect
 .text.srvGetServiceHandle
                0x0011af08       0x48 C:/devkitPro/libctru/lib\libctru.a(srv.o)
                0x0011af08                srvGetServiceHandle
 .text.srvSubscribe
                0x0011af50       0x34 C:/devkitPro/libctru/lib\libctru.a(srv.o)
                0x0011af50                srvSubscribe
 .text.srvReceiveNotification
                0x0011af84       0x60 C:/devkitPro/libctru/lib\libctru.a(srv.o)
                0x0011af84                srvReceiveNotification
 .text.srvPublishToSubscriber
                0x0011afe4       0x38 C:/devkitPro/libctru/lib\libctru.a(srv.o)
                0x0011afe4                srvPublishToSubscriber
 .text.__sync_init
                0x0011b01c        0xc C:/devkitPro/libctru/lib\libctru.a(synchronization.o)
                0x0011b01c                __sync_init
 .text.__sync_fini
                0x0011b028       0x18 C:/devkitPro/libctru/lib\libctru.a(synchronization.o)
                0x0011b028                __sync_fini
 .text.syncArbitrateAddress
                0x0011b040       0x28 C:/devkitPro/libctru/lib\libctru.a(synchronization.o)
                0x0011b040                syncArbitrateAddress
 .text.LightLock_Init
                0x0011b068       0x1c C:/devkitPro/libctru/lib\libctru.a(synchronization.o)
                0x0011b068                LightLock_Init
 .text.LightLock_Lock
                0x0011b084       0xac C:/devkitPro/libctru/lib\libctru.a(synchronization.o)
                0x0011b084                LightLock_Lock
 .text.LightLock_Unlock
                0x0011b130       0x40 C:/devkitPro/libctru/lib\libctru.a(synchronization.o)
                0x0011b130                LightLock_Unlock
 .text.RecursiveLock_Lock
                0x0011b170       0x54 C:/devkitPro/libctru/lib\libctru.a(synchronization.o)
                0x0011b170                RecursiveLock_Lock
 .text.RecursiveLock_Unlock
                0x0011b1c4       0x54 C:/devkitPro/libctru/lib\libctru.a(synchronization.o)
                0x0011b1c4                RecursiveLock_Unlock
 .text.LightEvent_Init
                0x0011b218       0x44 C:/devkitPro/libctru/lib\libctru.a(synchronization.o)
                0x0011b218                LightEvent_Init
 .text.LightEvent_Clear
                0x0011b25c       0xb8 C:/devkitPro/libctru/lib\libctru.a(synchronization.o)
                0x0011b25c                LightEvent_Clear
 .text.LightEvent_Signal
                0x0011b314       0xdc C:/devkitPro/libctru/lib\libctru.a(synchronization.o)
                0x0011b314                LightEvent_Signal
 .text.LightEvent_TryWait
                0x0011b3f0       0x50 C:/devkitPro/libctru/lib\libctru.a(synchronization.o)
                0x0011b3f0                LightEvent_TryWait
 .text.LightEvent_Wait
                0x0011b440       0xac C:/devkitPro/libctru/lib\libctru.a(synchronization.o)
                0x0011b440                LightEvent_Wait
 .text.mappableFindAddressWithin
                0x0011b4ec       0x90 C:/devkitPro/libctru/lib\libctru.a(mappable.o)
 .text.mappableInit
                0x0011b57c       0x28 C:/devkitPro/libctru/lib\libctru.a(mappable.o)
                0x0011b57c                mappableInit
 .text.mappableAlloc
                0x0011b5a4       0x7c C:/devkitPro/libctru/lib\libctru.a(mappable.o)
                0x0011b5a4                mappableAlloc
 .text.mappableFree
                0x0011b620        0x4 C:/devkitPro/libctru/lib\libctru.a(mappable.o)
                0x0011b620                mappableFree
 .text.srvPmGetSessionHandle
                0x0011b624        0xc C:/devkitPro/libctru/lib\libctru.a(srvpm.o)
                0x0011b624                srvPmGetSessionHandle
 .text.rbtree_node_next
                0x0011b630       0x60 C:/devkitPro/libctru/lib\libctru.a(rbtree_iterator.o)
                0x0011b630                rbtree_node_next
 .text.decode_utf16
                0x0011b690       0x54 C:/devkitPro/libctru/lib\libctru.a(decode_utf16.o)
                0x0011b690                decode_utf16
 .text.decode_utf8
                0x0011b6e4      0x140 C:/devkitPro/libctru/lib\libctru.a(decode_utf8.o)
                0x0011b6e4                decode_utf8
 .text.encode_utf16
                0x0011b824       0x54 C:/devkitPro/libctru/lib\libctru.a(encode_utf16.o)
                0x0011b824                encode_utf16
 .text.encode_utf8
                0x0011b878       0xe0 C:/devkitPro/libctru/lib\libctru.a(encode_utf8.o)
                0x0011b878                encode_utf8
 .text.__appExit
                0x0011b958       0x30 C:/devkitPro/libctru/lib\libctru.a(appExit.o)
                0x0011b958                __appExit
 .text.__appInit
                0x0011b988       0x30 C:/devkitPro/libctru/lib\libctru.a(appInit.o)
                0x0011b988                __appInit
 .text.__libctru_exit
                0x0011b9b8       0x90 C:/devkitPro/libctru/lib\libctru.a(ctru_exit.o)
                0x0011b9b8                __libctru_exit
 .text.error_cmp
                0x0011ba48       0x24 C:/devkitPro/libctru/lib\libctru.a(archive_dev.o)
 .text.archive_translate_error
                0x0011ba6c       0x50 C:/devkitPro/libctru/lib\libctru.a(archive_dev.o)
 .text.archive_seek
                0x0011babc       0xc0 C:/devkitPro/libctru/lib\libctru.a(archive_dev.o)
 .text._archiveInit.part.0
                0x0011bb7c       0x78 C:/devkitPro/libctru/lib\libctru.a(archive_dev.o)
 .text.archiveFindDevice.part.0
                0x0011bbf4      0x110 C:/devkitPro/libctru/lib\libctru.a(archive_dev.o)
 .text.archive_utf16path
                0x0011bd04      0x298 C:/devkitPro/libctru/lib\libctru.a(archive_dev.o)
 .text._archiveUnmountDeviceStruct.part.0
                0x0011bf9c       0x98 C:/devkitPro/libctru/lib\libctru.a(archive_dev.o)
 .text._archiveMountDevice
                0x0011c034      0x178 C:/devkitPro/libctru/lib\libctru.a(archive_dev.o)
 .text.archive_diropen
                0x0011c1ac       0xf8 C:/devkitPro/libctru/lib\libctru.a(archive_dev.o)
 .text.archive_fstat
                0x0011c2a4       0xac C:/devkitPro/libctru/lib\libctru.a(archive_dev.o)
 .text.archive_fsync
                0x0011c350       0x74 C:/devkitPro/libctru/lib\libctru.a(archive_dev.o)
 .text.archive_close
                0x0011c3c4       0x74 C:/devkitPro/libctru/lib\libctru.a(archive_dev.o)
 .text.archive_dirclose
                0x0011c438       0x78 C:/devkitPro/libctru/lib\libctru.a(archive_dev.o)
 .text.sdmc_statvfs
                0x0011c4b0       0xec C:/devkitPro/libctru/lib\libctru.a(archive_dev.o)
 .text.archive_chdir
                0x0011c59c       0xf8 C:/devkitPro/libctru/lib\libctru.a(archive_dev.o)
 .text.archive_ftruncate
                0x0011c694       0x8c C:/devkitPro/libctru/lib\libctru.a(archive_dev.o)
 .text.archive_read
                0x0011c720       0xbc C:/devkitPro/libctru/lib\libctru.a(archive_dev.o)
 .text.archive_unlink
                0x0011c7dc       0xa8 C:/devkitPro/libctru/lib\libctru.a(archive_dev.o)
 .text.archive_rmdir
                0x0011c884       0xc0 C:/devkitPro/libctru/lib\libctru.a(archive_dev.o)
 .text.archive_mkdir
                0x0011c944       0xd8 C:/devkitPro/libctru/lib\libctru.a(archive_dev.o)
 .text.archive_stat
                0x0011ca1c      0x1a0 C:/devkitPro/libctru/lib\libctru.a(archive_dev.o)
 .text.archive_dirnext
                0x0011cbbc      0x164 C:/devkitPro/libctru/lib\libctru.a(archive_dev.o)
 .text.archive_write
                0x0011cd20      0x13c C:/devkitPro/libctru/lib\libctru.a(archive_dev.o)
 *fill*         0x0011ce5c        0x4 
 .text.archive_open
                0x0011ce60      0x254 C:/devkitPro/libctru/lib\libctru.a(archive_dev.o)
 .text.archive_rename
                0x0011d0b4      0x270 C:/devkitPro/libctru/lib\libctru.a(archive_dev.o)
 .text.archiveMountSdmc
                0x0011d324      0x1c8 C:/devkitPro/libctru/lib\libctru.a(archive_dev.o)
                0x0011d324                archiveMountSdmc
 .text.archiveUnmountAll
                0x0011d4ec       0x54 C:/devkitPro/libctru/lib\libctru.a(archive_dev.o)
                0x0011d4ec                archiveUnmountAll
 .text.fmodf    0x0011d540       0x74 C:/devkitPro/devkitARM/bin/../lib/gcc/arm-none-eabi/16.1.0/../../../../arm-none-eabi/lib/armv6k/fpu\libm.a(libm_a-wf_fmod.o)
                0x0011d540                fmodf
 *fill*         0x0011d5b4        0x4 
 .text.sinf     0x0011d5b8      0x264 C:/devkitPro/devkitARM/bin/../lib/gcc/arm-none-eabi/16.1.0/../../../../arm-none-eabi/lib/armv6k/fpu\libm.a(libm_a-sinf.o)
                0x0011d5b8                sinf
 .text.__ieee754_fmodf
                0x0011d81c      0x214 C:/devkitPro/devkitARM/bin/../lib/gcc/arm-none-eabi/16.1.0/../../../../arm-none-eabi/lib/armv6k/fpu\libm.a(libm_a-ef_fmod.o)
                0x0011d81c                __ieee754_fmodf
 .text.with_errnof
                0x0011da30       0x24 C:/devkitPro/devkitARM/bin/../lib/gcc/arm-none-eabi/16.1.0/../../../../arm-none-eabi/lib/armv6k/fpu\libm.a(libm_a-math_errf.o)
 .text.__math_invalidf
                0x0011da54       0x1c C:/devkitPro/devkitARM/bin/../lib/gcc/arm-none-eabi/16.1.0/../../../../arm-none-eabi/lib/armv6k/fpu\libm.a(libm_a-math_errf.o)
                0x0011da54                __math_invalidf
 .text.cosf     0x0011da70      0x25c C:/devkitPro/devkitARM/bin/../lib/gcc/arm-none-eabi/16.1.0/../../../../arm-none-eabi/lib/armv6k/fpu\libm.a(libm_a-cosf.o)
                0x0011da70                cosf
 .text.__udivmoddi4
                0x0011dccc      0x130 C:/devkitPro/devkitARM/bin/../lib/gcc/arm-none-eabi/16.1.0/armv6k/fpu\libgcc.a(_udivmoddi4.o)
                0x0011dccc                __udivmoddi4
 .text.strncat  0x0011ddfc       0xe4 C:/devkitPro/devkitARM/bin/../lib/gcc/arm-none-eabi/16.1.0/../../../../arm-none-eabi/lib/armv6k/fpu\libg.a(libc_a-strncat.o)
                0x0011ddfc                strncat
 .text.ftell    0x0011dee0       0x34 C:/devkitPro/devkitARM/bin/../lib/gcc/arm-none-eabi/16.1.0/../../../../arm-none-eabi/lib/armv6k/fpu\libg.a(libc_a-ftell.o)
                0x0011dee0                ftell
 .text.srand    0x0011df14       0x1c C:/devkitPro/devkitARM/bin/../lib/gcc/arm-none-eabi/16.1.0/../../../../arm-none-eabi/lib/armv6k/fpu\libg.a(libc_a-rand.o)
                0x0011df14                srand
 .text.rand     0x0011df30       0x44 C:/devkitPro/devkitARM/bin/../lib/gcc/arm-none-eabi/16.1.0/../../../../arm-none-eabi/lib/armv6k/fpu\libg.a(libc_a-rand.o)
                0x0011df30                rand
 .text.critical_factorization
                0x0011df74      0x130 C:/devkitPro/devkitARM/bin/../lib/gcc/arm-none-eabi/16.1.0/../../../../arm-none-eabi/lib/armv6k/fpu\libg.a(libc_a-strstr.o)
 .text.two_way_long_needle
                0x0011e0a4      0x33c C:/devkitPro/devkitARM/bin/../lib/gcc/arm-none-eabi/16.1.0/../../../../arm-none-eabi/lib/armv6k/fpu\libg.a(libc_a-strstr.o)
 .text.strstr   0x0011e3e0      0x238 C:/devkitPro/devkitARM/bin/../lib/gcc/arm-none-eabi/16.1.0/../../../../arm-none-eabi/lib/armv6k/fpu\libg.a(libc_a-strstr.o)
                0x0011e3e0                strstr
 .text.memcpy   0x0011e618      0x128 C:/devkitPro/devkitARM/bin/../lib/gcc/arm-none-eabi/16.1.0/../../../../arm-none-eabi/lib/armv6k/fpu\libg.a(libc_a-memcpy-stub.o)
                0x0011e618                memcpy
 .text.__assert_func
                0x0011e740       0x5c C:/devkitPro/devkitARM/bin/../lib/gcc/arm-none-eabi/16.1.0/../../../../arm-none-eabi/lib/armv6k/fpu\libg.a(libc_a-assert.o)
                0x0011e740                __assert_func
 .text.strlen   0x0011e79c       0x8c C:/devkitPro/devkitARM/bin/../lib/gcc/arm-none-eabi/16.1.0/../../../../arm-none-eabi/lib/armv6k/fpu\libg.a(libc_a-strlen.o)
                0x0011e79c                strlen
 .text._fread_r
                0x0011e828      0x334 C:/devkitPro/devkitARM/bin/../lib/gcc/arm-none-eabi/16.1.0/../../../../arm-none-eabi/lib/armv6k/fpu\libg.a(libc_a-fread.o)
                0x0011e828                _fread_r
 .text.fread    0x0011eb5c       0x38 C:/devkitPro/devkitARM/bin/../lib/gcc/arm-none-eabi/16.1.0/../../../../arm-none-eabi/lib/armv6k/fpu\libg.a(libc_a-fread.o)
                0x0011eb5c                fread
 .text.bsearch  0x0011eb94       0x78 C:/devkitPro/devkitARM/bin/../lib/gcc/arm-none-eabi/16.1.0/../../../../arm-none-eabi/lib/armv6k/fpu\libg.a(libc_a-bsearch.o)
                0x0011eb94                bsearch
 .text._fopen_r
                0x0011ec0c      0x134 C:/devkitPro/devkitARM/bin/../lib/gcc/arm-none-eabi/16.1.0/../../../../arm-none-eabi/lib/armv6k/fpu\libg.a(libc_a-fopen.o)
                0x0011ec0c                _fopen_r
 .text.fopen    0x0011ed40       0x28 C:/devkitPro/devkitARM/bin/../lib/gcc/arm-none-eabi/16.1.0/../../../../arm-none-eabi/lib/armv6k/fpu\libg.a(libc_a-fopen.o)
                0x0011ed40                fopen
 .text.memalign
                0x0011ed68       0x28 C:/devkitPro/devkitARM/bin/../lib/gcc/arm-none-eabi/16.1.0/../../../../arm-none-eabi/lib/armv6k/fpu\libg.a(libc_a-malign.o)
                0x0011ed68                memalign
 .text.snprintf
                0x0011ed90       0xa0 C:/devkitPro/devkitARM/bin/../lib/gcc/arm-none-eabi/16.1.0/../../../../arm-none-eabi/lib/armv6k/fpu\libg.a(libc_a-snprintf.o)
                0x0011ed90                snprintf
 .text._strtoul_l.isra.0
                0x0011ee30      0x1ec C:/devkitPro/devkitARM/bin/../lib/gcc/arm-none-eabi/16.1.0/../../../../arm-none-eabi/lib/armv6k/fpu\libg.a(libc_a-strtoul.o)
 .text.strtoul  0x0011f01c       0x3c C:/devkitPro/devkitARM/bin/../lib/gcc/arm-none-eabi/16.1.0/../../../../arm-none-eabi/lib/armv6k/fpu\libg.a(libc_a-strtoul.o)
                0x0011f01c                strtoul
 .text.fiprintf
                0x0011f058       0x3c C:/devkitPro/devkitARM/bin/../lib/gcc/arm-none-eabi/16.1.0/../../../../arm-none-eabi/lib/armv6k/fpu\libg.a(libc_a-fiprintf.o)
                0x0011f058                fiprintf
 .text.strchr   0x0011f094      0x140 C:/devkitPro/devkitARM/bin/../lib/gcc/arm-none-eabi/16.1.0/../../../../arm-none-eabi/lib/armv6k/fpu\libg.a(libc_a-strchr.o)
                0x0011f094                strchr
 .text.memcmp   0x0011f1d4       0xd8 C:/devkitPro/devkitARM/bin/../lib/gcc/arm-none-eabi/16.1.0/../../../../arm-none-eabi/lib/armv6k/fpu\libg.a(libc_a-memcmp.o)
                0x0011f1d4                memcmp
 .text.calloc   0x0011f2ac       0x28 C:/devkitPro/devkitARM/bin/../lib/gcc/arm-none-eabi/16.1.0/../../../../arm-none-eabi/lib/armv6k/fpu\libg.a(libc_a-calloc.o)
                0x0011f2ac                calloc
 .text._memalign_r
                0x0011f2d4      0x16c C:/devkitPro/devkitARM/bin/../lib/gcc/arm-none-eabi/16.1.0/../../../../arm-none-eabi/lib/armv6k/fpu\libg.a(libc_a-malignr.o)
                0x0011f2d4                _memalign_r
 .text.__errno  0x0011f440        0xc C:/devkitPro/devkitARM/bin/../lib/gcc/arm-none-eabi/16.1.0/../../../../arm-none-eabi/lib/armv6k/fpu\libg.a(libc_a-errno.o)
                0x0011f440                __errno
 .text.abort    0x0011f44c       0x14 C:/devkitPro/devkitARM/bin/../lib/gcc/arm-none-eabi/16.1.0/../../../../arm-none-eabi/lib/armv6k/fpu\libg.a(libc_a-abort.o)
                0x0011f44c                abort
 .text.__smakebuf_r
                0x0011f460      0x164 C:/devkitPro/devkitARM/bin/../lib/gcc/arm-none-eabi/16.1.0/../../../../arm-none-eabi/lib/armv6k/fpu\libg.a(libc_a-makebuf.o)
                0x0011f460                __smakebuf_r
 .text.memset   0x0011f5c4       0xe4 C:/devkitPro/devkitARM/bin/../lib/gcc/arm-none-eabi/16.1.0/../../../../arm-none-eabi/lib/armv6k/fpu\libg.a(libc_a-memset.o)
                0x0011f5c4                memset
 .text._calloc_r
                0x0011f6a8       0xd8 C:/devkitPro/devkitARM/bin/../lib/gcc/arm-none-eabi/16.1.0/../../../../arm-none-eabi/lib/armv6k/fpu\libg.a(libc_a-callocr.o)
                0x0011f6a8                _calloc_r
 .text.__sflush_r
                0x0011f780      0x22c C:/devkitPro/devkitARM/bin/../lib/gcc/arm-none-eabi/16.1.0/../../../../arm-none-eabi/lib/armv6k/fpu\libg.a(libc_a-fflush.o)
                0x0011f780                __sflush_r
 .text._fflush_r
                0x0011f9ac       0xc4 C:/devkitPro/devkitARM/bin/../lib/gcc/arm-none-eabi/16.1.0/../../../../arm-none-eabi/lib/armv6k/fpu\libg.a(libc_a-fflush.o)
                0x0011f9ac                _fflush_r
 .text._ftello_r
                0x0011fa70      0x1c4 C:/devkitPro/devkitARM/bin/../lib/gcc/arm-none-eabi/16.1.0/../../../../arm-none-eabi/lib/armv6k/fpu\libg.a(libc_a-ftello.o)
                0x0011fa70                _ftello_r
 .text._malloc_r
                0x0011fc34      0x82c C:/devkitPro/devkitARM/bin/../lib/gcc/arm-none-eabi/16.1.0/../../../../arm-none-eabi/lib/armv6k/fpu\libg.a(libc_a-mallocr.o)
                0x0011fc34                _malloc_r
 .text._malloc_trim_r
                0x00120460      0x114 C:/devkitPro/devkitARM/bin/../lib/gcc/arm-none-eabi/16.1.0/../../../../arm-none-eabi/lib/armv6k/fpu\libg.a(libc_a-freer.o)
                0x00120460                _malloc_trim_r
 .text._free_r  0x00120574      0x314 C:/devkitPro/devkitARM/bin/../lib/gcc/arm-none-eabi/16.1.0/../../../../arm-none-eabi/lib/armv6k/fpu\libg.a(libc_a-freer.o)
                0x00120574                _free_r
 .text.stdio_exit_handler
                0x00120888       0x1c C:/devkitPro/devkitARM/bin/../lib/gcc/arm-none-eabi/16.1.0/../../../../arm-none-eabi/lib/armv6k/fpu\libg.a(libc_a-findfp.o)
 .text.cleanup_stdio
                0x001208a4       0x5c C:/devkitPro/devkitARM/bin/../lib/gcc/arm-none-eabi/16.1.0/../../../../arm-none-eabi/lib/armv6k/fpu\libg.a(libc_a-findfp.o)
 .text.global_stdio_init.part.0
                0x00120900      0x154 C:/devkitPro/devkitARM/bin/../lib/gcc/arm-none-eabi/16.1.0/../../../../arm-none-eabi/lib/armv6k/fpu\libg.a(libc_a-findfp.o)
 .text.__sfp    0x00120a54      0x138 C:/devkitPro/devkitARM/bin/../lib/gcc/arm-none-eabi/16.1.0/../../../../arm-none-eabi/lib/armv6k/fpu\libg.a(libc_a-findfp.o)
                0x00120a54                __sfp
 .text.__sinit  0x00120b8c       0x5c C:/devkitPro/devkitARM/bin/../lib/gcc/arm-none-eabi/16.1.0/../../../../arm-none-eabi/lib/armv6k/fpu\libg.a(libc_a-findfp.o)
                0x00120b8c                __sinit
 .text.__sfp_lock_acquire
                0x00120be8        0xc C:/devkitPro/devkitARM/bin/../lib/gcc/arm-none-eabi/16.1.0/../../../../arm-none-eabi/lib/armv6k/fpu\libg.a(libc_a-findfp.o)
                0x00120be8                __sfp_lock_acquire
 .text.__sfp_lock_release
                0x00120bf4        0xc C:/devkitPro/devkitARM/bin/../lib/gcc/arm-none-eabi/16.1.0/../../../../arm-none-eabi/lib/armv6k/fpu\libg.a(libc_a-findfp.o)
                0x00120bf4                __sfp_lock_release
 .text.__libc_init_array
                0x00120c00       0x84 C:/devkitPro/devkitARM/bin/../lib/gcc/arm-none-eabi/16.1.0/../../../../arm-none-eabi/lib/armv6k/fpu\libg.a(libc_a-init.o)
                0x00120c00                __libc_init_array
 .text.strncpy  0x00120c84       0xd4 C:/devkitPro/devkitARM/bin/../lib/gcc/arm-none-eabi/16.1.0/../../../../arm-none-eabi/lib/armv6k/fpu\libg.a(libc_a-strncpy.o)
                0x00120c84                strncpy
 .text._fseek_r
                0x00120d58       0x1c C:/devkitPro/devkitARM/bin/../lib/gcc/arm-none-eabi/16.1.0/../../../../arm-none-eabi/lib/armv6k/fpu\libg.a(libc_a-fseek.o)
                0x00120d58                _fseek_r
 .text.fseek    0x00120d74       0x34 C:/devkitPro/devkitARM/bin/../lib/gcc/arm-none-eabi/16.1.0/../../../../arm-none-eabi/lib/armv6k/fpu\libg.a(libc_a-fseek.o)
                0x00120d74                fseek
 .text.malloc   0x00120da8       0x40 C:/devkitPro/devkitARM/bin/../lib/gcc/arm-none-eabi/16.1.0/../../../../arm-none-eabi/lib/armv6k/fpu\libg.a(libc_a-malloc.o)
                0x00120da8                malloc
 .text.free     0x00120de8       0x20 C:/devkitPro/devkitARM/bin/../lib/gcc/arm-none-eabi/16.1.0/../../../../arm-none-eabi/lib/armv6k/fpu\libg.a(libc_a-malloc.o)
                0x00120de8                free
 .text.strrchr  0x00120e08       0x48 C:/devkitPro/devkitARM/bin/../lib/gcc/arm-none-eabi/16.1.0/../../../../arm-none-eabi/lib/armv6k/fpu\libg.a(libc_a-strrchr.o)
                0x00120e08                strrchr
 .text.__sread  0x00120e50       0x44 C:/devkitPro/devkitARM/bin/../lib/gcc/arm-none-eabi/16.1.0/../../../../arm-none-eabi/lib/armv6k/fpu\libg.a(libc_a-stdio.o)
                0x00120e50                __sread
 .text.__swrite
                0x00120e94       0x68 C:/devkitPro/devkitARM/bin/../lib/gcc/arm-none-eabi/16.1.0/../../../../arm-none-eabi/lib/armv6k/fpu\libg.a(libc_a-stdio.o)
                0x00120e94                __swrite
 .text.__sseek  0x00120efc       0x40 C:/devkitPro/devkitARM/bin/../lib/gcc/arm-none-eabi/16.1.0/../../../../arm-none-eabi/lib/armv6k/fpu\libg.a(libc_a-stdio.o)
                0x00120efc                __sseek
 .text.__sclose
                0x00120f3c        0x8 C:/devkitPro/devkitARM/bin/../lib/gcc/arm-none-eabi/16.1.0/../../../../arm-none-eabi/lib/armv6k/fpu\libg.a(libc_a-stdio.o)
                0x00120f3c                __sclose
 .text.memmove  0x00120f44      0x1a8 C:/devkitPro/devkitARM/bin/../lib/gcc/arm-none-eabi/16.1.0/../../../../arm-none-eabi/lib/armv6k/fpu\libg.a(libc_a-memmove.o)
                0x00120f44                memmove
 .text.__malloc_lock
                0x001210ec        0xc C:/devkitPro/devkitARM/bin/../lib/gcc/arm-none-eabi/16.1.0/../../../../arm-none-eabi/lib/armv6k/fpu\libg.a(libc_a-mlock.o)
                0x001210ec                __malloc_lock
 .text.__malloc_unlock
                0x001210f8        0xc C:/devkitPro/devkitARM/bin/../lib/gcc/arm-none-eabi/16.1.0/../../../../arm-none-eabi/lib/armv6k/fpu\libg.a(libc_a-mlock.o)
                0x001210f8                __malloc_unlock
 .text._fseeko_r
                0x00121104      0x588 C:/devkitPro/devkitARM/bin/../lib/gcc/arm-none-eabi/16.1.0/../../../../arm-none-eabi/lib/armv6k/fpu\libg.a(libc_a-fseeko.o)
                0x00121104                _fseeko_r
 .text._fclose_r
                0x0012168c      0x148 C:/devkitPro/devkitARM/bin/../lib/gcc/arm-none-eabi/16.1.0/../../../../arm-none-eabi/lib/armv6k/fpu\libg.a(libc_a-fclose.o)
                0x0012168c                _fclose_r
 .text.fclose   0x001217d4       0x20 C:/devkitPro/devkitARM/bin/../lib/gcc/arm-none-eabi/16.1.0/../../../../arm-none-eabi/lib/armv6k/fpu\libg.a(libc_a-fclose.o)
                0x001217d4                fclose
 .text.time     0x001217f4       0x48 C:/devkitPro/devkitARM/bin/../lib/gcc/arm-none-eabi/16.1.0/../../../../arm-none-eabi/lib/armv6k/fpu\libg.a(libc_a-time.o)
                0x001217f4                time
 .text.__call_exitprocs
                0x0012183c        0x4 C:/devkitPro/devkitARM/bin/../lib/gcc/arm-none-eabi/16.1.0/../../../../arm-none-eabi/lib/armv6k/fpu\libg.a(libc_a-exit.o)
                0x0012183c                __call_exitprocs
 .text.exit     0x00121840       0x30 C:/devkitPro/devkitARM/bin/../lib/gcc/arm-none-eabi/16.1.0/../../../../arm-none-eabi/lib/armv6k/fpu\libg.a(libc_a-exit.o)
                0x00121840                exit
 .text.get_arg  0x00121870      0x5e0 C:/devkitPro/devkitARM/bin/../lib/gcc/arm-none-eabi/16.1.0/../../../../arm-none-eabi/lib/armv6k/fpu\libg.a(libc_a-svfprintf.o)
 .text._svfprintf_r
                0x00121e50     0x345c C:/devkitPro/devkitARM/bin/../lib/gcc/arm-none-eabi/16.1.0/../../../../arm-none-eabi/lib/armv6k/fpu\libg.a(libc_a-svfprintf.o)
                0x00121e50                _svfprintf_r
 .text.__sflags
                0x001252ac       0xb8 C:/devkitPro/devkitARM/bin/../lib/gcc/arm-none-eabi/16.1.0/../../../../arm-none-eabi/lib/armv6k/fpu\libg.a(libc_a-flags.o)
                0x001252ac                __sflags
 .text.__libc_fini_array
                0x00125364       0x3c C:/devkitPro/devkitARM/bin/../lib/gcc/arm-none-eabi/16.1.0/../../../../arm-none-eabi/lib/armv6k/fpu\libg.a(libc_a-fini.o)
                0x00125364                __libc_fini_array
 .text.strnlen  0x001253a0       0x3c C:/devkitPro/devkitARM/bin/../lib/gcc/arm-none-eabi/16.1.0/../../../../arm-none-eabi/lib/armv6k/fpu\libg.a(libc_a-strnlen.o)
                0x001253a0                strnlen
 .text.get_arg  0x001253dc      0x5e0 C:/devkitPro/devkitARM/bin/../lib/gcc/arm-none-eabi/16.1.0/../../../../arm-none-eabi/lib/armv6k/fpu\libg.a(libc_a-vfiprintf.o)
 .text._vfiprintf_r
                0x001259bc     0x22f8 C:/devkitPro/devkitARM/bin/../lib/gcc/arm-none-eabi/16.1.0/../../../../arm-none-eabi/lib/armv6k/fpu\libg.a(libc_a-vfiprintf.o)
                0x001259bc                _vfiprintf_r
 .text.__sbprintf
                0x00127cb4       0xb4 C:/devkitPro/devkitARM/bin/../lib/gcc/arm-none-eabi/16.1.0/../../../../arm-none-eabi/lib/armv6k/fpu\libg.a(libc_a-vfiprintf.o)
 .text.strncmp  0x00127d68       0xd8 C:/devkitPro/devkitARM/bin/../lib/gcc/arm-none-eabi/16.1.0/../../../../arm-none-eabi/lib/armv6k/fpu\libg.a(libc_a-strncmp.o)
                0x00127d68                strncmp
 .text.sprintf  0x00127e40       0x68 C:/devkitPro/devkitARM/bin/../lib/gcc/arm-none-eabi/16.1.0/../../../../arm-none-eabi/lib/armv6k/fpu\libg.a(libc_a-sprintf.o)
                0x00127e40                sprintf
 .text.lflush   0x00127ea8       0x38 C:/devkitPro/devkitARM/bin/../lib/gcc/arm-none-eabi/16.1.0/../../../../arm-none-eabi/lib/armv6k/fpu\libg.a(libc_a-refill.o)
 .text.__srefill_r
                0x00127ee0      0x1a8 C:/devkitPro/devkitARM/bin/../lib/gcc/arm-none-eabi/16.1.0/../../../../arm-none-eabi/lib/armv6k/fpu\libg.a(libc_a-refill.o)
                0x00127ee0                __srefill_r
 .text.frexp    0x00128088       0x88 C:/devkitPro/devkitARM/bin/../lib/gcc/arm-none-eabi/16.1.0/../../../../arm-none-eabi/lib/armv6k/fpu\libg.a(libm_a-s_frexp.o)
                0x00128088                frexp
 .text._fwalk_sglue
                0x00128110       0x70 C:/devkitPro/devkitARM/bin/../lib/gcc/arm-none-eabi/16.1.0/../../../../arm-none-eabi/lib/armv6k/fpu\libg.a(libc_a-fwalk.o)
                0x00128110                _fwalk_sglue
 .text._wcrtomb_r
                0x00128180       0xa0 C:/devkitPro/devkitARM/bin/../lib/gcc/arm-none-eabi/16.1.0/../../../../arm-none-eabi/lib/armv6k/fpu\libg.a(libc_a-wcrtomb.o)
                0x00128180                _wcrtomb_r
 .text.__ssprint_r
                0x00128220       0xa4 C:/devkitPro/devkitARM/bin/../lib/gcc/arm-none-eabi/16.1.0/../../../../arm-none-eabi/lib/armv6k/fpu\libg.a(libc_a-ssprint_r.o)
                0x00128220                __ssprint_r
 .text._raise_r
                0x001282c4       0x9c C:/devkitPro/devkitARM/bin/../lib/gcc/arm-none-eabi/16.1.0/../../../../arm-none-eabi/lib/armv6k/fpu\libg.a(libc_a-signal.o)
                0x001282c4                _raise_r
 .text.raise    0x00128360       0x20 C:/devkitPro/devkitARM/bin/../lib/gcc/arm-none-eabi/16.1.0/../../../../arm-none-eabi/lib/armv6k/fpu\libg.a(libc_a-signal.o)
                0x00128360                raise
 .text.__locale_mb_cur_max
                0x00128380       0x24 C:/devkitPro/devkitARM/bin/../lib/gcc/arm-none-eabi/16.1.0/../../../../arm-none-eabi/lib/armv6k/fpu\libg.a(libc_a-locale.o)
                0x00128380                __locale_mb_cur_max
 .text.__sprint_r
                0x001283a4       0x30 C:/devkitPro/devkitARM/bin/../lib/gcc/arm-none-eabi/16.1.0/../../../../arm-none-eabi/lib/armv6k/fpu\libg.a(libc_a-sprint_r.o)
                0x001283a4                __sprint_r
 .text.quorem   0x001283d4      0x1c0 C:/devkitPro/devkitARM/bin/../lib/gcc/arm-none-eabi/16.1.0/../../../../arm-none-eabi/lib/armv6k/fpu\libg.a(libc_a-dtoa.o)
 *fill*         0x00128594        0x4 
 .text._dtoa_r  0x00128598     0x1420 C:/devkitPro/devkitARM/bin/../lib/gcc/arm-none-eabi/16.1.0/../../../../arm-none-eabi/lib/armv6k/fpu\libg.a(libc_a-dtoa.o)
                0x00128598                _dtoa_r
 .text.memchr   0x001299b8       0xe8 C:/devkitPro/devkitARM/bin/../lib/gcc/arm-none-eabi/16.1.0/../../../../arm-none-eabi/lib/armv6k/fpu\libg.a(libc_a-memchr-stub.o)
                0x001299b8                memchr
 .text._wcsrtombs_r
                0x00129aa0       0x28 C:/devkitPro/devkitARM/bin/../lib/gcc/arm-none-eabi/16.1.0/../../../../arm-none-eabi/lib/armv6k/fpu\libg.a(libc_a-wcsrtombs.o)
                0x00129aa0                _wcsrtombs_r
 .text.__swsetup_r
                0x00129ac8      0x140 C:/devkitPro/devkitARM/bin/../lib/gcc/arm-none-eabi/16.1.0/../../../../arm-none-eabi/lib/armv6k/fpu\libg.a(libc_a-wsetup.o)
                0x00129ac8                __swsetup_r
 .text._localeconv_r
                0x00129c08       0x24 C:/devkitPro/devkitARM/bin/../lib/gcc/arm-none-eabi/16.1.0/../../../../arm-none-eabi/lib/armv6k/fpu\libg.a(libc_a-localeconv.o)
                0x00129c08                _localeconv_r
 .text.__ssputs_r
                0x00129c2c      0x12c C:/devkitPro/devkitARM/bin/../lib/gcc/arm-none-eabi/16.1.0/../../../../arm-none-eabi/lib/armv6k/fpu\libg.a(libc_a-ssputs_r.o)
                0x00129c2c                __ssputs_r
 .text.__utf8_wctomb
                0x00129d58       0xf8 C:/devkitPro/devkitARM/bin/../lib/gcc/arm-none-eabi/16.1.0/../../../../arm-none-eabi/lib/armv6k/fpu\libg.a(libc_a-wctomb_r.o)
                0x00129d58                __utf8_wctomb
 .text._wcsnrtombs_l
                0x00129e50      0x15c C:/devkitPro/devkitARM/bin/../lib/gcc/arm-none-eabi/16.1.0/../../../../arm-none-eabi/lib/armv6k/fpu\libg.a(libc_a-wcsnrtombs.o)
                0x00129e50                _wcsnrtombs_l
 .text._wcsnrtombs_r
                0x00129fac       0x64 C:/devkitPro/devkitARM/bin/../lib/gcc/arm-none-eabi/16.1.0/../../../../arm-none-eabi/lib/armv6k/fpu\libg.a(libc_a-wcsnrtombs.o)
                0x00129fac                _wcsnrtombs_r
 .text._Balloc  0x0012a010       0x88 C:/devkitPro/devkitARM/bin/../lib/gcc/arm-none-eabi/16.1.0/../../../../arm-none-eabi/lib/armv6k/fpu\libg.a(libc_a-mprec.o)
                0x0012a010                _Balloc
 .text._Bfree   0x0012a098       0x1c C:/devkitPro/devkitARM/bin/../lib/gcc/arm-none-eabi/16.1.0/../../../../arm-none-eabi/lib/armv6k/fpu\libg.a(libc_a-mprec.o)
                0x0012a098                _Bfree
 .text.__multadd
                0x0012a0b4       0xf4 C:/devkitPro/devkitARM/bin/../lib/gcc/arm-none-eabi/16.1.0/../../../../arm-none-eabi/lib/armv6k/fpu\libg.a(libc_a-mprec.o)
                0x0012a0b4                __multadd
 .text.__hi0bits
                0x0012a1a8       0x80 C:/devkitPro/devkitARM/bin/../lib/gcc/arm-none-eabi/16.1.0/../../../../arm-none-eabi/lib/armv6k/fpu\libg.a(libc_a-mprec.o)
                0x0012a1a8                __hi0bits
 .text.__lo0bits
                0x0012a228       0xf0 C:/devkitPro/devkitARM/bin/../lib/gcc/arm-none-eabi/16.1.0/../../../../arm-none-eabi/lib/armv6k/fpu\libg.a(libc_a-mprec.o)
                0x0012a228                __lo0bits
 .text.__i2b    0x0012a318       0xa4 C:/devkitPro/devkitARM/bin/../lib/gcc/arm-none-eabi/16.1.0/../../../../arm-none-eabi/lib/armv6k/fpu\libg.a(libc_a-mprec.o)
                0x0012a318                __i2b
 .text.__multiply
                0x0012a3bc      0x230 C:/devkitPro/devkitARM/bin/../lib/gcc/arm-none-eabi/16.1.0/../../../../arm-none-eabi/lib/armv6k/fpu\libg.a(libc_a-mprec.o)
                0x0012a3bc                __multiply
 .text.__pow5mult
                0x0012a5ec      0x130 C:/devkitPro/devkitARM/bin/../lib/gcc/arm-none-eabi/16.1.0/../../../../arm-none-eabi/lib/armv6k/fpu\libg.a(libc_a-mprec.o)
                0x0012a5ec                __pow5mult
 .text.__lshift
                0x0012a71c      0x138 C:/devkitPro/devkitARM/bin/../lib/gcc/arm-none-eabi/16.1.0/../../../../arm-none-eabi/lib/armv6k/fpu\libg.a(libc_a-mprec.o)
                0x0012a71c                __lshift
 .text.__mcmp   0x0012a854       0x58 C:/devkitPro/devkitARM/bin/../lib/gcc/arm-none-eabi/16.1.0/../../../../arm-none-eabi/lib/armv6k/fpu\libg.a(libc_a-mprec.o)
                0x0012a854                __mcmp
 .text.__mdiff  0x0012a8ac      0x218 C:/devkitPro/devkitARM/bin/../lib/gcc/arm-none-eabi/16.1.0/../../../../arm-none-eabi/lib/armv6k/fpu\libg.a(libc_a-mprec.o)
                0x0012a8ac                __mdiff
 .text.__d2b    0x0012aac4      0x120 C:/devkitPro/devkitARM/bin/../lib/gcc/arm-none-eabi/16.1.0/../../../../arm-none-eabi/lib/armv6k/fpu\libg.a(libc_a-mprec.o)
                0x0012aac4                __d2b
 .text.__utf8_mbtowc
                0x0012abe4      0x340 C:/devkitPro/devkitARM/bin/../lib/gcc/arm-none-eabi/16.1.0/../../../../arm-none-eabi/lib/armv6k/fpu\libg.a(libc_a-mbtowc_r.o)
                0x0012abe4                __utf8_mbtowc
 .text.__sfvwrite_r
                0x0012af24      0x4a4 C:/devkitPro/devkitARM/bin/../lib/gcc/arm-none-eabi/16.1.0/../../../../arm-none-eabi/lib/armv6k/fpu\libg.a(libc_a-fvwrite.o)
                0x0012af24                __sfvwrite_r
 .text._realloc_r
                0x0012b3c8      0x4f0 C:/devkitPro/devkitARM/bin/../lib/gcc/arm-none-eabi/16.1.0/../../../../arm-none-eabi/lib/armv6k/fpu\libg.a(libc_a-reallocr.o)
                0x0012b3c8                _realloc_r
 .text._exit    0x0012b8b8       0x20 C:/devkitPro/devkitARM/bin/../lib/gcc/arm-none-eabi/16.1.0/../../../../arm-none-eabi/lib/armv6k/fpu\libsysbase.a(libsysbase_libsysbase_a-_exit.o)
                0x0012b8b8                _exit
 .text.chdir    0x0012b8d8      0x140 C:/devkitPro/devkitARM/bin/../lib/gcc/arm-none-eabi/16.1.0/../../../../arm-none-eabi/lib/armv6k/fpu\libsysbase.a(libsysbase_libsysbase_a-chdir.o)
                0x0012b8d8                chdir
 .text._concatenate_path
                0x0012ba18      0x1c8 C:/devkitPro/devkitARM/bin/../lib/gcc/arm-none-eabi/16.1.0/../../../../arm-none-eabi/lib/armv6k/fpu\libsysbase.a(libsysbase_libsysbase_a-concatenate.o)
                0x0012ba18                _concatenate_path
 .text.__dirnext
                0x0012bbe0       0x70 C:/devkitPro/devkitARM/bin/../lib/gcc/arm-none-eabi/16.1.0/../../../../arm-none-eabi/lib/armv6k/fpu\libsysbase.a(libsysbase_libsysbase_a-dirent.o)
 .text.__dirreset.isra.0
                0x0012bc50       0x68 C:/devkitPro/devkitARM/bin/../lib/gcc/arm-none-eabi/16.1.0/../../../../arm-none-eabi/lib/armv6k/fpu\libsysbase.a(libsysbase_libsysbase_a-dirent.o)
 .text.opendir  0x0012bcb8      0x114 C:/devkitPro/devkitARM/bin/../lib/gcc/arm-none-eabi/16.1.0/../../../../arm-none-eabi/lib/armv6k/fpu\libsysbase.a(libsysbase_libsysbase_a-dirent.o)
                0x0012bcb8                opendir
 .text.closedir
                0x0012bdcc       0x98 C:/devkitPro/devkitARM/bin/../lib/gcc/arm-none-eabi/16.1.0/../../../../arm-none-eabi/lib/armv6k/fpu\libsysbase.a(libsysbase_libsysbase_a-dirent.o)
                0x0012bdcc                closedir
 .text.readdir_r
                0x0012be64       0xf8 C:/devkitPro/devkitARM/bin/../lib/gcc/arm-none-eabi/16.1.0/../../../../arm-none-eabi/lib/armv6k/fpu\libsysbase.a(libsysbase_libsysbase_a-dirent.o)
                0x0012be64                readdir_r
 .text.readdir  0x0012bf5c       0x48 C:/devkitPro/devkitARM/bin/../lib/gcc/arm-none-eabi/16.1.0/../../../../arm-none-eabi/lib/armv6k/fpu\libsysbase.a(libsysbase_libsysbase_a-dirent.o)
                0x0012bf5c                readdir
 .text.rewinddir
                0x0012bfa4       0x30 C:/devkitPro/devkitARM/bin/../lib/gcc/arm-none-eabi/16.1.0/../../../../arm-none-eabi/lib/armv6k/fpu\libsysbase.a(libsysbase_libsysbase_a-dirent.o)
                0x0012bfa4                rewinddir
 .text._fstat_r
                0x0012bfd4       0x9c C:/devkitPro/devkitARM/bin/../lib/gcc/arm-none-eabi/16.1.0/../../../../arm-none-eabi/lib/armv6k/fpu\libsysbase.a(libsysbase_libsysbase_a-fstat.o)
                0x0012bfd4                _fstat_r
 .text._getpid_r
                0x0012c070       0x14 C:/devkitPro/devkitARM/bin/../lib/gcc/arm-none-eabi/16.1.0/../../../../arm-none-eabi/lib/armv6k/fpu\libsysbase.a(libsysbase_libsysbase_a-getpid.o)
                0x0012c070                _getpid_r
 .text.__getreent
                0x0012c084       0x2c C:/devkitPro/devkitARM/bin/../lib/gcc/arm-none-eabi/16.1.0/../../../../arm-none-eabi/lib/armv6k/fpu\libsysbase.a(libsysbase_libsysbase_a-getreent.o)
                0x0012c084                __getreent
 .text._gettimeofday_r
                0x0012c0b0       0x30 C:/devkitPro/devkitARM/bin/../lib/gcc/arm-none-eabi/16.1.0/../../../../arm-none-eabi/lib/armv6k/fpu\libsysbase.a(libsysbase_libsysbase_a-gettod.o)
                0x0012c0b0                _gettimeofday_r
 .text.__release_handle
                0x0012c0e0       0xa0 C:/devkitPro/devkitARM/bin/../lib/gcc/arm-none-eabi/16.1.0/../../../../arm-none-eabi/lib/armv6k/fpu\libsysbase.a(libsysbase_libsysbase_a-handle_manager.o)
                0x0012c0e0                __release_handle
 .text.__alloc_handle
                0x0012c180       0xb0 C:/devkitPro/devkitARM/bin/../lib/gcc/arm-none-eabi/16.1.0/../../../../arm-none-eabi/lib/armv6k/fpu\libsysbase.a(libsysbase_libsysbase_a-handle_manager.o)
                0x0012c180                __alloc_handle
 .text.__get_handle
                0x0012c230       0x58 C:/devkitPro/devkitARM/bin/../lib/gcc/arm-none-eabi/16.1.0/../../../../arm-none-eabi/lib/armv6k/fpu\libsysbase.a(libsysbase_libsysbase_a-handle_manager.o)
                0x0012c230                __get_handle
 .text._close_r
                0x0012c288      0x110 C:/devkitPro/devkitARM/bin/../lib/gcc/arm-none-eabi/16.1.0/../../../../arm-none-eabi/lib/armv6k/fpu\libsysbase.a(libsysbase_libsysbase_a-handle_manager.o)
                0x0012c288                _close_r
 .text.null_write
                0x0012c398        0x8 C:/devkitPro/devkitARM/bin/../lib/gcc/arm-none-eabi/16.1.0/../../../../arm-none-eabi/lib/armv6k/fpu\libsysbase.a(libsysbase_libsysbase_a-iosupport.o)
 .text.setDefaultDevice
                0x0012c3a0       0x18 C:/devkitPro/devkitARM/bin/../lib/gcc/arm-none-eabi/16.1.0/../../../../arm-none-eabi/lib/armv6k/fpu\libsysbase.a(libsysbase_libsysbase_a-iosupport.o)
                0x0012c3a0                setDefaultDevice
 .text.FindDevice
                0x0012c3b8       0x98 C:/devkitPro/devkitARM/bin/../lib/gcc/arm-none-eabi/16.1.0/../../../../arm-none-eabi/lib/armv6k/fpu\libsysbase.a(libsysbase_libsysbase_a-iosupport.o)
                0x0012c3b8                FindDevice
 .text.RemoveDevice
                0x0012c450       0x24 C:/devkitPro/devkitARM/bin/../lib/gcc/arm-none-eabi/16.1.0/../../../../arm-none-eabi/lib/armv6k/fpu\libsysbase.a(libsysbase_libsysbase_a-iosupport.o)
                0x0012c450                RemoveDevice
 .text.AddDevice
                0x0012c474       0x88 C:/devkitPro/devkitARM/bin/../lib/gcc/arm-none-eabi/16.1.0/../../../../arm-none-eabi/lib/armv6k/fpu\libsysbase.a(libsysbase_libsysbase_a-iosupport.o)
                0x0012c474                AddDevice
 .text.GetDeviceOpTab
                0x0012c4fc       0x20 C:/devkitPro/devkitARM/bin/../lib/gcc/arm-none-eabi/16.1.0/../../../../arm-none-eabi/lib/armv6k/fpu\libsysbase.a(libsysbase_libsysbase_a-iosupport.o)
                0x0012c4fc                GetDeviceOpTab
 .text._isatty_r
                0x0012c51c        0x8 C:/devkitPro/devkitARM/bin/../lib/gcc/arm-none-eabi/16.1.0/../../../../arm-none-eabi/lib/armv6k/fpu\libsysbase.a(libsysbase_libsysbase_a-isatty.o)
                0x0012c51c                _isatty_r
 .text._kill_r  0x0012c524       0x14 C:/devkitPro/devkitARM/bin/../lib/gcc/arm-none-eabi/16.1.0/../../../../arm-none-eabi/lib/armv6k/fpu\libsysbase.a(libsysbase_libsysbase_a-kill.o)
                0x0012c524                _kill_r
 .text._lseek_r
                0x0012c538       0x94 C:/devkitPro/devkitARM/bin/../lib/gcc/arm-none-eabi/16.1.0/../../../../arm-none-eabi/lib/armv6k/fpu\libsysbase.a(libsysbase_libsysbase_a-lseek.o)
                0x0012c538                _lseek_r
 .text._open_r  0x0012c5cc       0xc0 C:/devkitPro/devkitARM/bin/../lib/gcc/arm-none-eabi/16.1.0/../../../../arm-none-eabi/lib/armv6k/fpu\libsysbase.a(libsysbase_libsysbase_a-open.o)
                0x0012c5cc                _open_r
 .text._read_r  0x0012c68c       0x94 C:/devkitPro/devkitARM/bin/../lib/gcc/arm-none-eabi/16.1.0/../../../../arm-none-eabi/lib/armv6k/fpu\libsysbase.a(libsysbase_libsysbase_a-read.o)
                0x0012c68c                _read_r
 .text._sbrk_r  0x0012c720       0x78 C:/devkitPro/devkitARM/bin/../lib/gcc/arm-none-eabi/16.1.0/../../../../arm-none-eabi/lib/armv6k/fpu\libsysbase.a(libsysbase_libsysbase_a-sbrk.o)
                0x0012c720                _sbrk_r
 .text.__libc_lock_acquire
                0x0012c798       0x1c C:/devkitPro/devkitARM/bin/../lib/gcc/arm-none-eabi/16.1.0/../../../../arm-none-eabi/lib/armv6k/fpu\libsysbase.a(libsysbase_libsysbase_a-syscall_support.o)
                0x0012c798                __libc_lock_acquire
 .text.__libc_lock_release
                0x0012c7b4       0x1c C:/devkitPro/devkitARM/bin/../lib/gcc/arm-none-eabi/16.1.0/../../../../arm-none-eabi/lib/armv6k/fpu\libsysbase.a(libsysbase_libsysbase_a-syscall_support.o)
                0x0012c7b4                __libc_lock_release
 .text.__libc_lock_acquire_recursive
                0x0012c7d0       0x1c C:/devkitPro/devkitARM/bin/../lib/gcc/arm-none-eabi/16.1.0/../../../../arm-none-eabi/lib/armv6k/fpu\libsysbase.a(libsysbase_libsysbase_a-syscall_support.o)
                0x0012c7d0                __libc_lock_acquire_recursive
 .text.__libc_lock_release_recursive
                0x0012c7ec       0x1c C:/devkitPro/devkitARM/bin/../lib/gcc/arm-none-eabi/16.1.0/../../../../arm-none-eabi/lib/armv6k/fpu\libsysbase.a(libsysbase_libsysbase_a-syscall_support.o)
                0x0012c7ec                __libc_lock_release_recursive
 .text._write_r
                0x0012c808       0x94 C:/devkitPro/devkitARM/bin/../lib/gcc/arm-none-eabi/16.1.0/../../../../arm-none-eabi/lib/armv6k/fpu\libsysbase.a(libsysbase_libsysbase_a-write.o)
                0x0012c808                _write_r
 *(.glue_7)
 .glue_7        0x0012c89c        0x0 linker stubs
 *(.glue_7t)
 .glue_7t       0x0012c89c        0x0 linker stubs
 *(.stub)
 *(.gnu.warning)
 *(.gnu.linkonce.t*)
                0x0012c89c                        . = ALIGN (0x4)
 *(.fini)
 .fini          0x0012c89c        0xc C:/devkitPro/devkitARM/bin/../lib/gcc/arm-none-eabi/16.1.0/armv6k/fpu/crti.o
                0x0012c89c                _fini
 .fini          0x0012c8a8        0xc C:/devkitPro/devkitARM/bin/../lib/gcc/arm-none-eabi/16.1.0/armv6k/fpu/crtn.o
                0x0012c8b4                        . = ALIGN (0x4)

.vfp11_veneer   0x0012c8b4        0x0
 .vfp11_veneer  0x0012c8b4        0x0 linker stubs

.v4_bx          0x0012c8b4        0x0
 .v4_bx         0x0012c8b4        0x0 linker stubs

.iplt           0x0012c8b4        0x0
 .iplt          0x0012c8b4        0x0 C:/devkitPro/devkitARM/bin/../lib/gcc/arm-none-eabi/16.1.0/../../../../arm-none-eabi/lib/armv6k/fpu/3dsx_crt0.o
                0x0012d000                        . = ALIGN (0x1000)

.rodata         0x0012d000     0xba94
 *(.rodata)
 .rodata        0x0012d000      0x148 main.o
 .rodata        0x0012d148      0x144 C:/devkitPro/portlibs/3ds/lib\libmad.a(frame.o)
 .rodata        0x0012d28c      0x880 C:/devkitPro/portlibs/3ds/lib\libmad.a(synth.o)
 .rodata        0x0012db0c      0x332 C:/devkitPro/portlibs/3ds/lib\libmad.a(layer12.o)
 *fill*         0x0012de3e        0x2 
 .rodata        0x0012de40     0x85aa C:/devkitPro/portlibs/3ds/lib\libmad.a(layer3.o)
 *fill*         0x001363ea        0x2 
 .rodata        0x001363ec     0x1228 C:/devkitPro/portlibs/3ds/lib\libmad.a(huffman.o)
                0x001363ec                mad_huff_pair_table
                0x001364ec                mad_huff_quad_table
 .rodata        0x00137614      0x200 C:/devkitPro/portlibs/3ds/lib\libmad.a(bit.o)
 .rodata        0x00137814       0x28 C:/devkitPro/portlibs/3ds/lib\libmad.a(timer.o)
                0x00137834                mad_timer_zero
 .rodata        0x0013783c        0xc C:/devkitPro/libctru/lib\libctru.a(romfs_dev.o)
 .rodata        0x00137848       0x18 C:/devkitPro/libctru/lib\libctru.a(ndsp.o)
 .rodata        0x00137860        0xc C:/devkitPro/libctru/lib\libctru.a(archive_dev.o)
 *(.roda)
 *(.rodata.*)
 .rodata.str1.4
                0x0013786c      0x899 main.o
                                0x362 (size before relaxing)
 .rodata.str1.4
                0x00138105        0x0 C:/devkitPro/portlibs/3ds/lib\libmad.a(stream.o)
                                0x236 (size before relaxing)
 .rodata.str1.4
                0x00138105        0x0 C:/devkitPro/portlibs/3ds/lib\libmad.a(layer3.o)
                                 0x79 (size before relaxing)
 .rodata.str1.4
                0x00138105        0x0 C:/devkitPro/portlibs/3ds/lib\libmad.a(timer.o)
                                 0x1f (size before relaxing)
 .rodata.romfs_dirnext.str1.4
                0x00138105        0x0 C:/devkitPro/libctru/lib\libctru.a(romfs_dev.o)
                                  0x7 (size before relaxing)
 .rodata.romfsMountSelf.str1.4
                0x00138105        0x0 C:/devkitPro/libctru/lib\libctru.a(romfs_dev.o)
                                 0x19 (size before relaxing)
 .rodata.str1.4
                0x00138105        0x0 C:/devkitPro/libctru/lib\libctru.a(romfs_dev.o)
                                  0x1 (size before relaxing)