Archive member included to satisfy reference by file (symbol)

C:/devkitPro/portlibs/3ds/lib\libmad.a(stream.o)
                              main.o (mad_stream_init)
C:/devkitPro/portlibs/3ds/lib\libmad.a(frame.o)
                              main.o (mad_frame_finish)
C:/devkitPro/portlibs/3ds/lib\libmad.a(synth.o)
                              main.o (mad_synth_init)
C:/devkitPro/portlibs/3ds/lib\libmad.a(layer12.o)
                              C:/devkitPro/portlibs/3ds/lib\libmad.a(frame.o) (mad_layer_I)
C:/devkitPro/portlibs/3ds/lib\libmad.a(layer3.o)
                              C:/devkitPro/portlibs/3ds/lib\libmad.a(frame.o) (mad_layer_III)
C:/devkitPro/portlibs/3ds/lib\libmad.a(huffman.o)
                              C:/devkitPro/portlibs/3ds/lib\libmad.a(layer3.o) (mad_huff_pair_table)
C:/devkitPro/portlibs/3ds/lib\libmad.a(imdct_l_arm.o)
                              C:/devkitPro/portlibs/3ds/lib\libmad.a(layer3.o) (III_imdct_l)
C:/devkitPro/portlibs/3ds/lib\libmad.a(bit.o)
                              C:/devkitPro/portlibs/3ds/lib\libmad.a(stream.o) (mad_bit_init)
C:/devkitPro/portlibs/3ds/lib\libmad.a(timer.o)
                              C:/devkitPro/portlibs/3ds/lib\libmad.a(frame.o) (mad_timer_set)
C:/devkitPro/libctru/lib\libctru.a(linear.o)
                              main.o (linearAlloc)
C:/devkitPro/libctru/lib\libctru.a(mem_pool.o)
                              C:/devkitPro/libctru/lib\libctru.a(linear.o) (MemPool::Allocate(MemChunk&, unsigned long, int))
C:/devkitPro/libctru/lib\libctru.a(gfx.o)
                              main.o (gfxSet3D)
C:/devkitPro/libctru/lib\libctru.a(os.o)
                              main.o (osSetSpeedupEnable)
C:/devkitPro/libctru/lib\libctru.a(romfs_dev.o)
                              main.o (romfsMountSelf)
C:/devkitPro/libctru/lib\libctru.a(thread.o)
                              main.o (threadCreate)
C:/devkitPro/libctru/lib\libctru.a(ndsp.o)
                              main.o (ndspInit)
C:/devkitPro/libctru/lib\libctru.a(ndsp-channel.o)
                              main.o (ndspChnReset)
C:/devkitPro/libctru/lib\libctru.a(apt.o)
                              main.o (aptHook)
C:/devkitPro/libctru/lib\libctru.a(cam.o)
                              main.o (camInit)
C:/devkitPro/libctru/lib\libctru.a(cfgu.o)
                              C:/devkitPro/libctru/lib\libctru.a(ndsp.o) (cfguInit)
C:/devkitPro/libctru/lib\libctru.a(dsp.o)
                              C:/devkitPro/libctru/lib\libctru.a(ndsp.o) (dspInit)
C:/devkitPro/libctru/lib\libctru.a(fs.o)
                              C:/devkitPro/libctru/lib\libctru.a(romfs_dev.o) (FSUSER_OpenFileDirectly)
C:/devkitPro/libctru/lib\libctru.a(gspgpu.o)
                              C:/devkitPro/libctru/lib\libctru.a(gfx.o) (gspInit)
C:/devkitPro/libctru/lib\libctru.a(hid.o)
                              main.o (hidScanInput)
C:/devkitPro/libctru/lib\libctru.a(irrst.o)
                              C:/devkitPro/libctru/lib\libctru.a(hid.o) (irrstInit)
C:/devkitPro/libctru/lib\libctru.a(ptmsysm.o)
                              C:/devkitPro/libctru/lib\libctru.a(os.o) (ptmSysmInit)
C:/devkitPro/libctru/lib\libctru.a(rbtree_find.o)
                              C:/devkitPro/libctru/lib\libctru.a(linear.o) (rbtree_find)
C:/devkitPro/libctru/lib\libctru.a(rbtree_init.o)
                              C:/devkitPro/libctru/lib\libctru.a(linear.o) (rbtree_init)
C:/devkitPro/libctru/lib\libctru.a(rbtree_insert.o)
                              C:/devkitPro/libctru/lib\libctru.a(linear.o) (rbtree_insert)
C:/devkitPro/libctru/lib\libctru.a(rbtree_remove.o)
                              C:/devkitPro/libctru/lib\libctru.a(linear.o) (rbtree_remove)
C:/devkitPro/libctru/lib\libctru.a(rbtree_rotate.o)
                              C:/devkitPro/libctru/lib\libctru.a(rbtree_insert.o) (rbtree_rotate)
C:/devkitPro/libctru/lib\libctru.a(utf16_to_utf8.o)
                              C:/devkitPro/libctru/lib\libctru.a(romfs_dev.o) (utf16_to_utf8)
C:/devkitPro/libctru/lib\libctru.a(utf8_to_utf16.o)
                              C:/devkitPro/libctru/lib\libctru.a(romfs_dev.o) (utf8_to_utf16)
C:/devkitPro/libctru/lib\libctru.a(allocateHeaps.o)
                              C:/devkitPro/libctru/lib\libctru.a(linear.o) (__ctru_linear_heap_size)
C:/devkitPro/libctru/lib\libctru.a(ctru_init.o)
                              C:/devkitPro/libctru/lib\libctru.a(apt.o) (__system_retAddr)
C:/devkitPro/libctru/lib\libctru.a(initArgv.o)
                              C:/devkitPro/libctru/lib\libctru.a(ctru_init.o) (__system_initArgv)
C:/devkitPro/libctru/lib\libctru.a(syscalls.o)
                              C:/devkitPro/libctru/lib\libctru.a(thread.o) (initThreadVars)
C:/devkitPro/libctru/lib\libctru.a(svc.o)
                              C:/devkitPro/libctru/lib\libctru.a(allocateHeaps.o) (svcControlMemory)
C:/devkitPro/libctru/lib\libctru.a(readtp.o)
[...]
Memory Configuration

Name             Origin             Length             Attributes
*default*        0x00000000         0xffffffff

Linker script and memory map

                0x00000000                        __sync_synchronize = __sync_synchronize_dmb
                0x00100000                        PROVIDE (__start__ = 0x100000)
                0x00100000                        . = __start__

.text           0x00100000    0x65a2c
 *(.crt0)
 .crt0          0x00100000       0x94 C:/devkitPro/devkitARM/bin/../lib/gcc/arm-none-eabi/16.1.0/../../../../arm-none-eabi/lib/armv6k/fpu/3dsx_crt0.o
                0x00100000                _start
                0x00100008                __service_ptr
                0x0010000c                __apt_appid
                0x00100010                __heap_size
                0x00100014                __linear_heap_size
                0x00100018                __system_arglist
                0x0010001c                __system_runflags
 *(.init)
 .init          0x00100094        0xc C:/devkitPro/devkitARM/bin/../lib/gcc/arm-none-eabi/16.1.0/armv6k/fpu/crti.o
                0x00100094                _init
 .init          0x001000a0        0xc C:/devkitPro/devkitARM/bin/../lib/gcc/arm-none-eabi/16.1.0/armv6k/fpu/crtn.o
                0x001000ac                        . = ALIGN (0x4)
 *(.text)
 .text          0x001000ac      0x3d8 C:/devkitPro/portlibs/3ds/lib\libmad.a(stream.o)
                0x001000ac                mad_stream_init
                0x00100104                mad_stream_finish
                0x00100128                mad_stream_buffer
                0x00100154                mad_stream_skip
                0x00100164                mad_stream_sync
                0x001001e8                mad_stream_errorstr
 .text          0x00100484      0x92c C:/devkitPro/portlibs/3ds/lib\libmad.a(frame.o)
                0x001006f8                mad_header_init
                0x0010073c                mad_frame_finish
                0x00100760                mad_header_decode
                0x00100c20                mad_frame_decode
                0x00100cf4                mad_frame_mute
                0x00100d88                mad_frame_init
 .text          0x00100db0     0x174c C:/devkitPro/portlibs/3ds/lib\libmad.a(synth.o)
                0x001023a8                mad_synth_mute
                0x00102428                mad_synth_init
                0x00102450                mad_synth_frame
 .text          0x001024fc      0xd38 C:/devkitPro/portlibs/3ds/lib\libmad.a(layer12.o)
                0x00102628                mad_layer_I
                0x001029f0                mad_layer_II
 .text          0x00103234     0x296c C:/devkitPro/portlibs/3ds/lib\libmad.a(layer3.o)
                0x00105378                mad_layer_III
 .text          0x00105ba0      0x964 C:/devkitPro/portlibs/3ds/lib\libmad.a(imdct_l_arm.o)
                0x00105ba0                III_imdct_l
                0x00105ba0                _III_imdct_l
 .text          0x00106504      0x2ec C:/devkitPro/portlibs/3ds/lib\libmad.a(bit.o)
                0x00106504                mad_bit_init
                0x0010651c                mad_bit_length
                0x00106544                mad_bit_nextbyte
                0x00106558                mad_bit_skip
                0x001065a4                mad_bit_read
                0x00106664                mad_bit_crc
 .text          0x001067f0     0x1048 C:/devkitPro/portlibs/3ds/lib\libmad.a(timer.o)
                0x00106950                mad_timer_compare
                0x001069a4                mad_timer_negate
                0x001069d4                mad_timer_abs
                0x00106a10                mad_timer_set
                0x00106c24                mad_timer_add
                0x00106c94                mad_timer_multiply
                0x00106d24                mad_timer_count
                0x001070c0                mad_timer_fraction
                0x00107130                mad_timer_string
 .text          0x00107838      0x20c C:/devkitPro/devkitARM/bin/../lib/gcc/arm-none-eabi/16.1.0/armv6k/fpu\libgcc.a(_udivsi3.o)
                0x00107838                __aeabi_uidiv
                0x00107838                __udivsi3
                0x00107a24                __aeabi_uidivmod
 .text          0x00107a44      0x240 C:/devkitPro/devkitARM/bin/../lib/gcc/arm-none-eabi/16.1.0/armv6k/fpu\libgcc.a(_divsi3.o)
                0x00107a44                __divsi3
                0x00107a44                __aeabi_idiv
                0x00107c64                __aeabi_idivmod
 .text          0x00107c84        0x4 C:/devkitPro/devkitARM/bin/../lib/gcc/arm-none-eabi/16.1.0/armv6k/fpu\libgcc.a(_dvmd_tls.o)
                0x00107c84                __aeabi_idiv0
                0x00107c84                __aeabi_ldiv0
 .text          0x00107c88      0x3c0 C:/devkitPro/devkitARM/bin/../lib/gcc/arm-none-eabi/16.1.0/armv6k/fpu\libgcc.a(_arm_addsubdf3.o)
                0x00107c88                __aeabi_drsub
                0x00107c90                __aeabi_dsub
                0x00107c90                __subdf3
                0x00107c94                __aeabi_dadd
                0x00107c94                __adddf3
                0x00107f40                __floatunsidf
                0x00107f40                __aeabi_ui2d
                0x00107f64                __floatsidf
                0x00107f64                __aeabi_i2d
                0x00107f8c                __aeabi_f2d
                0x00107f8c                __extendsfdf2
                0x00107fd4                __floatundidf
                0x00107fd4                __aeabi_ul2d
                0x00107fe8                __floatdidf
                0x00107fe8                __aeabi_l2d
 .text          0x00108048      0x250 C:/devkitPro/devkitARM/bin/../lib/gcc/arm-none-eabi/16.1.0/armv6k/fpu\libgcc.a(_arm_addsubsf3.o)
                0x00108048                __aeabi_frsub
                0x00108050                __subsf3
                0x00108050                __aeabi_fsub
                0x00108054                __aeabi_fadd
                0x00108054                __addsf3
                0x001081e4                __aeabi_ui2f
                0x001081e4                __floatunsisf
                0x001081ec                __aeabi_i2f
                0x001081ec                __floatsisf
                0x0010820c                __aeabi_ul2f
                0x0010820c                __floatundisf
                0x0010821c                __aeabi_l2f
                0x0010821c                __floatdisf
 .text          0x00108298       0xd4 C:/devkitPro/devkitARM/bin/../lib/gcc/arm-none-eabi/16.1.0/armv6k/fpu\libgcc.a(_aeabi_ldivmod.o)
                0x00108298                __aeabi_ldivmod
 .text          0x0010836c       0x3c C:/devkitPro/devkitARM/bin/../lib/gcc/arm-none-eabi/16.1.0/armv6k/fpu\libgcc.a(_aeabi_uldivmod.o)
                0x0010836c                __aeabi_uldivmod
 *fill*         0x001083a8       0x18 
 .text          0x001083c0      0x390 C:/devkitPro/devkitARM/bin/../lib/gcc/arm-none-eabi/16.1.0/../../../../arm-none-eabi/lib/armv6k/fpu\libg.a(libc_a-strcmp.o)
                0x001083c8                strcmp
 *(.text.*)
 .text.__do_global_dtors_aux
                0x00108750       0x50 C:/devkitPro/devkitARM/bin/../lib/gcc/arm-none-eabi/16.1.0/armv6k/fpu/crtbegin.o
 .text.frame_dummy
                0x001087a0       0x2c C:/devkitPro/devkitARM/bin/../lib/gcc/arm-none-eabi/16.1.0/armv6k/fpu/crtbegin.o
 .text.drflac_oggbs__seek_physical
                0x001087cc       0xf4 main.o
 .text.drflac__on_tell_ogg
                0x001088c0        0x8 main.o
 .text.bit_reverse
                0x001088c8       0x64 main.o
 .text.uint32_compare
                0x0010892c       0x24 main.o
 .text.point_compare
                0x00108950       0x24 main.o
 .text.imdct_step3_inner_r_loop
                0x00108974      0x1ac main.o
 .text.vorbis_finish_frame
                0x00108b20      0x18c main.o
 .text.imdct_step3_iter0_loop
                0x00108cac      0x1bc main.o
 .text.drflac__on_seek_stdio
                0x00108e68       0x28 main.o
 .text.drflac__on_read_stdio
                0x00108e90       0x10 main.o
 .text.convert_channels_short_interleaved
                0x00108ea0      0x358 main.o
 .text.drflac__free_default
                0x001091f8        0x4 main.o
 .text.vorbis_deinit
                0x001091fc      0x4c4 main.o
 .text.setup_temp_free
                0x001096c0       0x2c main.o
 .text.drflac__realloc_default
                0x001096ec        0x4 main.o
 .text.drflac__malloc_default
                0x001096f0        0x4 main.o
 .text.setup_temp_malloc
                0x001096f4       0x44 main.o
 .text.setup_malloc
                0x00109738       0x54 main.o
 *fill*         0x0010978c        0x4 
 .text.drflac__read_streaminfo
                0x00109790      0x130 main.o
 .text.is_whole_packet_present
                0x001098c0      0x1c8 main.o
 .text.float32_unpack
                0x00109a88       0x40 main.o
 .text.ilog     0x00109ac8       0x9c main.o
 .text.include_in_sort.part.0
                0x00109b64       0x28 main.o
 .text.drflac__on_tell_stdio
                0x00109b8c       0x70 main.o
 .text.skip     0x00109bfc       0x70 main.o
 .text.getn     0x00109c6c       0x80 main.o
 .text.get8     0x00109cec       0x78 main.o
 .text.aptEventHook
                0x00109d64       0x20 main.o
                0x00109d64                aptEventHook
 .text.startAudioThread.part.0
                0x00109d84       0x50 main.o
 .text.drflac_ogg__read_page_header_after_capture_pattern.constprop.0
                0x00109dd4      0x12c main.o
 .text.drflac_ogg__read_page_header
                0x00109f00       0xe8 main.o
 .text.drflac_oggbs__goto_next_page
                0x00109fe8      0x19c main.o
 .text.drflac__on_seek_ogg
                0x0010a184      0x104 main.o
 .text.drflac__seek_to_byte
                0x0010a288      0x120 main.o
 .text.drflac__on_read_ogg
                0x0010a3a8       0xfc main.o
 .text.drflac__reload_cache
                0x0010a4a4      0x2b8 main.o
 .text.drflac__read_int32
                0x0010a75c      0x1a8 main.o
 .text.drflac__read_uint8
                0x0010a904      0x130 main.o
 .text.drflac__read_utf8_coded_number
                0x0010aa34      0x164 main.o
 .text.drflac__read_subframe_header
                0x0010ab98      0x158 main.o
 .text.drflac__read_uint16
                0x0010acf0      0x130 main.o
 .text.drflac__seek_bits
                0x0010ae20      0x174 main.o
 .text.drflac__read_next_flac_frame_header
                0x0010af94      0x7f8 main.o
 .text.drflac__read_and_seek_residual
                0x0010b78c      0x4ac main.o
 .text.drflac__seek_flac_frame
                0x0010bc38      0x434 main.o
 .text.drflac__decode_samples_with_residual__rice__scalar_zeroorder.constprop.0
                0x0010c06c      0x440 main.o
 .text.drflac__decode_samples_with_residual__rice__scalar
                0x0010c4ac     0x4b9c main.o
 .text.drflac__decode_samples_with_residual
                0x00111048      0xb00 main.o
 .text.drflac__malloc_from_callbacks
                0x00111b48       0x54 main.o
 .text.set_file_offset.isra.0
                0x00111b9c       0xb4 main.o
 .text.drflac__init_private__ogg.isra.0
                0x00111c50      0x3a0 main.o
 .text.drflac__init_private__native.isra.0
                0x00111ff0      0x1c4 main.o
 .text.drflac__decode_flac_frame
                0x001121b4      0x64c main.o
 .text.drflac__read_and_decode_next_flac_frame
                0x00112800       0x6c main.o
 .text.drflac_read_pcm_frames_s16.part.0
                0x0011286c      0x974 main.o
 .text.kameraKapat.part.0
                0x001131e0       0x84 main.o
 .text.get_seek_page_info
                0x00113264      0x178 main.o
 .text.drflac__seek_to_approximate_flac_frame_to_byte
                0x001133dc      0x1e8 main.o
 .text.inverse_mdct
                0x001135c4      0xb9c main.o
 .text.get32    0x00114160      0x198 main.o
 .text.start_page_no_capturepattern
                0x001142f8      0x2a0 main.o
 .text.drflac__seek_to_pcm_frame__binary_search_internal
                0x00114598      0x574 main.o
 *fill*         0x00114b0c        0x4 
 .text.init_blocksize
                0x00114b10      0x570 main.o
 .text.start_page
                0x00115080      0x180 main.o
 .text.start_packet
                0x00115200       0x60 main.o
 .text.next_segment
                0x00115260       0xdc main.o
 .text.get8_packet_raw
                0x0011533c       0xe8 main.o
 .text.get_bits
                0x00115424       0xb8 main.o
 .text.get32_packet
                0x001154dc       0x54 main.o
 .text.codebook_decode_scalar_raw
                0x00115530      0x1e4 main.o
 .text.codebook_decode_deinterleave_repeat
                0x00115714      0x320 main.o
 .text.codebook_decode_start
                0x00115a34      0x17c main.o
 .text.decode_residue
                0x00115bb0      0xeb4 main.o
 .text.vorbis_decode_packet_rest.isra.0
                0x00116a64      0xd50 main.o
 .text.maybe_start_packet
                0x001177b4      0x1f0 main.o
 .text.vorbis_decode_initial
                0x001179a4      0x2a0 main.o
 .text.vorbis_decode_packet
                0x00117c44       0x78 main.o
 .text.stb_vorbis_get_frame_float.part.0
                0x00117cbc       0xa8 main.o
 .text.vorbis_pump_first_frame
                0x00117d64       0xa0 main.o
 .text.stb_vorbis_seek_frame.part.0
                0x00117e04      0x1cc main.o
 .text.vorbis_find_page
                0x00117fd0      0x404 main.o
 .text.drflac_open_with_metadata_private
                0x001183d4     0x14b8 main.o
 .text.drflac_open_file
                0x0011988c       0x94 main.o
                0x0011988c                drflac_open_file
 .text.drflac_close
                0x00119920       0xcc main.o
                0x00119920                drflac_close
 .text.drflac_read_pcm_frames_s16
                0x001199ec      0x10c main.o
                0x001199ec                drflac_read_pcm_frames_s16
 .text.drflac_seek_to_pcm_frame
                0x00119af8     0x130c main.o
                0x00119af8                drflac_seek_to_pcm_frame
 .text.stb_vorbis_get_file_offset
                0x0011ae04       0x58 main.o
                0x0011ae04                stb_vorbis_get_file_offset
 .text.start_decoder.part.0
                0x0011ae5c     0x2504 main.o
 .text.stb_vorbis_stream_length_in_samples
                0x0011d360      0x1a8 main.o
                0x0011d360                stb_vorbis_stream_length_in_samples
 .text.seek_to_sample_coarse
                0x0011d508      0x618 main.o
 .text.stb_vorbis_seek
                0x0011db20      0x118 main.o
                0x0011db20                stb_vorbis_seek
 .text.sesIlerlemesi01.part.0
                0x0011dc38      0x180 main.o
 .text.stb_vorbis_open_file_section
                0x0011ddb8      0x14c main.o
                0x0011ddb8                stb_vorbis_open_file_section
 .text.stb_vorbis_open_file
                0x0011df04       0x6c main.o
                0x0011df04                stb_vorbis_open_file
 .text.stb_vorbis_get_samples_short_interleaved
                0x0011df70       0xec main.o
                0x0011df70                stb_vorbis_get_samples_short_interleaved
 *fill*         0x0011e05c        0x4 
 .text.trigInit
                0x0011e060       0x90 main.o
                0x0011e060                trigInit
 .text.cleanTrackName
                0x0011e0f0       0xc0 main.o
                0x0011e0f0                cleanTrackName
 .text.applyEqPreset
                0x0011e1b0      0x104 main.o
                0x0011e1b0                applyEqPreset
 .text.audioProcessSample
                0x0011e2b4      0x154 main.o
                0x0011e2b4                audioProcessSample
 .text.sesKanaliniYenidenBaslat
                0x0011e408       0xf4 main.o
                0x0011e408                sesKanaliniYenidenBaslat
 .text.sesBufferlariniHazirla
                0x0011e4fc      0x114 main.o
                0x0011e4fc                sesBufferlariniHazirla
 .text.initBeepEngine
                0x0011e610       0xc0 main.o
                0x0011e610                initBeepEngine
 .text.triggerUiBeep
                0x0011e6d0       0xec main.o
                0x0011e6d0                triggerUiBeep
 .text.extEquals
                0x0011e7bc       0x94 main.o
                0x0011e7bc                extEquals
 .text.audioFormatFromName
                0x0011e850       0xf8 main.o
                0x0011e850                audioFormatFromName
 .text.audioFormatFromHeader
                0x0011e948      0x1f4 main.o
                0x0011e948                audioFormatFromHeader
 .text.audioFormatFromFile
                0x0011eb3c       0x2c main.o
                0x0011eb3c                audioFormatFromFile
 .text.aktifSesHazir
                0x0011eb68       0x60 main.o
                0x0011eb68                aktifSesHazir
 .text.readLE32
                0x0011ebc8       0x30 main.o
                0x0011ebc8                readLE32
 .text.wavHeaderOku
                0x0011ebf8      0x22c main.o
                0x0011ebf8                wavHeaderOku
 .text.loadDirectory
                0x0011ee24      0x49c main.o
                0x0011ee24                loadDirectory
 .text.addAudioSearchHit
                0x0011f2c0       0xa4 main.o
                0x0011f2c0                addAudioSearchHit
 .text.processAudioSearchStep.part.0
                0x0011f364      0x304 main.o
 .text.searchAudioFilesOnSd
                0x0011f668       0xc0 main.o
                0x0011f668                searchAudioFilesOnSd
 .text.aktifSesKapat
                0x0011f728       0xb4 main.o
                0x0011f728                aktifSesKapat
 .text.sarkiYukle.part.0
                0x0011f7dc      0x464 main.o
 .text.sarkiYukle
                0x0011fc40       0x2c main.o
                0x0011fc40                sarkiYukle
 .text.sarkiZamaniniDegistir
                0x0011fc6c      0x248 main.o
                0x0011fc6c                sarkiZamaniniDegistir
 .text.sesAnlikSaniye
                0x0011feb4      0x100 main.o
                0x0011feb4                sesAnlikSaniye
 *fill*         0x0011ffb4        0x4 
 .text.sesYuzdeyeGit
                0x0011ffb8      0x220 main.o
                0x0011ffb8                sesYuzdeyeGit
 .text.sonrakiSarkiyaGec
                0x001201d8      0x1b0 main.o
                0x001201d8                sonrakiSarkiyaGec
 .text.audioProducerThread
                0x00120388      0x62c main.o
                0x00120388                audioProducerThread
 .text.stopAudioThread
                0x001209b4       0x40 main.o
                0x001209b4                stopAudioThread
 .text.pixelDraw
                0x001209f4       0x6c main.o
                0x001209f4                pixelDraw
 .text.gfxRect  0x00120a60      0x10c main.o
                0x00120a60                gfxRect
 .text.gfxLine  0x00120b6c      0x128 main.o
                0x00120b6c                gfxLine
 .text.gfxCircle
                0x00120c94       0xcc main.o
                0x00120c94                gfxCircle
 .text.gfxDisc  0x00120d60      0x11c main.o
                0x00120d60                gfxDisc
 .text.gfxGlowPixel
                0x00120e7c       0x9c main.o
                0x00120e7c                gfxGlowPixel
 .text.drawGear
                0x00120f18      0x31c main.o
                0x00120f18                drawGear
 .text.charDraw
                0x00121234      0x830 main.o
                0x00121234                charDraw
 .text.drawMatrixLogOverlay.part.0
                0x00121a64      0x118 main.o
 *fill*         0x00121b7c        0x4 
 .text.drawCyberSnakeOverlay.part.0
                0x00121b80      0x3f0 main.o
 .text.textDrawCentered
                0x00121f70       0xc8 main.o
                0x00121f70                textDrawCentered
 .text.drawLidAnimationOverlay.part.0
                0x00122038       0xe8 main.o
 .text.quadMixYenile
                0x00122120       0xb4 main.o
                0x00122120                quadMixYenile
 .text.rastgeleAnimasyonSec
                0x001221d4      0x148 main.o
                0x001221d4                rastgeleAnimasyonSec
 .text.drawScanlines
                0x0012231c      0x100 main.o
                0x0012231c                drawScanlines
 .text.kameraBaslat
                0x0012241c      0x170 main.o
                0x0012241c                kameraBaslat
 .text.drawKenwoodShell
                0x0012258c      0x604 main.o
                0x0012258c                drawKenwoodShell
 .text.kameraFrameCek.part.0
                0x00122b90      0x30c main.o
 *fill*         0x00122e9c        0x4 
 .text.drawPerspectiveTunnel
                0x00122ea0      0x620 main.o
                0x00122ea0                drawPerspectiveTunnel
 .text.drawSpectrumLayer
                0x001234c0     0x11d8 main.o
                0x001234c0                drawSpectrumLayer
 .text.drawDolphinAnim
                0x00124698      0x4d0 main.o
                0x00124698                drawDolphinAnim
 .text.drawStarfieldAnim
                0x00124b68      0x300 main.o
                0x00124b68                drawStarfieldAnim
 .text.drawTapeAnim
                0x00124e68      0x704 main.o
                0x00124e68                drawTapeAnim
 *fill*         0x0012556c        0x4 
 .text.drawRadarAnim
                0x00125570      0x584 main.o
                0x00125570                drawRadarAnim
 *fill*         0x00125af4        0x4 
 .text.drawOscilloscopeAnim
                0x00125af8      0x3b0 main.o
                0x00125af8                drawOscilloscopeAnim
 .text.drawCyberHighwayAnim
                0x00125ea8      0x50c main.o
                0x00125ea8                drawCyberHighwayAnim
 *fill*         0x001263b4        0x4 
 .text.drawDolphin3DAnim
                0x001263b8      0x4b4 main.o
                0x001263b8                drawDolphin3DAnim
 *fill*         0x0012686c        0x4 
 .text.drawCockpitDriveAnim
                0x00126870      0x4f4 main.o
                0x00126870                drawCockpitDriveAnim
 *fill*         0x00126d64        0x4 
 .text.drawSpectrumCityAnim
                0x00126d68      0x350 main.o
                0x00126d68                drawSpectrumCityAnim
 .text.drawAnalogMeterWall
                0x001270b8      0x3d0 main.o
                0x001270b8                drawAnalogMeterWall
 .text.drawMegaVizBackdrop
                0x00127488      0x360 main.o
                0x00127488                drawMegaVizBackdrop
 .text.drawMegaViz20
                0x001277e8      0x344 main.o
                0x001277e8                drawMegaViz20
 *fill*         0x00127b2c        0x4 
 .text.drawMegaViz21
                0x00127b30      0x288 main.o
                0x00127b30                drawMegaViz21
 .text.drawMegaViz22
                0x00127db8      0x380 main.o
                0x00127db8                drawMegaViz22
 .text.drawMegaViz23
                0x00128138      0x318 main.o
                0x00128138                drawMegaViz23
 .text.drawMegaViz24
                0x00128450      0x348 main.o
                0x00128450                drawMegaViz24
 .text.drawMegaViz25
                0x00128798      0x288 main.o
                0x00128798                drawMegaViz25
 .text.drawMegaViz26
                0x00128a20      0x380 main.o
                0x00128a20                drawMegaViz26
 .text.drawMegaViz27
                0x00128da0      0x318 main.o
                0x00128da0                drawMegaViz27
 .text.drawMegaViz28
                0x001290b8      0x344 main.o
                0x001290b8                drawMegaViz28
 *fill*         0x001293fc        0x4 
 .text.drawMegaViz29
                0x00129400      0x288 main.o
                0x00129400                drawMegaViz29
 .text.drawMegaViz30
                0x00129688      0x380 main.o
                0x00129688                drawMegaViz30
 .text.drawMegaViz31
                0x00129a08      0x318 main.o
                0x00129a08                drawMegaViz31
 .text.drawMegaViz32
                0x00129d20      0x348 main.o
                0x00129d20                drawMegaViz32
 .text.drawMegaViz33
                0x0012a068      0x288 main.o
                0x0012a068                drawMegaViz33
 .text.drawMegaViz34
                0x0012a2f0      0x380 main.o
                0x0012a2f0                drawMegaViz34
 .text.drawMegaViz35
                0x0012a670      0x314 main.o
                0x0012a670                drawMegaViz35
 .text.drawMegaViz36
                0x0012a984      0x344 main.o
                0x0012a984                drawMegaViz36
 .text.drawMegaViz37
                0x0012acc8      0x288 main.o
                0x0012acc8                drawMegaViz37
 .text.drawMegaViz38
                0x0012af50      0x380 main.o
                0x0012af50                drawMegaViz38
 .text.drawMegaViz39
                0x0012b2d0      0x318 main.o
                0x0012b2d0                drawMegaViz39
 .text.drawMegaViz40
                0x0012b5e8      0x344 main.o
                0x0012b5e8                drawMegaViz40
 *fill*         0x0012b92c        0x4 
 .text.drawMegaViz41
                0x0012b930      0x288 main.o
                0x0012b930                drawMegaViz41
 .text.drawMegaViz42
                0x0012bbb8      0x380 main.o
                0x0012bbb8                drawMegaViz42
 .text.drawMegaViz43
                0x0012bf38      0x318 main.o
                0x0012bf38                drawMegaViz43
 .text.drawMegaViz44
                0x0012c250      0x348 main.o
                0x0012c250                drawMegaViz44
 .text.drawMegaViz45
                0x0012c598      0x288 main.o
                0x0012c598                drawMegaViz45
 .text.drawMegaViz46
                0x0012c820      0x380 main.o
                0x0012c820                drawMegaViz46
 .text.drawMegaViz47
                0x0012cba0      0x318 main.o
                0x0012cba0                drawMegaViz47
 .text.drawMegaViz48
                0x0012ceb8      0x344 main.o
                0x0012ceb8                drawMegaViz48
 *fill*         0x0012d1fc        0x4 
 .text.drawMegaViz49
                0x0012d200      0x288 main.o
                0x0012d200                drawMegaViz49
 .text.drawMegaViz50
                0x0012d488      0x380 main.o
                0x0012d488                drawMegaViz50
 .text.drawMegaViz51
                0x0012d808      0x318 main.o
                0x0012d808                drawMegaViz51
 .text.drawMegaViz52
                0x0012db20      0x348 main.o
                0x0012db20                drawMegaViz52
 .text.drawMegaViz53
                0x0012de68      0x288 main.o
                0x0012de68                drawMegaViz53
 .text.drawMegaViz54
                0x0012e0f0      0x380 main.o
                0x0012e0f0                drawMegaViz54
 .text.drawMegaViz55
                0x0012e470      0x318 main.o
                0x0012e470                drawMegaViz55
 .text.drawMegaViz56
                0x0012e788      0x344 main.o
                0x0012e788                drawMegaViz56
 *fill*         0x0012eacc        0x4 
 .text.drawMegaViz57
                0x0012ead0      0x288 main.o
                0x0012ead0                drawMegaViz57
 .text.drawMegaViz58
                0x0012ed58      0x380 main.o
                0x0012ed58                drawMegaViz58
 .text.drawMegaViz59
                0x0012f0d8      0x318 main.o
                0x0012f0d8                drawMegaViz59
 .text.drawMegaViz60
                0x0012f3f0      0x344 main.o
                0x0012f3f0                drawMegaViz60
 *fill*         0x0012f734        0x4 
 .text.drawMegaViz61
                0x0012f738      0x288 main.o
                0x0012f738                drawMegaViz61
 .text.drawMegaViz62
                0x0012f9c0      0x380 main.o
                0x0012f9c0                drawMegaViz62
 .text.drawMegaViz63
                0x0012fd40      0x318 main.o
                0x0012fd40                drawMegaViz63
 .text.drawMegaVizMode
                0x00130058      0x3fc main.o
                0x00130058                drawMegaVizMode
 *fill*         0x00130454        0x4 
 .text.drawDeluxeIndustrialBackdrop
                0x00130458      0x14c main.o
                0x00130458                drawDeluxeIndustrialBackdrop
 *fill*         0x001305a4        0x4 
 .text.drawDeluxeFeatureBank001
                0x001305a8      0x35c main.o
                0x001305a8                drawDeluxeFeatureBank001
 .text.drawDeluxeFeatureBank002
                0x00130904      0x1e0 main.o
                0x00130904                drawDeluxeFeatureBank002
 .text.drawDeluxeFeatureBank003
                0x00130ae4      0x16c main.o
                0x00130ae4                drawDeluxeFeatureBank003
 .text.drawDeluxeFeatureBank004
                0x00130c50      0x294 main.o
                0x00130c50                drawDeluxeFeatureBank004
 *fill*         0x00130ee4        0x4 
 .text.drawDeluxeFeatureBank005
                0x00130ee8      0x1c8 main.o
                0x00130ee8                drawDeluxeFeatureBank005
 .text.drawDeluxeFeatureBank006
                0x001310b0      0x254 main.o
                0x001310b0                drawDeluxeFeatureBank006
 *fill*         0x00131304        0x4 
 .text.drawDeluxeFeatureBank007
                0x00131308      0x35c main.o
                0x00131308                drawDeluxeFeatureBank007
 .text.drawDeluxeFeatureBank008
                0x00131664      0x1e0 main.o
                0x00131664                drawDeluxeFeatureBank008
 .text.drawDeluxeFeatureBank009
                0x00131844      0x170 main.o
                0x00131844                drawDeluxeFeatureBank009
 *fill*         0x001319b4        0x4 
 .text.drawDeluxeFeatureBank010
                0x001319b8      0x294 main.o
                0x001319b8                drawDeluxeFeatureBank010
 *fill*         0x00131c4c        0x4 
 .text.drawDeluxeFeatureBank011
                0x00131c50      0x1c8 main.o
                0x00131c50                drawDeluxeFeatureBank011
 .text.drawDeluxeFeatureBank012
                0x00131e18      0x254 main.o
                0x00131e18                drawDeluxeFeatureBank012
 *fill*         0x0013206c        0x4 
 .text.drawDeluxeFeatureBank013
                0x00132070      0x35c main.o
                0x00132070                drawDeluxeFeatureBank013
 .text.drawDeluxeFeatureBank014
                0x001323cc      0x1e0 main.o
                0x001323cc                drawDeluxeFeatureBank014
 .text.drawDeluxeFeatureBank015
                0x001325ac      0x16c main.o
                0x001325ac                drawDeluxeFeatureBank015
 .text.drawDeluxeFeatureBank016
                0x00132718      0x294 main.o
                0x00132718                drawDeluxeFeatureBank016
 *fill*         0x001329ac        0x4 
 .text.drawDeluxeFeatureBank017
                0x001329b0      0x1c8 main.o
                0x001329b0                drawDeluxeFeatureBank017
 .text.drawDeluxeFeatureBank018
                0x00132b78      0x254 main.o
                0x00132b78                drawDeluxeFeatureBank018
 *fill*         0x00132dcc        0x4 
 .text.drawDeluxeFeatureBank019
                0x00132dd0      0x35c main.o
                0x00132dd0                drawDeluxeFeatureBank019
 .text.drawDeluxeFeatureBank020
                0x0013312c      0x1e0 main.o
                0x0013312c                drawDeluxeFeatureBank020
 .text.drawDeluxeFeatureBank021
                0x0013330c      0x16c main.o
                0x0013330c                drawDeluxeFeatureBank021
 .text.drawDeluxeFeatureBank022
                0x00133478      0x294 main.o
                0x00133478                drawDeluxeFeatureBank022
 *fill*         0x0013370c        0x4 
 .text.drawDeluxeFeatureBank023
                0x00133710      0x1c8 main.o
                0x00133710                drawDeluxeFeatureBank023
 .text.drawDeluxeFeatureBank024
                0x001338d8      0x254 main.o
                0x001338d8                drawDeluxeFeatureBank024
 *fill*         0x00133b2c        0x4 
 .text.drawDeluxeFeatureBank025
                0x00133b30      0x35c main.o
                0x00133b30                drawDeluxeFeatureBank025
 .text.drawDeluxeFeatureBank026
                0x00133e8c      0x1e0 main.o
                0x00133e8c                drawDeluxeFeatureBank026
 .text.drawDeluxeFeatureBank027
                0x0013406c      0x170 main.o
                0x0013406c                drawDeluxeFeatureBank027
 *fill*         0x001341dc        0x4 
 .text.drawDeluxeFeatureBank028
                0x001341e0      0x294 main.o
                0x001341e0                drawDeluxeFeatureBank028
 *fill*         0x00134474        0x4 
 .text.drawDeluxeFeatureBank029
                0x00134478      0x1c8 main.o
                0x00134478                drawDeluxeFeatureBank029
 .text.drawDeluxeFeatureBank030
                0x00134640      0x254 main.o
                0x00134640                drawDeluxeFeatureBank030
 *fill*         0x00134894        0x4 
 .text.drawDeluxeFeatureBank031
                0x00134898      0x35c main.o
                0x00134898                drawDeluxeFeatureBank031
 .text.drawDeluxeFeatureBank032
                0x00134bf4      0x1e0 main.o
                0x00134bf4                drawDeluxeFeatureBank032
 .text.drawDeluxeFeatureBank033
                0x00134dd4      0x16c main.o
                0x00134dd4                drawDeluxeFeatureBank033
 .text.drawDeluxeFeatureBank034
                0x00134f40      0x28c main.o
                0x00134f40                drawDeluxeFeatureBank034
 *fill*         0x001351cc        0x4 
 .text.drawDeluxeFeatureBank035
                0x001351d0      0x1c8 main.o
                0x001351d0                drawDeluxeFeatureBank035
 .text.drawDeluxeFeatureBank036
                0x00135398      0x254 main.o
                0x00135398                drawDeluxeFeatureBank036
 *fill*         0x001355ec        0x4 
 .text.drawDeluxeFeatureBank037
                0x001355f0      0x35c main.o
                0x001355f0                drawDeluxeFeatureBank037
 .text.drawDeluxeFeatureBank038
                0x0013594c      0x1e0 main.o
                0x0013594c                drawDeluxeFeatureBank038
 .text.drawDeluxeFeatureBank039
                0x00135b2c      0x174 main.o
                0x00135b2c                drawDeluxeFeatureBank039
 .text.drawDeluxeFeatureBank040
                0x00135ca0      0x28c main.o
                0x00135ca0                drawDeluxeFeatureBank040
 *fill*         0x00135f2c        0x4 
 .text.drawDeluxeFeatureBank041
                0x00135f30      0x1c8 main.o
                0x00135f30                drawDeluxeFeatureBank041
 .text.drawDeluxeFeatureBank042
                0x001360f8      0x254 main.o
                0x001360f8                drawDeluxeFeatureBank042
 *fill*         0x0013634c        0x4 
 .text.drawDeluxeFeatureBank043
                0x00136350      0x35c main.o
                0x00136350                drawDeluxeFeatureBank043
 .text.drawDeluxeFeatureBank044
                0x001366ac      0x1e0 main.o
                0x001366ac                drawDeluxeFeatureBank044
 .text.drawDeluxeFeatureBank045
                0x0013688c      0x170 main.o
                0x0013688c                drawDeluxeFeatureBank045
 *fill*         0x001369fc        0x4 
 .text.drawDeluxeFeatureBank046
                0x00136a00      0x294 main.o
                0x00136a00                drawDeluxeFeatureBank046
 *fill*         0x00136c94        0x4 
 .text.drawDeluxeFeatureBank047
                0x00136c98      0x1c8 main.o
                0x00136c98                drawDeluxeFeatureBank047
 .text.drawDeluxeFeatureBank048
                0x00136e60      0x254 main.o
                0x00136e60                drawDeluxeFeatureBank048
 *fill*         0x001370b4        0x4 
 .text.drawDeluxeFeatureBank049
                0x001370b8      0x35c main.o
                0x001370b8                drawDeluxeFeatureBank049
 .text.drawDeluxeFeatureBank050
                0x00137414      0x1e0 main.o
                0x00137414                drawDeluxeFeatureBank050
 .text.drawDeluxeFeatureBank051
                0x001375f4      0x170 main.o
                0x001375f4                drawDeluxeFeatureBank051
 *fill*         0x00137764        0x4 
 .text.drawDeluxeFeatureBank052
                0x00137768      0x294 main.o
                0x00137768                drawDeluxeFeatureBank052
 *fill*         0x001379fc        0x4 
 .text.drawDeluxeFeatureBank053
                0x00137a00      0x1c8 main.o
                0x00137a00                drawDeluxeFeatureBank053
 .text.drawDeluxeFeatureBank054
                0x00137bc8      0x254 main.o
                0x00137bc8                drawDeluxeFeatureBank054
 *fill*         0x00137e1c        0x4 
 .text.drawDeluxeFeatureBank055
                0x00137e20      0x35c main.o
                0x00137e20                drawDeluxeFeatureBank055
 .text.drawDeluxeFeatureBank056
                0x0013817c      0x1e0 main.o
                0x0013817c                drawDeluxeFeatureBank056
 .text.drawDeluxeFeatureBank057
                0x0013835c      0x174 main.o
                0x0013835c                drawDeluxeFeatureBank057
 .text.drawDeluxeFeatureBank058
                0x001384d0      0x294 main.o
                0x001384d0                drawDeluxeFeatureBank058
 *fill*         0x00138764        0x4 
 .text.drawDeluxeFeatureBank059
                0x00138768      0x1c8 main.o
                0x00138768                drawDeluxeFeatureBank059
 .text.drawDeluxeFeatureBank060
                0x00138930      0x254 main.o
                0x00138930                drawDeluxeFeatureBank060
 *fill*         0x00138b84        0x4 
 .text.drawDeluxeFeatureBank061
                0x00138b88      0x35c main.o
                0x00138b88                drawDeluxeFeatureBank061
 .text.drawDeluxeFeatureBank062
                0x00138ee4      0x1e0 main.o
                0x00138ee4                drawDeluxeFeatureBank062
 .text.drawDeluxeFeatureBank063
                0x001390c4      0x170 main.o
                0x001390c4                drawDeluxeFeatureBank063
 *fill*         0x00139234        0x4 
 .text.drawDeluxeFeatureBank064
                0x00139238      0x294 main.o
                0x00139238                drawDeluxeFeatureBank064
 *fill*         0x001394cc        0x4 
 .text.drawDeluxeFeatureBank065
                0x001394d0      0x1c8 main.o
                0x001394d0                drawDeluxeFeatureBank065
 .text.drawDeluxeFeatureBank066
                0x00139698      0x254 main.o
                0x00139698                drawDeluxeFeatureBank066
 *fill*         0x001398ec        0x4 
 .text.drawDeluxeFeatureBank067
                0x001398f0      0x35c main.o
                0x001398f0                drawDeluxeFeatureBank067
 .text.drawDeluxeFeatureBank068
                0x00139c4c      0x1dc main.o
                0x00139c4c                drawDeluxeFeatureBank068
 .text.drawDeluxeFeatureBank069
                0x00139e28      0x174 main.o
                0x00139e28                drawDeluxeFeatureBank069
 *fill*         0x00139f9c        0x4 
 .text.drawDeluxeFeatureBank070
                0x00139fa0      0x28c main.o
                0x00139fa0                drawDeluxeFeatureBank070
 *fill*         0x0013a22c        0x4 
 .text.drawDeluxeFeatureBank071
                0x0013a230      0x1c8 main.o
                0x0013a230                drawDeluxeFeatureBank071
 .text.drawDeluxeFeatureBank072
                0x0013a3f8      0x254 main.o
                0x0013a3f8                drawDeluxeFeatureBank072
 *fill*         0x0013a64c        0x4 
 .text.drawDeluxeFeatureBank073
                0x0013a650      0x35c main.o
                0x0013a650                drawDeluxeFeatureBank073
 .text.drawDeluxeFeatureBank074
                0x0013a9ac      0x1e0 main.o
                0x0013a9ac                drawDeluxeFeatureBank074
 .text.drawDeluxeFeatureBank075
                0x0013ab8c      0x170 main.o
                0x0013ab8c                drawDeluxeFeatureBank075
 *fill*         0x0013acfc        0x4 
 .text.drawDeluxeFeatureBank076
                0x0013ad00      0x294 main.o
                0x0013ad00                drawDeluxeFeatureBank076
 *fill*         0x0013af94        0x4 
 .text.drawDeluxeFeatureBank077
                0x0013af98      0x1c8 main.o
                0x0013af98                drawDeluxeFeatureBank077
 .text.drawDeluxeFeatureBank078
                0x0013b160      0x254 main.o
                0x0013b160                drawDeluxeFeatureBank078
 *fill*         0x0013b3b4        0x4 
 .text.drawDeluxeFeatureBank079
                0x0013b3b8      0x35c main.o
                0x0013b3b8                drawDeluxeFeatureBank079
 .text.drawDeluxeFeatureBank080
                0x0013b714      0x1e0 main.o
                0x0013b714                drawDeluxeFeatureBank080
 .text.drawDeluxeFeatureBank081
                0x0013b8f4      0x170 main.o
                0x0013b8f4                drawDeluxeFeatureBank081
 *fill*         0x0013ba64        0x4 
 .text.drawDeluxeFeatureBank082
                0x0013ba68      0x294 main.o
                0x0013ba68                drawDeluxeFeatureBank082
 *fill*         0x0013bcfc        0x4 
 .text.drawDeluxeFeatureBank083
                0x0013bd00      0x1c8 main.o
                0x0013bd00                drawDeluxeFeatureBank083
 .text.drawDeluxeFeatureBank084
                0x0013bec8      0x254 main.o
                0x0013bec8                drawDeluxeFeatureBank084
 *fill*         0x0013c11c        0x4 
 .text.drawDeluxeFeatureBank085
                0x0013c120      0x35c main.o
                0x0013c120                drawDeluxeFeatureBank085
 .text.drawDeluxeFeatureBank086
                0x0013c47c      0x1e0 main.o
                0x0013c47c                drawDeluxeFeatureBank086
 .text.drawDeluxeFeatureBank087
                0x0013c65c      0x174 main.o
                0x0013c65c                drawDeluxeFeatureBank087
 .text.drawDeluxeFeatureBank088
                0x0013c7d0      0x294 main.o
                0x0013c7d0                drawDeluxeFeatureBank088
 *fill*         0x0013ca64        0x4 
 .text.drawDeluxeFeatureBank089
                0x0013ca68      0x1c8 main.o
                0x0013ca68                drawDeluxeFeatureBank089
 .text.drawDeluxeFeatureBank090
                0x0013cc30      0x254 main.o
                0x0013cc30                drawDeluxeFeatureBank090
 *fill*         0x0013ce84        0x4 
 .text.drawDeluxeFeatureBank091
                0x0013ce88      0x35c main.o
                0x0013ce88                drawDeluxeFeatureBank091
 .text.drawDeluxeFeatureBank092
                0x0013d1e4      0x1e0 main.o
                0x0013d1e4                drawDeluxeFeatureBank092
 .text.drawDeluxeFeatureBank093
                0x0013d3c4      0x170 main.o
                0x0013d3c4                drawDeluxeFeatureBank093
 *fill*         0x0013d534        0x4 
 .text.drawDeluxeFeatureBank094
                0x0013d538      0x294 main.o
                0x0013d538                drawDeluxeFeatureBank094
 *fill*         0x0013d7cc        0x4 
 .text.drawDeluxeFeatureBank095
                0x0013d7d0      0x1c8 main.o
                0x0013d7d0                drawDeluxeFeatureBank095
 .text.drawDeluxeFeatureBank096
                0x0013d998      0x254 main.o
                0x0013d998                drawDeluxeFeatureBank096
 *fill*         0x0013dbec        0x4 
 .text.drawDeluxeFeatureBank097
                0x0013dbf0      0x35c main.o
                0x0013dbf0                drawDeluxeFeatureBank097
 .text.drawDeluxeFeatureBank098
                0x0013df4c      0x1e0 main.o
                0x0013df4c                drawDeluxeFeatureBank098
 .text.drawDeluxeFeatureBank099
                0x0013e12c      0x174 main.o
                0x0013e12c                drawDeluxeFeatureBank099
 .text.drawDeluxeFeatureBank100
                0x0013e2a0      0x294 main.o
                0x0013e2a0                drawDeluxeFeatureBank100
 *fill*         0x0013e534        0x4 
 .text.drawDeluxeFeatureBank101
                0x0013e538      0x1c8 main.o
                0x0013e538                drawDeluxeFeatureBank101
 .text.drawDeluxeFeatureBank102
                0x0013e700      0x24c main.o
                0x0013e700                drawDeluxeFeatureBank102
 *fill*         0x0013e94c        0x4 
 .text.drawDeluxeFeatureBank103
                0x0013e950      0x35c main.o
                0x0013e950                drawDeluxeFeatureBank103
 .text.drawDeluxeFeatureBank104
                0x0013ecac      0x1e0 main.o
                0x0013ecac                drawDeluxeFeatureBank104
 .text.drawDeluxeFeatureBank105
                0x0013ee8c      0x170 main.o
                0x0013ee8c                drawDeluxeFeatureBank105
 *fill*         0x0013effc        0x4 
 .text.drawDeluxeFeatureBank106
                0x0013f000      0x294 main.o
                0x0013f000                drawDeluxeFeatureBank106
 *fill*         0x0013f294        0x4 
 .text.drawDeluxeFeatureBank107
                0x0013f298      0x1c8 main.o
                0x0013f298                drawDeluxeFeatureBank107
 .text.drawDeluxeFeatureBank108
                0x0013f460      0x254 main.o
                0x0013f460                drawDeluxeFeatureBank108
 *fill*         0x0013f6b4        0x4 
 .text.drawDeluxeFeatureBank109
                0x0013f6b8      0x35c main.o
                0x0013f6b8                drawDeluxeFeatureBank109
 .text.drawDeluxeFeatureBank110
                0x0013fa14      0x1e0 main.o
                0x0013fa14                drawDeluxeFeatureBank110
 .text.drawDeluxeFeatureBank111
                0x0013fbf4      0x170 main.o
                0x0013fbf4                drawDeluxeFeatureBank111
 *fill*         0x0013fd64        0x4 
 .text.drawDeluxeFeatureBank112
                0x0013fd68      0x294 main.o
                0x0013fd68                drawDeluxeFeatureBank112
 *fill*         0x0013fffc        0x4 
 .text.drawDeluxeFeatureBank113
                0x00140000      0x1c8 main.o
                0x00140000                drawDeluxeFeatureBank113
 .text.drawDeluxeFeatureBank114
                0x001401c8      0x254 main.o
                0x001401c8                drawDeluxeFeatureBank114
 *fill*         0x0014041c        0x4 
 .text.drawDeluxeFeatureBank115
                0x00140420      0x35c main.o
                0x00140420                drawDeluxeFeatureBank115
 .text.drawDeluxeFeatureBank116
                0x0014077c      0x1e0 main.o
                0x0014077c                drawDeluxeFeatureBank116
 .text.drawDeluxeFeatureBank117
                0x0014095c      0x174 main.o
                0x0014095c                drawDeluxeFeatureBank117
 .text.drawDeluxeFeatureBank118
                0x00140ad0      0x294 main.o
                0x00140ad0                drawDeluxeFeatureBank118
 *fill*         0x00140d64        0x4 
 .text.drawDeluxeFeatureBank119
                0x00140d68      0x1c8 main.o
                0x00140d68                drawDeluxeFeatureBank119
 .text.drawDeluxeFeatureBank120
                0x00140f30      0x254 main.o
                0x00140f30                drawDeluxeFeatureBank120
 *fill*         0x00141184        0x4 
 .text.drawDeluxeFeatureBank121
                0x00141188      0x35c main.o
                0x00141188                drawDeluxeFeatureBank121
 .text.drawDeluxeFeatureBank122
                0x001414e4      0x1e0 main.o
                0x001414e4                drawDeluxeFeatureBank122
 .text.drawDeluxeFeatureBank123
                0x001416c4      0x170 main.o
                0x001416c4                drawDeluxeFeatureBank123
 *fill*         0x00141834        0x4 
 .text.drawDeluxeFeatureBank124
                0x00141838      0x294 main.o
                0x00141838                drawDeluxeFeatureBank124
 *fill*         0x00141acc        0x4 
 .text.drawDeluxeFeatureBank125
                0x00141ad0      0x1c8 main.o
                0x00141ad0                drawDeluxeFeatureBank125
 .text.drawDeluxeFeatureBank126
                0x00141c98      0x254 main.o
                0x00141c98                drawDeluxeFeatureBank126
 *fill*         0x00141eec        0x4 
 .text.drawDeluxeFeatureBank127
                0x00141ef0      0x35c main.o
                0x00141ef0                drawDeluxeFeatureBank127
 .text.drawDeluxeFeatureBank128
                0x0014224c      0x1e0 main.o
                0x0014224c                drawDeluxeFeatureBank128
 .text.drawDeluxeFeatureBank129
                0x0014242c      0x174 main.o
                0x0014242c                drawDeluxeFeatureBank129
 .text.drawDeluxeFeatureBank130
                0x001425a0      0x294 main.o
                0x001425a0                drawDeluxeFeatureBank130
 .text.drawDeluxeFeatureBank
                0x00142834      0x450 main.o
                0x00142834                drawDeluxeFeatureBank
 *fill*         0x00142c84        0x4 
 .text.drawGeneratedCover
                0x00142c88      0x650 main.o
                0x00142c88                drawGeneratedCover
 .text.drawCdTop
                0x001432d8      0x2ec main.o
                0x001432d8                drawCdTop
 *fill*         0x001435c4        0x4 
 .text.drawCdBottom
                0x001435c8      0x2e0 main.o
                0x001435c8                drawCdBottom
 .text.drawCdInsertTopAnim
                0x001438a8       0x80 main.o
                0x001438a8                drawCdInsertTopAnim
 .text.vfdQuadMixCizim
                0x00143928       0xc8 main.o
                0x00143928                vfdQuadMixCizim
 .text.vfdProsedurelCizim
                0x001439f0      0x30c main.o
                0x001439f0                vfdProsedurelCizim
 .text.drawAnimatedButton
                0x00143cfc       0xc4 main.o
                0x00143cfc                drawAnimatedButton
 .text.drawBottomHeader
                0x00143dc0      0x22c main.o
                0x00143dc0                drawBottomHeader
 .text.drawHoldOverlay
                0x00143fec      0x114 main.o
                0x00143fec                drawHoldOverlay
 .text.drawStationStatic
                0x00144100      0x1a0 main.o
                0x00144100                drawStationStatic
 .text.drawStartup
                0x001442a0      0x230 main.o
                0x001442a0                drawStartup
 .text.drawShutdown
                0x001444d0       0xd0 main.o
                0x001444d0                drawShutdown
 .text.finishPendingTrackChange
                0x001445a0       0x84 main.o
                0x001445a0                finishPendingTrackChange
 .text.requestTrackChange
                0x00144624       0x3c main.o
                0x00144624                requestTrackChange
 .text.drawIndustrialWarnings
                0x00144660      0x2f4 main.o
                0x00144660                drawIndustrialWarnings
 .text.browserGoParent
                0x00144954      0x16c main.o
                0x00144954                browserGoParent
 .text.drawFileBrowser
                0x00144ac0      0x6ec main.o
                0x00144ac0                drawFileBrowser
 .text.drawSettings
                0x001451ac      0x4c0 main.o
                0x001451ac                drawSettings
 .text.drawBottomDeck
                0x0014566c      0xb6c main.o
                0x0014566c                drawBottomDeck
 .text.renderFrame
                0x001461d8      0x600 main.o
                0x001461d8                renderFrame
 .text.adjustSetting
                0x001467d8      0x350 main.o
                0x001467d8                adjustSetting
 .text.startup.main
                0x00146b28      0xdd0 main.o
                0x00146b28                main
 .text._ZL21addrMapNodeComparatorPK11rbtree_nodeS1_
                0x001478f8       0x24 C:/devkitPro/libctru/lib\libctru.a(linear.o)
 .text._ZL21addrMapNodeDestructorP11rbtree_node
                0x0014791c        0x4 C:/devkitPro/libctru/lib\libctru.a(linear.o)
 .text.linearMemAlign
                0x00147920      0x12c C:/devkitPro/libctru/lib\libctru.a(linear.o)
                0x00147920                linearMemAlign
 .text.linearAlloc
                0x00147a4c        0x8 C:/devkitPro/libctru/lib\libctru.a(linear.o)
                0x00147a4c                linearAlloc
 .text.linearFree
                0x00147a54       0x5c C:/devkitPro/libctru/lib\libctru.a(linear.o)
                0x00147a54                linearFree
 .text._ZN7MemPool13CoalesceRightEP8MemBlock
                0x00147ab0       0x88 C:/devkitPro/libctru/lib\libctru.a(mem_pool.o)
                0x00147ab0                MemPool::CoalesceRight(MemBlock*)
 .text._ZN7MemPool8AllocateER8MemChunkmi
                0x00147b38      0x178 C:/devkitPro/libctru/lib\libctru.a(mem_pool.o)
                0x00147b38                MemPool::Allocate(MemChunk&, unsigned long, int)
 .text._ZN7MemPool10DeallocateERK8MemChunk
                0x00147cb0      0x118 C:/devkitPro/libctru/lib\libctru.a(mem_pool.o)
                0x00147cb0                MemPool::Deallocate(MemChunk const&)
 .text._ZN7MemPool12GetFreeSpaceEv
                0x00147dc8       0x30 C:/devkitPro/libctru/lib\libctru.a(mem_pool.o)
                0x00147dc8                MemPool::GetFreeSpace()
 .text.gfxPresentFramebuffer
                0x00147df8       0xcc C:/devkitPro/libctru/lib\libctru.a(gfx.o)
 .text.gfxSet3D
                0x00147ec4       0x10 C:/devkitPro/libctru/lib\libctru.a(gfx.o)
                0x00147ec4                gfxSet3D
 .text.gfxSetScreenFormat
                0x00147ed4       0xf8 C:/devkitPro/libctru/lib\libctru.a(gfx.o)
                0x00147ed4                gfxSetScreenFormat
 .text.gfxSetDoubleBuffering
                0x00147fcc       0x10 C:/devkitPro/libctru/lib\libctru.a(gfx.o)
                0x00147fcc                gfxSetDoubleBuffering
 .text.gfxInit  0x00147fdc       0xd8 C:/devkitPro/libctru/lib\libctru.a(gfx.o)
                0x00147fdc                gfxInit
 .text.gfxInitDefault
                0x001480b4       0x10 C:/devkitPro/libctru/lib\libctru.a(gfx.o)
                0x001480b4                gfxInitDefault
 .text.gfxExit  0x001480c4       0xb8 C:/devkitPro/libctru/lib\libctru.a(gfx.o)
                0x001480c4                gfxExit
 .text.gfxGetFramebuffer
                0x0014817c       0xa0 C:/devkitPro/libctru/lib\libctru.a(gfx.o)
                0x0014817c                gfxGetFramebuffer
 .text.gfxFlushBuffers
                0x0014821c      0x100 C:/devkitPro/libctru/lib\libctru.a(gfx.o)
                0x0014821c                gfxFlushBuffers
 .text.gfxSwapBuffers
                0x0014831c       0x50 C:/devkitPro/libctru/lib\libctru.a(gfx.o)
                0x0014831c                gfxSwapBuffers
 .text.osConvertVirtToPhys
                0x0014836c       0x74 C:/devkitPro/libctru/lib\libctru.a(os.o)
                0x0014836c                osConvertVirtToPhys
 .text.osGetTimeRef
                0x001483e0       0x54 C:/devkitPro/libctru/lib\libctru.a(os.o)
                0x001483e0                osGetTimeRef
 .text.osGetTime
                0x00148434       0xec C:/devkitPro/libctru/lib\libctru.a(os.o)
                0x00148434                osGetTime
 .text.__ctru_speedup_config
                0x00148520       0x34 C:/devkitPro/libctru/lib\libctru.a(os.o)
                0x00148520                __ctru_speedup_config
 .text.osSetSpeedupEnable
                0x00148554       0x38 C:/devkitPro/libctru/lib\libctru.a(os.o)
                0x00148554                osSetSpeedupEnable
 .text.romfs_close
                0x0014858c        0x8 C:/devkitPro/libctru/lib\libctru.a(romfs_dev.o)
 .text.romfs_seek
                0x00148594       0xac C:/devkitPro/libctru/lib\libctru.a(romfs_dev.o)
 .text.romfs_dirreset
                0x00148640       0x24 C:/devkitPro/libctru/lib\libctru.a(romfs_dev.o)
 .text.fill_dir
                0x00148664       0xc0 C:/devkitPro/libctru/lib\libctru.a(romfs_dev.o)
 .text.romfs_dirnext
                0x00148724      0x2ac C:/devkitPro/libctru/lib\libctru.a(romfs_dev.o)
 .text.romfs_free
                0x001489d0       0x74 C:/devkitPro/libctru/lib\libctru.a(romfs_dev.o)
 .text.searchForFile.constprop.0
                0x00148a44       0xd0 C:/devkitPro/libctru/lib\libctru.a(romfs_dev.o)
 .text.searchForDir.constprop.0
                0x00148b14       0xd4 C:/devkitPro/libctru/lib\libctru.a(romfs_dev.o)
 .text.navigateToDir.constprop.0
                0x00148be8      0x1c0 C:/devkitPro/libctru/lib\libctru.a(romfs_dev.o)
 .text.romfs_open
                0x00148da8      0x114 C:/devkitPro/libctru/lib\libctru.a(romfs_dev.o)
 .text.romfs_chdir
                0x00148ebc       0x4c C:/devkitPro/libctru/lib\libctru.a(romfs_dev.o)
 .text.romfs_diropen
                0x00148f08       0x68 C:/devkitPro/libctru/lib\libctru.a(romfs_dev.o)
 .text.romfs_stat
                0x00148f70      0x178 C:/devkitPro/libctru/lib\libctru.a(romfs_dev.o)
 .text.romfs_dirclose
                0x001490e8        0x8 C:/devkitPro/libctru/lib\libctru.a(romfs_dev.o)
 .text.romfs_fstat
                0x001490f0       0x7c C:/devkitPro/libctru/lib\libctru.a(romfs_dev.o)
 .text.romfs_read
                0x0014916c       0xd0 C:/devkitPro/libctru/lib\libctru.a(romfs_dev.o)
 .text.romfsMountFromFile
                0x0014923c      0x294 C:/devkitPro/libctru/lib\libctru.a(romfs_dev.o)
                0x0014923c                romfsMountFromFile
 .text.romfsMountFromCurrentProcess
                0x001494d0       0x98 C:/devkitPro/libctru/lib\libctru.a(romfs_dev.o)
                0x001494d0                romfsMountFromCurrentProcess
 .text.romfsMountSelf
                0x00149568      0x258 C:/devkitPro/libctru/lib\libctru.a(romfs_dev.o)
                0x00149568                romfsMountSelf
 .text.romfsUnmount
                0x001497c0       0xa0 C:/devkitPro/libctru/lib\libctru.a(romfs_dev.o)
                0x001497c0                romfsUnmount
 .text.threadCreate
                0x00149860      0x1fc C:/devkitPro/libctru/lib\libctru.a(thread.o)
                0x00149860                threadCreate
 .text.threadFree
                0x00149a5c       0x38 C:/devkitPro/libctru/lib\libctru.a(thread.o)
                0x00149a5c                threadFree
 .text.threadJoin
                0x00149a94       0x24 C:/devkitPro/libctru/lib\libctru.a(thread.o)
                0x00149a94                threadJoin
 .text.threadGetCurrent
                0x00149ab8       0x30 C:/devkitPro/libctru/lib\libctru.a(thread.o)
                0x00149ab8                threadGetCurrent
 .text.threadExit
                0x00149ae8       0x40 C:/devkitPro/libctru/lib\libctru.a(thread.o)
                0x00149ae8                threadExit
 .text._thread_begin
                0x00149b28       0x20 C:/devkitPro/libctru/lib\libctru.a(thread.o)
 .text.ndspUpdateMaster
                0x00149b48      0x158 C:/devkitPro/libctru/lib\libctru.a(ndsp.o)
 .text.ndspFinalize
                0x00149ca0      0x108 C:/devkitPro/libctru/lib\libctru.a(ndsp.o)
 .text.ndspInitialize.part.0
                0x00149da8      0x25c C:/devkitPro/libctru/lib\libctru.a(ndsp.o)
 .text.ndspHookCallback
                0x0014a004      0x108 C:/devkitPro/libctru/lib\libctru.a(ndsp.o)
 *fill*         0x0014a10c        0x4 
 .text.ndspThreadMain
                0x0014a110      0x318 C:/devkitPro/libctru/lib\libctru.a(ndsp.o)
 .text.ndspInit
                0x0014a428      0x3f0 C:/devkitPro/libctru/lib\libctru.a(ndsp.o)
                0x0014a428                ndspInit
 .text.ndspExit
                0x0014a818       0xd8 C:/devkitPro/libctru/lib\libctru.a(ndsp.o)
                0x0014a818                ndspExit
 .text.ndspChnReset
                0x0014a8f0       0xe0 C:/devkitPro/libctru/lib\libctru.a(ndsp-channel.o)
                0x0014a8f0                ndspChnReset
 .text.ndspChnSetFormat
                0x0014a9d0       0x18 C:/devkitPro/libctru/lib\libctru.a(ndsp-channel.o)
                0x0014a9d0                ndspChnSetFormat
 .text.ndspChnSetInterp
                0x0014a9e8       0x50 C:/devkitPro/libctru/lib\libctru.a(ndsp-channel.o)
                0x0014a9e8                ndspChnSetInterp
 .text.ndspChnSetRate
                0x0014aa38       0x60 C:/devkitPro/libctru/lib\libctru.a(ndsp-channel.o)
                0x0014aa38                ndspChnSetRate
 .text.ndspChnSetMix
                0x0014aa98       0x80 C:/devkitPro/libctru/lib\libctru.a(ndsp-channel.o)
                0x0014aa98                ndspChnSetMix
 .text.ndspChnWaveBufAdd
                0x0014ab18       0xc8 C:/devkitPro/libctru/lib\libctru.a(ndsp-channel.o)
                0x0014ab18                ndspChnWaveBufAdd
 .text.ndspiInitChn
                0x0014abe0       0x40 C:/devkitPro/libctru/lib\libctru.a(ndsp-channel.o)
                0x0014abe0                ndspiInitChn
 .text.ndspiDirtyChn
                0x0014ac20       0x2c C:/devkitPro/libctru/lib\libctru.a(ndsp-channel.o)
                0x0014ac20                ndspiDirtyChn
 .text.ndspiUpdateChn
                0x0014ac4c      0x43c C:/devkitPro/libctru/lib\libctru.a(ndsp-channel.o)
                0x0014ac4c                ndspiUpdateChn
 .text.ndspiReadChnState
                0x0014b088      0x180 C:/devkitPro/libctru/lib\libctru.a(ndsp-channel.o)
                0x0014b088                ndspiReadChnState
 .text.aptConvertScreenForCapture
                0x0014b208      0x180 C:/devkitPro/libctru/lib\libctru.a(apt.o)
 .text.aptSendCommand
                0x0014b388      0x138 C:/devkitPro/libctru/lib\libctru.a(apt.o)
                0x0014b388                aptSendCommand
 .text.aptExitProcess
                0x0014b4c0       0x44 C:/devkitPro/libctru/lib\libctru.a(apt.o)
 .text.aptExit  0x0014b504      0x394 C:/devkitPro/libctru/lib\libctru.a(apt.o)
                0x0014b504                aptExit
 .text.aptHandleSleep
                0x0014b898       0xd8 C:/devkitPro/libctru/lib\libctru.a(apt.o)
                0x0014b898                aptHandleSleep
 .text.aptHook  0x0014b970       0x34 C:/devkitPro/libctru/lib\libctru.a(apt.o)
                0x0014b970                aptHook
 .text.aptUnhook
                0x0014b9a4       0x30 C:/devkitPro/libctru/lib\libctru.a(apt.o)
                0x0014b9a4                aptUnhook
 .text.APT_SleepIfShellClosed
                0x0014b9d4       0x84 C:/devkitPro/libctru/lib\libctru.a(apt.o)
                0x0014b9d4                APT_SleepIfShellClosed
 .text.aptSetSleepAllowed
                0x0014ba58       0x78 C:/devkitPro/libctru/lib\libctru.a(apt.o)
                0x0014ba58                aptSetSleepAllowed
 .text.APT_UnlockTransition
                0x0014bad0       0x84 C:/devkitPro/libctru/lib\libctru.a(apt.o)
                0x0014bad0                APT_UnlockTransition
 *fill*         0x0014bb54        0x4 
 .text.aptEventHandler
                0x0014bb58      0x470 C:/devkitPro/libctru/lib\libctru.a(apt.o)
 .text.APT_ReceiveParameter
                0x0014bfc8       0xbc C:/devkitPro/libctru/lib\libctru.a(apt.o)
                0x0014bfc8                APT_ReceiveParameter
 .text.aptReceiveParameter.constprop.0
                0x0014c084       0xb0 C:/devkitPro/libctru/lib\libctru.a(apt.o)
 *fill*         0x0014c134        0x4 
 .text.aptScreenTransfer
                0x0014c138      0x294 C:/devkitPro/libctru/lib\libctru.a(apt.o)
 .text.aptWaitForWakeUp.isra.0
                0x0014c3cc      0x2d0 C:/devkitPro/libctru/lib\libctru.a(apt.o)
 .text.aptJumpToHomeMenu
                0x0014c69c       0xf4 C:/devkitPro/libctru/lib\libctru.a(apt.o)
                0x0014c69c                aptJumpToHomeMenu
 .text.aptMainLoop
                0x0014c790       0x58 C:/devkitPro/libctru/lib\libctru.a(apt.o)
                0x0014c790                aptMainLoop
 .text.aptInit  0x0014c7e8      0x240 C:/devkitPro/libctru/lib\libctru.a(apt.o)
                0x0014c7e8                aptInit
 .text.APT_CheckNew3DS
                0x0014ca28       0x90 C:/devkitPro/libctru/lib\libctru.a(apt.o)
                0x0014ca28                APT_CheckNew3DS
 .text.camInit  0x0014cab8       0xe0 C:/devkitPro/libctru/lib\libctru.a(cam.o)
                0x0014cab8                camInit
 .text.camExit  0x0014cb98       0x5c C:/devkitPro/libctru/lib\libctru.a(cam.o)
                0x0014cb98                camExit
 .text.CAMU_StartCapture
                0x0014cbf4       0x34 C:/devkitPro/libctru/lib\libctru.a(cam.o)
                0x0014cbf4                CAMU_StartCapture
 .text.CAMU_StopCapture
                0x0014cc28       0x34 C:/devkitPro/libctru/lib\libctru.a(cam.o)
                0x0014cc28                CAMU_StopCapture
 .text.CAMU_SetReceiving
                0x0014cc5c       0x60 C:/devkitPro/libctru/lib\libctru.a(cam.o)
                0x0014cc5c                CAMU_SetReceiving
 .text.CAMU_Activate
                0x0014ccbc       0x34 C:/devkitPro/libctru/lib\libctru.a(cam.o)
                0x0014ccbc                CAMU_Activate
 .text.CAMU_SetSize
                0x0014ccf0       0x40 C:/devkitPro/libctru/lib\libctru.a(cam.o)
                0x0014ccf0                CAMU_SetSize
 .text.CAMU_SetFrameRate
                0x0014cd30       0x38 C:/devkitPro/libctru/lib\libctru.a(cam.o)
                0x0014cd30                CAMU_SetFrameRate
 .text.CAMU_SetOutputFormat
                0x0014cd68       0x40 C:/devkitPro/libctru/lib\libctru.a(cam.o)
                0x0014cd68                CAMU_SetOutputFormat
 .text.cfguInit
                0x0014cda8       0xa8 C:/devkitPro/libctru/lib\libctru.a(cfgu.o)
                0x0014cda8                cfguInit
 .text.cfguExit
                0x0014ce50       0x3c C:/devkitPro/libctru/lib\libctru.a(cfgu.o)
                0x0014ce50                cfguExit
 .text.CFGU_GetConfigInfoBlk2
                0x0014ce8c       0x4c C:/devkitPro/libctru/lib\libctru.a(cfgu.o)
                0x0014ce8c                CFGU_GetConfigInfoBlk2
 .text.DSP_LoadComponent.part.0
                0x0014ced8       0xa4 C:/devkitPro/libctru/lib\libctru.a(dsp.o)
 .text.dspInit  0x0014cf7c       0xfc C:/devkitPro/libctru/lib\libctru.a(dsp.o)
                0x0014cf7c                dspInit
 .text.dspExit  0x0014d078       0x8c C:/devkitPro/libctru/lib\libctru.a(dsp.o)
                0x0014d078                dspExit
 .text.dspHook  0x0014d104       0x24 C:/devkitPro/libctru/lib\libctru.a(dsp.o)
                0x0014d104                dspHook
 .text.dspUnhook
                0x0014d128       0x30 C:/devkitPro/libctru/lib\libctru.a(dsp.o)
                0x0014d128                dspUnhook
 .text.aptDspSleep
                0x0014d158       0xb4 C:/devkitPro/libctru/lib\libctru.a(dsp.o)
                0x0014d158                aptDspSleep
 .text.aptDspWakeup
                0x0014d20c       0xb4 C:/devkitPro/libctru/lib\libctru.a(dsp.o)
                0x0014d20c                aptDspWakeup
 .text.aptDspCancel
                0x0014d2c0       0x44 C:/devkitPro/libctru/lib\libctru.a(dsp.o)
                0x0014d2c0                aptDspCancel
 .text.DSP_FlushDataCache
                0x0014d304       0x50 C:/devkitPro/libctru/lib\libctru.a(dsp.o)
                0x0014d304                DSP_FlushDataCache
 .text.DSP_SetSemaphore
                0x0014d354       0x34 C:/devkitPro/libctru/lib\libctru.a(dsp.o)
                0x0014d354                DSP_SetSemaphore
 .text.DSP_SetSemaphoreMask
                0x0014d388       0x34 C:/devkitPro/libctru/lib\libctru.a(dsp.o)
                0x0014d388                DSP_SetSemaphoreMask
 .text.DSP_GetSemaphoreHandle
                0x0014d3bc       0x38 C:/devkitPro/libctru/lib\libctru.a(dsp.o)
                0x0014d3bc                DSP_GetSemaphoreHandle
 .text.DSP_LoadComponent
                0x0014d3f4       0x3c C:/devkitPro/libctru/lib\libctru.a(dsp.o)
                0x0014d3f4                DSP_LoadComponent
 .text.DSP_RegisterInterruptEvents
                0x0014d430       0x44 C:/devkitPro/libctru/lib\libctru.a(dsp.o)
                0x0014d430                DSP_RegisterInterruptEvents
 .text.DSP_ReadPipeIfPossible
                0x0014d474       0x78 C:/devkitPro/libctru/lib\libctru.a(dsp.o)
                0x0014d474                DSP_ReadPipeIfPossible
 .text.DSP_WriteProcessPipe
                0x0014d4ec       0x4c C:/devkitPro/libctru/lib\libctru.a(dsp.o)
                0x0014d4ec                DSP_WriteProcessPipe
 .text.DSP_ConvertProcessAddressFromDspDram
                0x0014d538       0x44 C:/devkitPro/libctru/lib\libctru.a(dsp.o)
                0x0014d538                DSP_ConvertProcessAddressFromDspDram
 .text.DSP_RecvData
                0x0014d57c       0x44 C:/devkitPro/libctru/lib\libctru.a(dsp.o)
                0x0014d57c                DSP_RecvData
 .text.DSP_RecvDataIsReady
                0x0014d5c0       0x50 C:/devkitPro/libctru/lib\libctru.a(dsp.o)
                0x0014d5c0                DSP_RecvDataIsReady
 .text.fsInit   0x0014d610      0x104 C:/devkitPro/libctru/lib\libctru.a(fs.o)
                0x0014d610                fsInit
 .text.fsExit   0x0014d714       0x3c C:/devkitPro/libctru/lib\libctru.a(fs.o)
                0x0014d714                fsExit
 .text.fsExemptFromSession
                0x0014d750       0x68 C:/devkitPro/libctru/lib\libctru.a(fs.o)
                0x0014d750                fsExemptFromSession
 .text.fsUnexemptFromSession
                0x0014d7b8       0x50 C:/devkitPro/libctru/lib\libctru.a(fs.o)
                0x0014d7b8                fsUnexemptFromSession
 .text.FSUSER_OpenFile
                0x0014d808       0xcc C:/devkitPro/libctru/lib\libctru.a(fs.o)
                0x0014d808                FSUSER_OpenFile
 .text.FSUSER_OpenFileDirectly
                0x0014d8d4       0xcc C:/devkitPro/libctru/lib\libctru.a(fs.o)
                0x0014d8d4                FSUSER_OpenFileDirectly
 .text.FSUSER_DeleteFile
                0x0014d9a0       0xb8 C:/devkitPro/libctru/lib\libctru.a(fs.o)
                0x0014d9a0                FSUSER_DeleteFile
 .text.FSUSER_RenameFile
                0x0014da58       0xf4 C:/devkitPro/libctru/lib\libctru.a(fs.o)
                0x0014da58                FSUSER_RenameFile
 .text.FSUSER_DeleteDirectory
                0x0014db4c       0xb8 C:/devkitPro/libctru/lib\libctru.a(fs.o)
                0x0014db4c                FSUSER_DeleteDirectory
 .text.FSUSER_CreateFile
                0x0014dc04       0xd0 C:/devkitPro/libctru/lib\libctru.a(fs.o)
                0x0014dc04                FSUSER_CreateFile
 .text.FSUSER_CreateDirectory
                0x0014dcd4       0xc0 C:/devkitPro/libctru/lib\libctru.a(fs.o)
                0x0014dcd4                FSUSER_CreateDirectory
 .text.FSUSER_RenameDirectory
                0x0014dd94       0xf4 C:/devkitPro/libctru/lib\libctru.a(fs.o)
                0x0014dd94                FSUSER_RenameDirectory
 .text.FSUSER_OpenDirectory
                0x0014de88       0xb4 C:/devkitPro/libctru/lib\libctru.a(fs.o)
                0x0014de88                FSUSER_OpenDirectory
 .text.FSUSER_OpenArchive
                0x0014df3c       0x90 C:/devkitPro/libctru/lib\libctru.a(fs.o)
                0x0014df3c                FSUSER_OpenArchive
 .text.FSUSER_CloseArchive
                0x0014dfcc       0x8c C:/devkitPro/libctru/lib\libctru.a(fs.o)
                0x0014dfcc                FSUSER_CloseArchive
 .text.FSUSER_GetSdmcArchiveResource
                0x0014e058       0x74 C:/devkitPro/libctru/lib\libctru.a(fs.o)
                0x0014e058                FSUSER_GetSdmcArchiveResource
 .text.FSUSER_IsSdmcWritable
                0x0014e0cc       0x64 C:/devkitPro/libctru/lib\libctru.a(fs.o)
                0x0014e0cc                FSUSER_IsSdmcWritable
 .text.FSFILE_Read
                0x0014e130       0x64 C:/devkitPro/libctru/lib\libctru.a(fs.o)
                0x0014e130                FSFILE_Read
 .text.FSFILE_Write
                0x0014e194       0x6c C:/devkitPro/libctru/lib\libctru.a(fs.o)
                0x0014e194                FSFILE_Write
 .text.FSFILE_GetSize
                0x0014e200       0x44 C:/devkitPro/libctru/lib\libctru.a(fs.o)
                0x0014e200                FSFILE_GetSize
 .text.FSFILE_SetSize
                0x0014e244       0x28 C:/devkitPro/libctru/lib\libctru.a(fs.o)
                0x0014e244                FSFILE_SetSize
 .text.FSFILE_Close
                0x0014e26c       0x3c C:/devkitPro/libctru/lib\libctru.a(fs.o)
                0x0014e26c                FSFILE_Close
 .text.FSFILE_Flush
                0x0014e2a8       0x24 C:/devkitPro/libctru/lib\libctru.a(fs.o)
                0x0014e2a8                FSFILE_Flush
 .text.FSDIR_Read
                0x0014e2cc       0x60 C:/devkitPro/libctru/lib\libctru.a(fs.o)
                0x0014e2cc                FSDIR_Read
 .text.FSDIR_Close
                0x0014e32c       0x3c C:/devkitPro/libctru/lib\libctru.a(fs.o)
                0x0014e32c                FSDIR_Close
 .text.gspHardwareInit
                0x0014e368      0xc70 C:/devkitPro/libctru/lib\libctru.a(gspgpu.o)
 .text.gspInit  0x0014efd8      0x288 C:/devkitPro/libctru/lib\libctru.a(gspgpu.o)
                0x0014efd8                gspInit
 .text.gspExit  0x0014f260      0x104 C:/devkitPro/libctru/lib\libctru.a(gspgpu.o)
                0x0014f260                gspExit
 .text.gspHasGpuRight
                0x0014f364       0x10 C:/devkitPro/libctru/lib\libctru.a(gspgpu.o)
                0x0014f364                gspHasGpuRight
 .text.gspPresentBuffer
                0x0014f374       0xa4 C:/devkitPro/libctru/lib\libctru.a(gspgpu.o)
                0x0014f374                gspPresentBuffer
 .text.gspWaitForEvent
                0x0014f418       0x50 C:/devkitPro/libctru/lib\libctru.a(gspgpu.o)
                0x0014f418                gspWaitForEvent
 .text.gxCmdQueueInterrupt
                0x0014f468        0x4 C:/devkitPro/libctru/lib\libctru.a(gspgpu.o)
                0x0014f468                gxCmdQueueInterrupt
 .text.gspEventThreadMain
                0x0014f46c      0x154 C:/devkitPro/libctru/lib\libctru.a(gspgpu.o)
 .text.GSPGPU_FlushDataCache
                0x0014f5c0       0x50 C:/devkitPro/libctru/lib\libctru.a(gspgpu.o)
                0x0014f5c0                GSPGPU_FlushDataCache
 .text.GSPGPU_SetLcdForceBlack
                0x0014f610       0x34 C:/devkitPro/libctru/lib\libctru.a(gspgpu.o)
                0x0014f610                GSPGPU_SetLcdForceBlack
 .text.GSPGPU_AcquireRight
                0x0014f644       0x84 C:/devkitPro/libctru/lib\libctru.a(gspgpu.o)
                0x0014f644                GSPGPU_AcquireRight
 .text.GSPGPU_ReleaseRight
                0x0014f6c8       0x64 C:/devkitPro/libctru/lib\libctru.a(gspgpu.o)
                0x0014f6c8                GSPGPU_ReleaseRight
 .text.GSPGPU_ImportDisplayCaptureInfo
                0x0014f72c       0x7c C:/devkitPro/libctru/lib\libctru.a(gspgpu.o)
                0x0014f72c                GSPGPU_ImportDisplayCaptureInfo
 .text.GSPGPU_SaveVramSysArea
                0x0014f7a8       0x2c C:/devkitPro/libctru/lib\libctru.a(gspgpu.o)
                0x0014f7a8                GSPGPU_SaveVramSysArea
 .text.GSPGPU_RestoreVramSysArea
                0x0014f7d4       0x2c C:/devkitPro/libctru/lib\libctru.a(gspgpu.o)
                0x0014f7d4                GSPGPU_RestoreVramSysArea
 .text.hidShouldUseIrrst
                0x0014f800       0x24 C:/devkitPro/libctru/lib\libctru.a(hid.o)
                0x0014f800                hidShouldUseIrrst
 .text.hidInit  0x0014f824      0x1cc C:/devkitPro/libctru/lib\libctru.a(hid.o)
                0x0014f824                hidInit
 .text.hidExit  0x0014f9f0       0xe8 C:/devkitPro/libctru/lib\libctru.a(hid.o)
                0x0014f9f0                hidExit
 .text.hidScanInput
                0x0014fad8      0x2a0 C:/devkitPro/libctru/lib\libctru.a(hid.o)
                0x0014fad8                hidScanInput
 .text.hidKeysDown
                0x0014fd78       0x10 C:/devkitPro/libctru/lib\libctru.a(hid.o)
                0x0014fd78                hidKeysDown
 .text.hidKeysUp
                0x0014fd88       0x10 C:/devkitPro/libctru/lib\libctru.a(hid.o)
                0x0014fd88                hidKeysUp
 .text.hidTouchRead
                0x0014fd98       0x18 C:/devkitPro/libctru/lib\libctru.a(hid.o)
                0x0014fd98                hidTouchRead
 .text.irrstInit
                0x0014fdb0      0x1a4 C:/devkitPro/libctru/lib\libctru.a(irrst.o)
                0x0014fdb0                irrstInit
 .text.irrstExit
                0x0014ff54       0xdc C:/devkitPro/libctru/lib\libctru.a(irrst.o)
                0x0014ff54                irrstExit
 .text.irrstScanInput
                0x00150030       0xb4 C:/devkitPro/libctru/lib\libctru.a(irrst.o)
                0x00150030                irrstScanInput
 .text.irrstKeysHeld
                0x001500e4       0x24 C:/devkitPro/libctru/lib\libctru.a(irrst.o)
                0x001500e4                irrstKeysHeld
 .text.ptmSysmInit
                0x00150108       0x78 C:/devkitPro/libctru/lib\libctru.a(ptmsysm.o)
                0x00150108                ptmSysmInit
 .text.ptmSysmExit
                0x00150180       0x3c C:/devkitPro/libctru/lib\libctru.a(ptmsysm.o)
                0x00150180                ptmSysmExit
 .text.PTMSYSM_ConfigureNew3DSCPU
                0x001501bc       0x34 C:/devkitPro/libctru/lib\libctru.a(ptmsysm.o)
                0x001501bc                PTMSYSM_ConfigureNew3DSCPU
 .text.rbtree_find
                0x001501f0       0x74 C:/devkitPro/libctru/lib\libctru.a(rbtree_find.o)
                0x001501f0                rbtree_find
 .text.rbtree_init
                0x00150264       0x10 C:/devkitPro/libctru/lib\libctru.a(rbtree_init.o)
                0x00150264                rbtree_init
 .text.do_insert
                0x00150274      0x198 C:/devkitPro/libctru/lib\libctru.a(rbtree_insert.o)
 .text.rbtree_insert
                0x0015040c        0x8 C:/devkitPro/libctru/lib\libctru.a(rbtree_insert.o)
                0x0015040c                rbtree_insert
 .text.rbtree_remove
                0x00150414      0x310 C:/devkitPro/libctru/lib\libctru.a(rbtree_remove.o)
                0x00150414                rbtree_remove
 .text.rbtree_rotate
                0x00150724       0x90 C:/devkitPro/libctru/lib\libctru.a(rbtree_rotate.o)
                0x00150724                rbtree_rotate
 .text.utf16_to_utf8
                0x001507b4       0xe8 C:/devkitPro/libctru/lib\libctru.a(utf16_to_utf8.o)
                0x001507b4                utf16_to_utf8
 .text.utf8_to_utf16
                0x0015089c       0xc0 C:/devkitPro/libctru/lib\libctru.a(utf8_to_utf16.o)
                0x0015089c                utf8_to_utf16
 *fill*         0x0015095c        0x4 
 .text.__system_allocateHeaps
                0x00150960      0x1e8 C:/devkitPro/libctru/lib\libctru.a(allocateHeaps.o)
                0x00150960                __system_allocateHeaps
 .text.__libctru_init
                0x00150b48       0x38 C:/devkitPro/libctru/lib\libctru.a(ctru_init.o)
                0x00150b48                __libctru_init
 .text.__system_initArgv
                0x00150b80      0x16c C:/devkitPro/libctru/lib\libctru.a(initArgv.o)
                0x00150b80                __system_initArgv
 .text.__syscall_getreent
                0x00150cec       0x30 C:/devkitPro/libctru/lib\libctru.a(syscalls.o)
                0x00150cec                __syscall_getreent
 .text.__syscall_gettod_r
                0x00150d1c       0x64 C:/devkitPro/libctru/lib\libctru.a(syscalls.o)
                0x00150d1c                __syscall_gettod_r
 .text.__syscall_lock_acquire
                0x00150d80        0x4 C:/devkitPro/libctru/lib\libctru.a(syscalls.o)
                0x00150d80                __syscall_lock_acquire
 .text.__syscall_lock_release
                0x00150d84        0x4 C:/devkitPro/libctru/lib\libctru.a(syscalls.o)
                0x00150d84                __syscall_lock_release
 .text.__syscall_lock_acquire_recursive
                0x00150d88        0x4 C:/devkitPro/libctru/lib\libctru.a(syscalls.o)
                0x00150d88                __syscall_lock_acquire_recursive
 .text.__syscall_lock_release_recursive
                0x00150d8c        0x4 C:/devkitPro/libctru/lib\libctru.a(syscalls.o)
                0x00150d8c                __syscall_lock_release_recursive
 .text.__syscall_exit
                0x00150d90        0x4 C:/devkitPro/libctru/lib\libctru.a(syscalls.o)
                0x00150d90                __syscall_exit
 .text.initThreadVars
                0x00150d94       0x54 C:/devkitPro/libctru/lib\libctru.a(syscalls.o)
                0x00150d94                initThreadVars
 .text.__system_initSyscalls
                0x00150de8       0x80 C:/devkitPro/libctru/lib\libctru.a(syscalls.o)
                0x00150de8                __system_initSyscalls
 .text.svcControlMemory
                0x00150e68       0x20 C:/devkitPro/libctru/lib\libctru.a(svc.o)
                0x00150e68                svcControlMemory
 .text.svcQueryMemory
                0x00150e88       0x30 C:/devkitPro/libctru/lib\libctru.a(svc.o)
                0x00150e88                svcQueryMemory
 .text.svcExitProcess
                0x00150eb8        0x8 C:/devkitPro/libctru/lib\libctru.a(svc.o)
                0x00150eb8                svcExitProcess
 .text.svcCreateThread
                0x00150ec0       0x20 C:/devkitPro/libctru/lib\libctru.a(svc.o)
                0x00150ec0                svcCreateThread
 .text.svcExitThread
                0x00150ee0        0x8 C:/devkitPro/libctru/lib\libctru.a(svc.o)
                0x00150ee0                svcExitThread
 .text.svcSleepThread
                0x00150ee8        0x8 C:/devkitPro/libctru/lib\libctru.a(svc.o)
                0x00150ee8                svcSleepThread
 .text.svcReleaseMutex
                0x00150ef0        0x8 C:/devkitPro/libctru/lib\libctru.a(svc.o)
                0x00150ef0                svcReleaseMutex
 .text.svcCreateEvent
                0x00150ef8       0x14 C:/devkitPro/libctru/lib\libctru.a(svc.o)
                0x00150ef8                svcCreateEvent
 .text.svcSignalEvent
                0x00150f0c        0x8 C:/devkitPro/libctru/lib\libctru.a(svc.o)
                0x00150f0c                svcSignalEvent
 .text.svcClearEvent
                0x00150f14        0x8 C:/devkitPro/libctru/lib\libctru.a(svc.o)
                0x00150f14                svcClearEvent
 .text.svcMapMemoryBlock
                0x00150f1c        0x8 C:/devkitPro/libctru/lib\libctru.a(svc.o)
                0x00150f1c                svcMapMemoryBlock
 .text.svcUnmapMemoryBlock
                0x00150f24        0x8 C:/devkitPro/libctru/lib\libctru.a(svc.o)
                0x00150f24                svcUnmapMemoryBlock
 .text.svcCreateAddressArbiter
                0x00150f2c       0x14 C:/devkitPro/libctru/lib\libctru.a(svc.o)
                0x00150f2c                svcCreateAddressArbiter
 .text.svcArbitrateAddressNoTimeout
                0x00150f40        0x8 C:/devkitPro/libctru/lib\libctru.a(svc.o)
                0x00150f40                svcArbitrateAddressNoTimeout
 .text.svcCloseHandle
                0x00150f48        0x8 C:/devkitPro/libctru/lib\libctru.a(svc.o)
                0x00150f48                svcCloseHandle
 .text.svcWaitSynchronization
                0x00150f50        0x8 C:/devkitPro/libctru/lib\libctru.a(svc.o)
                0x00150f50                svcWaitSynchronization
 .text.svcWaitSynchronizationN
                0x00150f58       0x28 C:/devkitPro/libctru/lib\libctru.a(svc.o)
                0x00150f58                svcWaitSynchronizationN
 .text.svcDuplicateHandle
                0x00150f80       0x14 C:/devkitPro/libctru/lib\libctru.a(svc.o)
                0x00150f80                svcDuplicateHandle
 .text.svcGetSystemTick
                0x00150f94        0x8 C:/devkitPro/libctru/lib\libctru.a(svc.o)
                0x00150f94                svcGetSystemTick
 .text.svcConnectToPort
                0x00150f9c       0x14 C:/devkitPro/libctru/lib\libctru.a(svc.o)
                0x00150f9c                svcConnectToPort
 .text.svcSendSyncRequest
                0x00150fb0        0x8 C:/devkitPro/libctru/lib\libctru.a(svc.o)
                0x00150fb0                svcSendSyncRequest
 .text.svcGetResourceLimit
                0x00150fb8       0x14 C:/devkitPro/libctru/lib\libctru.a(svc.o)
                0x00150fb8                svcGetResourceLimit
 .text.svcGetResourceLimitLimitValues
                0x00150fcc        0x8 C:/devkitPro/libctru/lib\libctru.a(svc.o)
                0x00150fcc                svcGetResourceLimitLimitValues
 .text.svcGetResourceLimitCurrentValues
                0x00150fd4        0x8 C:/devkitPro/libctru/lib\libctru.a(svc.o)
                0x00150fd4                svcGetResourceLimitCurrentValues
 .text.svcBreak
                0x00150fdc        0x8 C:/devkitPro/libctru/lib\libctru.a(svc.o)
                0x00150fdc                svcBreak
 .text.__aeabi_read_tp
                0x00150fe4        0xc C:/devkitPro/libctru/lib\libctru.a(readtp.o)
                0x00150fe4                __aeabi_read_tp
 .text.initSystem
                0x00150ff0       0x50 C:/devkitPro/libctru/lib\libctru.a(stack_adjust.o)
                0x00150ff0                initSystem
 .text.__ctru_exit
                0x00151040       0x14 C:/devkitPro/libctru/lib\libctru.a(stack_adjust.o)
                0x00151040                __ctru_exit
 .text._ZL21addrMapNodeComparatorPK11rbtree_nodeS1_
                0x00151054       0x24 C:/devkitPro/libctru/lib\libctru.a(vram.o)
 .text._ZL21addrMapNodeDestructorP11rbtree_node
                0x00151078        0x4 C:/devkitPro/libctru/lib\libctru.a(vram.o)
 .text.vramMemAlignAt
                0x0015107c      0x248 C:/devkitPro/libctru/lib\libctru.a(vram.o)
                0x0015107c                vramMemAlignAt
 .text.vramAlloc
                0x001512c4        0xc C:/devkitPro/libctru/lib\libctru.a(vram.o)
                0x001512c4                vramAlloc
 .text.vramFree
                0x001512d0       0x94 C:/devkitPro/libctru/lib\libctru.a(vram.o)
                0x001512d0                vramFree
 .text.envGetHandle
                0x00151364       0x8c C:/devkitPro/libctru/lib\libctru.a(env.o)
                0x00151364                envGetHandle
 .text.envDestroyHandles
                0x001513f0       0x50 C:/devkitPro/libctru/lib\libctru.a(env.o)
                0x001513f0                envDestroyHandles
 .text.srvInit  0x00151440      0x164 C:/devkitPro/libctru/lib\libctru.a(srv.o)
                0x00151440                srvInit
 .text.srvExit  0x001515a4       0x64 C:/devkitPro/libctru/lib\libctru.a(srv.o)
                0x001515a4                srvExit
 .text.srvEnableNotification
                0x00151608       0x60 C:/devkitPro/libctru/lib\libctru.a(srv.o)
                0x00151608                srvEnableNotification
 .text.srvGetServiceHandleDirect
                0x00151668       0xa0 C:/devkitPro/libctru/lib\libctru.a(srv.o)
                0x00151668                srvGetServiceHandleDirect
 .text.srvGetServiceHandle
                0x00151708       0x48 C:/devkitPro/libctru/lib\libctru.a(srv.o)
                0x00151708                srvGetServiceHandle
 .text.srvSubscribe
                0x00151750       0x34 C:/devkitPro/libctru/lib\libctru.a(srv.o)
                0x00151750                srvSubscribe
 .text.srvReceiveNotification
                0x00151784       0x60 C:/devkitPro/libctru/lib\libctru.a(srv.o)
                0x00151784                srvReceiveNotification
 .text.srvPublishToSubscriber
                0x001517e4       0x38 C:/devkitPro/libctru/lib\libctru.a(srv.o)
                0x001517e4                srvPublishToSubscriber
 .text.__sync_init
                0x0015181c        0xc C:/devkitPro/libctru/lib\libctru.a(synchronization.o)
                0x0015181c                __sync_init
 .text.__sync_fini
                0x00151828       0x18 C:/devkitPro/libctru/lib\libctru.a(synchronization.o)
                0x00151828                __sync_fini
 .text.syncArbitrateAddress
                0x00151840       0x28 C:/devkitPro/libctru/lib\libctru.a(synchronization.o)
                0x00151840                syncArbitrateAddress
 .text.LightLock_Init
                0x00151868       0x1c C:/devkitPro/libctru/lib\libctru.a(synchronization.o)
                0x00151868                LightLock_Init
 .text.LightLock_Lock
                0x00151884       0xac C:/devkitPro/libctru/lib\libctru.a(synchronization.o)
                0x00151884                LightLock_Lock
 .text.LightLock_Unlock
                0x00151930       0x40 C:/devkitPro/libctru/lib\libctru.a(synchronization.o)
                0x00151930                LightLock_Unlock
 .text.RecursiveLock_Lock
                0x00151970       0x54 C:/devkitPro/libctru/lib\libctru.a(synchronization.o)
                0x00151970                RecursiveLock_Lock
 .text.RecursiveLock_Unlock
                0x001519c4       0x54 C:/devkitPro/libctru/lib\libctru.a(synchronization.o)
                0x001519c4                RecursiveLock_Unlock
 .text.LightEvent_Init
                0x00151a18       0x44 C:/devkitPro/libctru/lib\libctru.a(synchronization.o)
                0x00151a18                LightEvent_Init
 .text.LightEvent_Clear
                0x00151a5c       0xb8 C:/devkitPro/libctru/lib\libctru.a(synchronization.o)
                0x00151a5c                LightEvent_Clear
 .text.LightEvent_Signal
                0x00151b14       0xdc C:/devkitPro/libctru/lib\libctru.a(synchronization.o)
                0x00151b14                LightEvent_Signal
 .text.LightEvent_TryWait
                0x00151bf0       0x50 C:/devkitPro/libctru/lib\libctru.a(synchronization.o)
                0x00151bf0                LightEvent_TryWait
 .text.LightEvent_Wait
                0x00151c40       0xac C:/devkitPro/libctru/lib\libctru.a(synchronization.o)
                0x00151c40                LightEvent_Wait
 .text.mappableFindAddressWithin
                0x00151cec       0x90 C:/devkitPro/libctru/lib\libctru.a(mappable.o)
 .text.mappableInit
                0x00151d7c       0x28 C:/devkitPro/libctru/lib\libctru.a(mappable.o)
                0x00151d7c                mappableInit
 .text.mappableAlloc
                0x00151da4       0x7c C:/devkitPro/libctru/lib\libctru.a(mappable.o)
                0x00151da4                mappableAlloc
 .text.mappableFree
                0x00151e20        0x4 C:/devkitPro/libctru/lib\libctru.a(mappable.o)
                0x00151e20                mappableFree
 .text.srvPmGetSessionHandle
                0x00151e24        0xc C:/devkitPro/libctru/lib\libctru.a(srvpm.o)
                0x00151e24                srvPmGetSessionHandle
 .text.rbtree_node_next
                0x00151e30       0x60 C:/devkitPro/libctru/lib\libctru.a(rbtree_iterator.o)
                0x00151e30                rbtree_node_next
 .text.decode_utf16
                0x00151e90       0x54 C:/devkitPro/libctru/lib\libctru.a(decode_utf16.o)
                0x00151e90                decode_utf16
 .text.decode_utf8
                0x00151ee4      0x140 C:/devkitPro/libctru/lib\libctru.a(decode_utf8.o)
                0x00151ee4                decode_utf8
 .text.encode_utf16
                0x00152024       0x54 C:/devkitPro/libctru/lib\libctru.a(encode_utf16.o)
                0x00152024                encode_utf16
 .text.encode_utf8
                0x00152078       0xe0 C:/devkitPro/libctru/lib\libctru.a(encode_utf8.o)
                0x00152078                encode_utf8
 .text.__appExit